 IlmImf_dll_d

 Timestamp is 44d97e71 (Tue Aug 08 23:19:29 2006)

 Preferred load address is 10000000

 Start         Length     Name                   Class
 0001:00000000 0005d3edH .textbss                DATA
 0002:00000000 000b7764H .text                   CODE
 0002:000b7770 0000c994H .text$x                 CODE
 0002:000c4110 0000109cH .text$yd                CODE
 0003:00000000 00000104H .CRT$XCA                DATA
 0003:00000104 00000104H .CRT$XCZ                DATA
 0003:00000208 00000104H .CRT$XIA                DATA
 0003:0000030c 00000104H .CRT$XIAA               DATA
 0003:00000410 00000104H .CRT$XIC                DATA
 0003:00000514 00000104H .CRT$XIZ                DATA
 0003:00000620 0000c8f9H .rdata                  DATA
 0003:0000cf1c 00000157H .rdata$debug            DATA
 0003:0000d074 00002006H .rdata$r                DATA
 0003:0000f07c 00000104H .rtc$IAA                DATA
 0003:0000f180 000001feH .rtc$IMZ                DATA
 0003:0000f380 00000104H .rtc$IZZ                DATA
 0003:0000f484 00000104H .rtc$TAA                DATA
 0003:0000f588 000001feH .rtc$TMZ                DATA
 0003:0000f788 00000104H .rtc$TZZ                DATA
 0003:0000f890 0000bd65H .xdata$x                DATA
 0003:0001b5f5 00000000H .edata                  DATA
 0004:00000000 00001296H .data                   DATA
 0004:00001298 00000960H .bss                    DATA
 0005:00000000 0000008cH .idata$2                DATA
 0005:0000008c 00000014H .idata$3                DATA
 0005:000000a0 00000480H .idata$4                DATA
 0005:00000520 00000480H .idata$5                DATA
 0005:000009a0 00001f95H .idata$6                DATA

  Address         Publics by Value              Rva+Base       Lib:Object

 0000:00000000       __except_list              00000000     <absolute>
 0000:00000000       ___safe_se_handler_table   00000000     <absolute>
 0000:00000000       ___safe_se_handler_count   00000000     <absolute>
 0000:00009876       __fltused                  00009876     <absolute>
 0000:00009876       __ldused                   00009876     <absolute>
 0000:00000000       ___ImageBase               10000000     <linker-defined>
 0001:00000000       __enc$textbss$begin        10001000     <linker-defined>
 0001:0005d3ed       __enc$textbss$end          1005e3ed     <linker-defined>
 0002:00008550       ??0Attribute@Imf@@QAE@XZ   10067550 f   ImfAttribute.obj
 0002:000085a0       ??_GAttribute@Imf@@UAEPAXI@Z 100675a0 f i ImfAttribute.obj
 0002:000085a0       ??_EAttribute@Imf@@UAEPAXI@Z 100675a0 f i ImfAttribute.obj
 0002:00008610       ??1Attribute@Imf@@UAE@XZ   10067610 f   ImfAttribute.obj
 0002:00008650       ?typeMap@?A0xa1908c12@Imf@@YAAAVLockedTypeMap@12@XZ 10067650 f   ImfAttribute.obj
 0002:00008800       ??0Lock@IlmThread@@QAE@ABVMutex@1@_N@Z 10067800 f i ImfAttribute.obj
 0002:00008880       ??1Lock@IlmThread@@QAE@XZ  10067880 f i ImfAttribute.obj
 0002:000088e0       ??0LockedTypeMap@?A0xa1908c12@Imf@@QAE@XZ 100678e0 f i ImfAttribute.obj
 0002:00008990       ??1?$map@PBDP6APAVAttribute@Imf@@XZUNameCompare@?A0xa1908c12@2@V?$allocator@U?$pair@QBDP6APAVAttribute@Imf@@XZ@std@@@std@@@std@@QAE@XZ 10067990 f i ImfAttribute.obj
 0002:000089e0       ?knownType@Attribute@Imf@@SA_NQBD@Z 100679e0 f   ImfAttribute.obj
 0002:00008b80       ??1iterator@?$_Tree@V?$_Tmap_traits@PBDP6APAVAttribute@Imf@@XZUNameCompare@?A0xa1908c12@2@V?$allocator@U?$pair@QBDP6APAVAttribute@Imf@@XZ@std@@@std@@$0A@@std@@@std@@QAE@XZ 10067b80 f i ImfAttribute.obj
 0002:00008bd0       ??1const_iterator@?$_Tree@V?$_Tmap_traits@PBDP6APAVAttribute@Imf@@XZUNameCompare@?A0xa1908c12@2@V?$allocator@U?$pair@QBDP6APAVAttribute@Imf@@XZ@std@@@std@@$0A@@std@@@std@@QAE@XZ 10067bd0 f i ImfAttribute.obj
 0002:00008c20       ??1?$_Bidit@U?$pair@QBDP6APAVAttribute@Imf@@XZ@std@@HPBU12@ABU12@@std@@QAE@XZ 10067c20 f i ImfAttribute.obj
 0002:00008c70       ??1_Iterator_base@std@@QAE@XZ 10067c70 f i ImfAttribute.obj
 0002:00008d70       ?_Orphan_me@_Iterator_base@std@@QAEXXZ 10067d70 f i ImfAttribute.obj
 0002:00008e50       ?registerAttributeType@Attribute@Imf@@KAXQBDP6APAV12@XZ@Z 10067e50 f   ImfAttribute.obj
 0002:00009120       ??0ArgExc@Iex@@QAE@AAV?$basic_stringstream@DU?$char_traits@D@std@@V?$allocator@D@2@@std@@@Z 10068120 f i ImfAttribute.obj
 0002:00009190       ??_EArgExc@Iex@@UAEPAXI@Z  10068190 f i ImfAttribute.obj
 0002:00009190       ??_GArgExc@Iex@@UAEPAXI@Z  10068190 f i ImfAttribute.obj
 0002:00009200       ??1ArgExc@Iex@@UAE@XZ      10068200 f i ImfAttribute.obj
 0002:00009250       ??1?$pair@Viterator@?$_Tree@V?$_Tmap_traits@PBDP6APAVAttribute@Imf@@XZUNameCompare@?A0xa1908c12@2@V?$allocator@U?$pair@QBDP6APAVAttribute@Imf@@XZ@std@@@std@@$0A@@std@@@std@@_N@std@@QAE@XZ 10068250 f i ImfAttribute.obj
 0002:000092a0       ??0ArgExc@Iex@@QAE@ABV01@@Z 100682a0 f i ImfAttribute.obj
 0002:00009310       ?unRegisterAttributeType@Attribute@Imf@@KAXQBD@Z 10068310 f   ImfAttribute.obj
 0002:00009410       ?newAttribute@Attribute@Imf@@SAPAV12@QBD@Z 10068410 f   ImfAttribute.obj
 0002:00009700       ??0const_iterator@?$_Tree@V?$_Tmap_traits@PBDP6APAVAttribute@Imf@@XZUNameCompare@?A0xa1908c12@2@V?$allocator@U?$pair@QBDP6APAVAttribute@Imf@@XZ@std@@@std@@$0A@@std@@@std@@QAE@ABV012@@Z 10068700 f i ImfAttribute.obj
 0002:00009770       ??0?$_Bidit@U?$pair@QBDP6APAVAttribute@Imf@@XZ@std@@HPBU12@ABU12@@std@@QAE@ABU01@@Z 10068770 f i ImfAttribute.obj
 0002:000097d0       ??0_Iterator_base@std@@QAE@ABV01@@Z 100687d0 f i ImfAttribute.obj
 0002:00009850       ??4_Iterator_base@std@@QAEAAV01@ABV01@@Z 10068850 f i ImfAttribute.obj
 0002:00009980       ?_Adopt@_Iterator_base@std@@QAEXPBV_Container_base@2@@Z 10068980 f i ImfAttribute.obj
 0002:00009ac0       ??0?$map@PBDP6APAVAttribute@Imf@@XZUNameCompare@?A0xa1908c12@2@V?$allocator@U?$pair@QBDP6APAVAttribute@Imf@@XZ@std@@@std@@@std@@QAE@XZ 10068ac0 f i ImfAttribute.obj
 0002:00009b30       ??1?$_Tree@V?$_Tmap_traits@PBDP6APAVAttribute@Imf@@XZUNameCompare@?A0xa1908c12@2@V?$allocator@U?$pair@QBDP6APAVAttribute@Imf@@XZ@std@@@std@@$0A@@std@@@std@@QAE@XZ 10068b30 f i ImfAttribute.obj
 0002:00009bd0       ?end@?$_Tree@V?$_Tmap_traits@PBDP6APAVAttribute@Imf@@XZUNameCompare@?A0xa1908c12@2@V?$allocator@U?$pair@QBDP6APAVAttribute@Imf@@XZ@std@@@std@@$0A@@std@@@std@@QAE?AViterator@12@XZ 10068bd0 f i ImfAttribute.obj
 0002:00009c60       ?insert@?$_Tree@V?$_Tmap_traits@PBDP6APAVAttribute@Imf@@XZUNameCompare@?A0xa1908c12@2@V?$allocator@U?$pair@QBDP6APAVAttribute@Imf@@XZ@std@@@std@@$0A@@std@@@std@@QAE?AU?$pair@Viterator@?$_Tree@V?$_Tmap_traits@PBDP6APAVAttribute@Imf@@XZUNameCompare@?A0xa1908c12@2@V?$allocator@U?$pair@QBDP6APAVAttribute@Imf@@XZ@std@@@std@@$0A@@std@@@std@@_N@2@ABU?$pair@QBDP6APAVAttribute@Imf@@XZ@2@@Z 10068c60 f i ImfAttribute.obj
 0002:0000a120       ?erase@?$_Tree@V?$_Tmap_traits@PBDP6APAVAttribute@Imf@@XZUNameCompare@?A0xa1908c12@2@V?$allocator@U?$pair@QBDP6APAVAttribute@Imf@@XZ@std@@@std@@$0A@@std@@@std@@QAEIABQBD@Z 10069120 f i ImfAttribute.obj
 0002:0000a320       ?find@?$_Tree@V?$_Tmap_traits@PBDP6APAVAttribute@Imf@@XZUNameCompare@?A0xa1908c12@2@V?$allocator@U?$pair@QBDP6APAVAttribute@Imf@@XZ@std@@@std@@$0A@@std@@@std@@QAE?AViterator@12@ABQBD@Z 10069320 f i ImfAttribute.obj
 0002:0000a5a0       ??Cconst_iterator@?$_Tree@V?$_Tmap_traits@PBDP6APAVAttribute@Imf@@XZUNameCompare@?A0xa1908c12@2@V?$allocator@U?$pair@QBDP6APAVAttribute@Imf@@XZ@std@@@std@@$0A@@std@@@std@@QBEPBU?$pair@QBDP6APAVAttribute@Imf@@XZ@2@XZ 100695a0 f i ImfAttribute.obj
 0002:0000a5f0       ??8const_iterator@?$_Tree@V?$_Tmap_traits@PBDP6APAVAttribute@Imf@@XZUNameCompare@?A0xa1908c12@2@V?$allocator@U?$pair@QBDP6APAVAttribute@Imf@@XZ@std@@@std@@$0A@@std@@@std@@QBE_NABV012@@Z 100695f0 f i ImfAttribute.obj
 0002:0000a700       ??9const_iterator@?$_Tree@V?$_Tmap_traits@PBDP6APAVAttribute@Imf@@XZUNameCompare@?A0xa1908c12@2@V?$allocator@U?$pair@QBDP6APAVAttribute@Imf@@XZ@std@@@std@@$0A@@std@@@std@@QBE_NABV012@@Z 10069700 f i ImfAttribute.obj
 0002:0000a770       ??0?$pair@QBDP6APAVAttribute@Imf@@XZ@std@@QAE@ABQBDABQ6APAVAttribute@Imf@@XZ@Z 10069770 f i ImfAttribute.obj
 0002:0000a7d0       ??1?$_Tree_val@V?$_Tmap_traits@PBDP6APAVAttribute@Imf@@XZUNameCompare@?A0xa1908c12@2@V?$allocator@U?$pair@QBDP6APAVAttribute@Imf@@XZ@std@@@std@@$0A@@std@@@std@@QAE@XZ 100697d0 f i ImfAttribute.obj
 0002:0000a820       ??1?$pair@Viterator@?$_Tree@V?$_Tmap_traits@PBDP6APAVAttribute@Imf@@XZUNameCompare@?A0xa1908c12@2@V?$allocator@U?$pair@QBDP6APAVAttribute@Imf@@XZ@std@@@std@@$0A@@std@@@std@@V123@@std@@QAE@XZ 10069820 f i ImfAttribute.obj
 0002:0000a8d0       ??0iterator@?$_Tree@V?$_Tmap_traits@PBDP6APAVAttribute@Imf@@XZUNameCompare@?A0xa1908c12@2@V?$allocator@U?$pair@QBDP6APAVAttribute@Imf@@XZ@std@@@std@@$0A@@std@@@std@@QAE@ABV012@@Z 100698d0 f i ImfAttribute.obj
 0002:0000a930       ??1?$_Tree_ptr@V?$_Tmap_traits@PBDP6APAVAttribute@Imf@@XZUNameCompare@?A0xa1908c12@2@V?$allocator@U?$pair@QBDP6APAVAttribute@Imf@@XZ@std@@@std@@$0A@@std@@@std@@QAE@XZ 10069930 f i ImfAttribute.obj
 0002:0000a980       ??1?$_Tree_nod@V?$_Tmap_traits@PBDP6APAVAttribute@Imf@@XZUNameCompare@?A0xa1908c12@2@V?$allocator@U?$pair@QBDP6APAVAttribute@Imf@@XZ@std@@@std@@$0A@@std@@@std@@QAE@XZ 10069980 f i ImfAttribute.obj
 0002:0000a9d0       ??1?$_Tmap_traits@PBDP6APAVAttribute@Imf@@XZUNameCompare@?A0xa1908c12@2@V?$allocator@U?$pair@QBDP6APAVAttribute@Imf@@XZ@std@@@std@@$0A@@std@@QAE@XZ 100699d0 f i ImfAttribute.obj
 0002:0000aa30       ?_Isnil@?$_Tree@V?$_Tmap_traits@PBDP6APAVAttribute@Imf@@XZUNameCompare@?A0xa1908c12@2@V?$allocator@U?$pair@QBDP6APAVAttribute@Imf@@XZ@std@@@std@@$0A@@std@@@std@@KAAADPAU_Node@?$_Tree_nod@V?$_Tmap_traits@PBDP6APAVAttribute@Imf@@XZUNameCompare@?A0xa1908c12@2@V?$allocator@U?$pair@QBDP6APAVAttribute@Imf@@XZ@std@@@std@@$0A@@std@@@2@@Z 10069a30 f i ImfAttribute.obj
 0002:0000aa70       ?_Key@?$_Tree@V?$_Tmap_traits@PBDP6APAVAttribute@Imf@@XZUNameCompare@?A0xa1908c12@2@V?$allocator@U?$pair@QBDP6APAVAttribute@Imf@@XZ@std@@@std@@$0A@@std@@@std@@KAABQBDPAU_Node@?$_Tree_nod@V?$_Tmap_traits@PBDP6APAVAttribute@Imf@@XZUNameCompare@?A0xa1908c12@2@V?$allocator@U?$pair@QBDP6APAVAttribute@Imf@@XZ@std@@@std@@$0A@@std@@@2@@Z 10069a70 f i ImfAttribute.obj
 0002:0000aad0       ?_Left@?$_Tree@V?$_Tmap_traits@PBDP6APAVAttribute@Imf@@XZUNameCompare@?A0xa1908c12@2@V?$allocator@U?$pair@QBDP6APAVAttribute@Imf@@XZ@std@@@std@@$0A@@std@@@std@@KAAAPAU_Node@?$_Tree_nod@V?$_Tmap_traits@PBDP6APAVAttribute@Imf@@XZUNameCompare@?A0xa1908c12@2@V?$allocator@U?$pair@QBDP6APAVAttribute@Imf@@XZ@std@@@std@@$0A@@std@@@2@PAU342@@Z 10069ad0 f i ImfAttribute.obj
 0002:0000ab10       ?_Right@?$_Tree@V?$_Tmap_traits@PBDP6APAVAttribute@Imf@@XZUNameCompare@?A0xa1908c12@2@V?$allocator@U?$pair@QBDP6APAVAttribute@Imf@@XZ@std@@@std@@$0A@@std@@@std@@KAAAPAU_Node@?$_Tree_nod@V?$_Tmap_traits@PBDP6APAVAttribute@Imf@@XZUNameCompare@?A0xa1908c12@2@V?$allocator@U?$pair@QBDP6APAVAttribute@Imf@@XZ@std@@@std@@$0A@@std@@@2@PAU342@@Z 10069b10 f i ImfAttribute.obj
 0002:0000ab50       ??0?$_Tree@V?$_Tmap_traits@PBDP6APAVAttribute@Imf@@XZUNameCompare@?A0xa1908c12@2@V?$allocator@U?$pair@QBDP6APAVAttribute@Imf@@XZ@std@@@std@@$0A@@std@@@std@@QAE@ABUNameCompare@?A0xa1908c12@Imf@@ABV?$allocator@U?$pair@QBDP6APAVAttribute@Imf@@XZ@std@@@1@@Z 10069b50 f i ImfAttribute.obj
 0002:0000ac10       ?begin@?$_Tree@V?$_Tmap_traits@PBDP6APAVAttribute@Imf@@XZUNameCompare@?A0xa1908c12@2@V?$allocator@U?$pair@QBDP6APAVAttribute@Imf@@XZ@std@@@std@@$0A@@std@@@std@@QAE?AViterator@12@XZ 10069c10 f i ImfAttribute.obj
 0002:0000aca0       ?erase@?$_Tree@V?$_Tmap_traits@PBDP6APAVAttribute@Imf@@XZUNameCompare@?A0xa1908c12@2@V?$allocator@U?$pair@QBDP6APAVAttribute@Imf@@XZ@std@@@std@@$0A@@std@@@std@@QAE?AViterator@12@V312@0@Z 10069ca0 f i ImfAttribute.obj
 0002:0000afb0       ?lower_bound@?$_Tree@V?$_Tmap_traits@PBDP6APAVAttribute@Imf@@XZUNameCompare@?A0xa1908c12@2@V?$allocator@U?$pair@QBDP6APAVAttribute@Imf@@XZ@std@@@std@@$0A@@std@@@std@@QAE?AViterator@12@ABQBD@Z 10069fb0 f i ImfAttribute.obj
 0002:0000b040       ?equal_range@?$_Tree@V?$_Tmap_traits@PBDP6APAVAttribute@Imf@@XZUNameCompare@?A0xa1908c12@2@V?$allocator@U?$pair@QBDP6APAVAttribute@Imf@@XZ@std@@@std@@$0A@@std@@@std@@QAE?AU?$pair@Viterator@?$_Tree@V?$_Tmap_traits@PBDP6APAVAttribute@Imf@@XZUNameCompare@?A0xa1908c12@2@V?$allocator@U?$pair@QBDP6APAVAttribute@Imf@@XZ@std@@@std@@$0A@@std@@@std@@V123@@2@ABQBD@Z 1006a040 f i ImfAttribute.obj
 0002:0000b190       ?_Insert@?$_Tree@V?$_Tmap_traits@PBDP6APAVAttribute@Imf@@XZUNameCompare@?A0xa1908c12@2@V?$allocator@U?$pair@QBDP6APAVAttribute@Imf@@XZ@std@@@std@@$0A@@std@@@std@@IAE?AViterator@12@_NPAU_Node@?$_Tree_nod@V?$_Tmap_traits@PBDP6APAVAttribute@Imf@@XZUNameCompare@?A0xa1908c12@2@V?$allocator@U?$pair@QBDP6APAVAttribute@Imf@@XZ@std@@@std@@$0A@@std@@@2@ABU?$pair@QBDP6APAVAttribute@Imf@@XZ@2@@Z 1006a190 f i ImfAttribute.obj
 0002:0000b7a0       ??0length_error@std@@QAE@ABV?$basic_string@DU?$char_traits@D@std@@V?$allocator@D@2@@1@@Z 1006a7a0 f i ImfAttribute.obj
 0002:0000b810       ??0logic_error@std@@QAE@ABV?$basic_string@DU?$char_traits@D@std@@V?$allocator@D@2@@1@@Z 1006a810 f i ImfAttribute.obj
 0002:0000b8f0       ?what@logic_error@std@@UBEPBDXZ 1006a8f0 f i ImfAttribute.obj
 0002:0000b950       ??_Glogic_error@std@@UAEPAXI@Z 1006a950 f i ImfAttribute.obj
 0002:0000b950       ??_Elogic_error@std@@UAEPAXI@Z 1006a950 f i ImfAttribute.obj
 0002:0000b9c0       ??1logic_error@std@@UAE@XZ 1006a9c0 f i ImfAttribute.obj
 0002:0000ba40       ??1length_error@std@@UAE@XZ 1006aa40 f i ImfAttribute.obj
 0002:0000baa0       ??_Elength_error@std@@UAEPAXI@Z 1006aaa0 f i ImfAttribute.obj
 0002:0000baa0       ??_Glength_error@std@@UAEPAXI@Z 1006aaa0 f i ImfAttribute.obj
 0002:0000bb10       ??0logic_error@std@@QAE@ABV01@@Z 1006ab10 f i ImfAttribute.obj
 0002:0000bbf0       ?_Root@?$_Tree@V?$_Tmap_traits@PBDP6APAVAttribute@Imf@@XZUNameCompare@?A0xa1908c12@2@V?$allocator@U?$pair@QBDP6APAVAttribute@Imf@@XZ@std@@@std@@$0A@@std@@@std@@IBEAAPAU_Node@?$_Tree_nod@V?$_Tmap_traits@PBDP6APAVAttribute@Imf@@XZUNameCompare@?A0xa1908c12@2@V?$allocator@U?$pair@QBDP6APAVAttribute@Imf@@XZ@std@@@std@@$0A@@std@@@2@XZ 1006abf0 f i ImfAttribute.obj
 0002:0000bc50       ?_Tidy@?$_Tree@V?$_Tmap_traits@PBDP6APAVAttribute@Imf@@XZUNameCompare@?A0xa1908c12@2@V?$allocator@U?$pair@QBDP6APAVAttribute@Imf@@XZ@std@@@std@@$0A@@std@@@std@@IAEXXZ 1006ac50 f i ImfAttribute.obj
 0002:0000bdf0       ?_Kfn@?$_Tmap_traits@PBDP6APAVAttribute@Imf@@XZUNameCompare@?A0xa1908c12@2@V?$allocator@U?$pair@QBDP6APAVAttribute@Imf@@XZ@std@@@std@@$0A@@std@@SAABQBDABU?$pair@QBDP6APAVAttribute@Imf@@XZ@2@@Z 1006adf0 f i ImfAttribute.obj
 0002:0000be30       ??0?$allocator@U?$pair@QBDP6APAVAttribute@Imf@@XZ@std@@@std@@QAE@XZ 1006ae30 f i ImfAttribute.obj
 0002:0000be70       ??0iterator@?$_Tree@V?$_Tmap_traits@PBDP6APAVAttribute@Imf@@XZUNameCompare@?A0xa1908c12@2@V?$allocator@U?$pair@QBDP6APAVAttribute@Imf@@XZ@std@@@std@@$0A@@std@@@std@@QAE@PAU_Node@?$_Tree_nod@V?$_Tmap_traits@PBDP6APAVAttribute@Imf@@XZUNameCompare@?A0xa1908c12@2@V?$allocator@U?$pair@QBDP6APAVAttribute@Imf@@XZ@std@@@std@@$0A@@std@@@2@PBV12@@Z 1006ae70 f i ImfAttribute.obj
 0002:0000bed0       ??Fiterator@?$_Tree@V?$_Tmap_traits@PBDP6APAVAttribute@Imf@@XZUNameCompare@?A0xa1908c12@2@V?$allocator@U?$pair@QBDP6APAVAttribute@Imf@@XZ@std@@@std@@$0A@@std@@@std@@QAEAAV012@XZ 1006aed0 f i ImfAttribute.obj
 0002:0000bf30       ??Dconst_iterator@?$_Tree@V?$_Tmap_traits@PBDP6APAVAttribute@Imf@@XZUNameCompare@?A0xa1908c12@2@V?$allocator@U?$pair@QBDP6APAVAttribute@Imf@@XZ@std@@@std@@$0A@@std@@@std@@QBEABU?$pair@QBDP6APAVAttribute@Imf@@XZ@2@XZ 1006af30 f i ImfAttribute.obj
 0002:0000c040       ?_Mynode@const_iterator@?$_Tree@V?$_Tmap_traits@PBDP6APAVAttribute@Imf@@XZUNameCompare@?A0xa1908c12@2@V?$allocator@U?$pair@QBDP6APAVAttribute@Imf@@XZ@std@@@std@@$0A@@std@@@std@@QBEPAU_Node@?$_Tree_nod@V?$_Tmap_traits@PBDP6APAVAttribute@Imf@@XZUNameCompare@?A0xa1908c12@2@V?$allocator@U?$pair@QBDP6APAVAttribute@Imf@@XZ@std@@@std@@$0A@@std@@@3@XZ 1006b040 f i ImfAttribute.obj
 0002:0000c080       ??0?$pair@Viterator@?$_Tree@V?$_Tmap_traits@PBDP6APAVAttribute@Imf@@XZUNameCompare@?A0xa1908c12@2@V?$allocator@U?$pair@QBDP6APAVAttribute@Imf@@XZ@std@@@std@@$0A@@std@@@std@@_N@std@@QAE@ABViterator@?$_Tree@V?$_Tmap_traits@PBDP6APAVAttribute@Imf@@XZUNameCompare@?A0xa1908c12@2@V?$allocator@U?$pair@QBDP6APAVAttribute@Imf@@XZ@std@@@std@@$0A@@std@@@1@AB_N@Z 1006b080 f i ImfAttribute.obj
 0002:0000c0f0       ??0length_error@std@@QAE@ABV01@@Z 1006b0f0 f i ImfAttribute.obj
 0002:0000c160       ?_Color@?$_Tree@V?$_Tmap_traits@PBDP6APAVAttribute@Imf@@XZUNameCompare@?A0xa1908c12@2@V?$allocator@U?$pair@QBDP6APAVAttribute@Imf@@XZ@std@@@std@@$0A@@std@@@std@@KAAADPAU_Node@?$_Tree_nod@V?$_Tmap_traits@PBDP6APAVAttribute@Imf@@XZUNameCompare@?A0xa1908c12@2@V?$allocator@U?$pair@QBDP6APAVAttribute@Imf@@XZ@std@@@std@@$0A@@std@@@2@@Z 1006b160 f i ImfAttribute.obj
 0002:0000c1a0       ?_Parent@?$_Tree@V?$_Tmap_traits@PBDP6APAVAttribute@Imf@@XZUNameCompare@?A0xa1908c12@2@V?$allocator@U?$pair@QBDP6APAVAttribute@Imf@@XZ@std@@@std@@$0A@@std@@@std@@KAAAPAU_Node@?$_Tree_nod@V?$_Tmap_traits@PBDP6APAVAttribute@Imf@@XZUNameCompare@?A0xa1908c12@2@V?$allocator@U?$pair@QBDP6APAVAttribute@Imf@@XZ@std@@@std@@$0A@@std@@@2@PAU342@@Z 1006b1a0 f i ImfAttribute.obj
 0002:0000c1e0       ?_Myval@?$_Tree@V?$_Tmap_traits@PBDP6APAVAttribute@Imf@@XZUNameCompare@?A0xa1908c12@2@V?$allocator@U?$pair@QBDP6APAVAttribute@Imf@@XZ@std@@@std@@$0A@@std@@@std@@KAAAU?$pair@QBDP6APAVAttribute@Imf@@XZ@2@PAU_Node@?$_Tree_nod@V?$_Tmap_traits@PBDP6APAVAttribute@Imf@@XZUNameCompare@?A0xa1908c12@2@V?$allocator@U?$pair@QBDP6APAVAttribute@Imf@@XZ@std@@@std@@$0A@@std@@@2@@Z 1006b1e0 f i ImfAttribute.obj
 0002:0000c220       ?max_size@?$_Tree@V?$_Tmap_traits@PBDP6APAVAttribute@Imf@@XZUNameCompare@?A0xa1908c12@2@V?$allocator@U?$pair@QBDP6APAVAttribute@Imf@@XZ@std@@@std@@$0A@@std@@@std@@QBEIXZ 1006b220 f i ImfAttribute.obj
 0002:0000c280       ?erase@?$_Tree@V?$_Tmap_traits@PBDP6APAVAttribute@Imf@@XZUNameCompare@?A0xa1908c12@2@V?$allocator@U?$pair@QBDP6APAVAttribute@Imf@@XZ@std@@@std@@$0A@@std@@@std@@QAE?AViterator@12@V312@@Z 1006b280 f i ImfAttribute.obj
 0002:0000ccc0       ?clear@?$_Tree@V?$_Tmap_traits@PBDP6APAVAttribute@Imf@@XZUNameCompare@?A0xa1908c12@2@V?$allocator@U?$pair@QBDP6APAVAttribute@Imf@@XZ@std@@@std@@$0A@@std@@@std@@QAEXXZ 1006bcc0 f i ImfAttribute.obj
 0002:0000cd80       ?upper_bound@?$_Tree@V?$_Tmap_traits@PBDP6APAVAttribute@Imf@@XZUNameCompare@?A0xa1908c12@2@V?$allocator@U?$pair@QBDP6APAVAttribute@Imf@@XZ@std@@@std@@$0A@@std@@@std@@QAE?AViterator@12@ABQBD@Z 1006bd80 f i ImfAttribute.obj
 0002:0000ce10       ?_Init@?$_Tree@V?$_Tmap_traits@PBDP6APAVAttribute@Imf@@XZUNameCompare@?A0xa1908c12@2@V?$allocator@U?$pair@QBDP6APAVAttribute@Imf@@XZ@std@@@std@@$0A@@std@@@std@@IAEXXZ 1006be10 f i ImfAttribute.obj
 0002:0000ced0       ?_Lbound@?$_Tree@V?$_Tmap_traits@PBDP6APAVAttribute@Imf@@XZUNameCompare@?A0xa1908c12@2@V?$allocator@U?$pair@QBDP6APAVAttribute@Imf@@XZ@std@@@std@@$0A@@std@@@std@@IBEPAU_Node@?$_Tree_nod@V?$_Tmap_traits@PBDP6APAVAttribute@Imf@@XZUNameCompare@?A0xa1908c12@2@V?$allocator@U?$pair@QBDP6APAVAttribute@Imf@@XZ@std@@@std@@$0A@@std@@@2@ABQBD@Z 1006bed0 f i ImfAttribute.obj
 0002:0000cfd0       ?_Lmost@?$_Tree@V?$_Tmap_traits@PBDP6APAVAttribute@Imf@@XZUNameCompare@?A0xa1908c12@2@V?$allocator@U?$pair@QBDP6APAVAttribute@Imf@@XZ@std@@@std@@$0A@@std@@@std@@IBEAAPAU_Node@?$_Tree_nod@V?$_Tmap_traits@PBDP6APAVAttribute@Imf@@XZUNameCompare@?A0xa1908c12@2@V?$allocator@U?$pair@QBDP6APAVAttribute@Imf@@XZ@std@@@std@@$0A@@std@@@2@XZ 1006bfd0 f i ImfAttribute.obj
 0002:0000d030       ?_Lrotate@?$_Tree@V?$_Tmap_traits@PBDP6APAVAttribute@Imf@@XZUNameCompare@?A0xa1908c12@2@V?$allocator@U?$pair@QBDP6APAVAttribute@Imf@@XZ@std@@@std@@$0A@@std@@@std@@IAEXPAU_Node@?$_Tree_nod@V?$_Tmap_traits@PBDP6APAVAttribute@Imf@@XZUNameCompare@?A0xa1908c12@2@V?$allocator@U?$pair@QBDP6APAVAttribute@Imf@@XZ@std@@@std@@$0A@@std@@@2@@Z 1006c030 f i ImfAttribute.obj
 0002:0000d1e0       ?_Rmost@?$_Tree@V?$_Tmap_traits@PBDP6APAVAttribute@Imf@@XZUNameCompare@?A0xa1908c12@2@V?$allocator@U?$pair@QBDP6APAVAttribute@Imf@@XZ@std@@@std@@$0A@@std@@@std@@IBEAAPAU_Node@?$_Tree_nod@V?$_Tmap_traits@PBDP6APAVAttribute@Imf@@XZUNameCompare@?A0xa1908c12@2@V?$allocator@U?$pair@QBDP6APAVAttribute@Imf@@XZ@std@@@std@@$0A@@std@@@2@XZ 1006c1e0 f i ImfAttribute.obj
 0002:0000d240       ?_Rrotate@?$_Tree@V?$_Tmap_traits@PBDP6APAVAttribute@Imf@@XZUNameCompare@?A0xa1908c12@2@V?$allocator@U?$pair@QBDP6APAVAttribute@Imf@@XZ@std@@@std@@$0A@@std@@@std@@IAEXPAU_Node@?$_Tree_nod@V?$_Tmap_traits@PBDP6APAVAttribute@Imf@@XZUNameCompare@?A0xa1908c12@2@V?$allocator@U?$pair@QBDP6APAVAttribute@Imf@@XZ@std@@@std@@$0A@@std@@@2@@Z 1006c240 f i ImfAttribute.obj
 0002:0000d3f0       ?_Buynode@?$_Tree@V?$_Tmap_traits@PBDP6APAVAttribute@Imf@@XZUNameCompare@?A0xa1908c12@2@V?$allocator@U?$pair@QBDP6APAVAttribute@Imf@@XZ@std@@@std@@$0A@@std@@@std@@IAEPAU_Node@?$_Tree_nod@V?$_Tmap_traits@PBDP6APAVAttribute@Imf@@XZUNameCompare@?A0xa1908c12@2@V?$allocator@U?$pair@QBDP6APAVAttribute@Imf@@XZ@std@@@std@@$0A@@std@@@2@PAU342@00ABU?$pair@QBDP6APAVAttribute@Imf@@XZ@2@D@Z 1006c3f0 f i ImfAttribute.obj
 0002:0000d550       ??2@YAPAXIPAX@Z            1006c550 f i ImfAttribute.obj
 0002:0000d590       ??3@YAXPAX0@Z              1006c590 f i ImfAttribute.obj
 0002:0000d5c0       ??0?$_Tree_val@V?$_Tmap_traits@PBDP6APAVAttribute@Imf@@XZUNameCompare@?A0xa1908c12@2@V?$allocator@U?$pair@QBDP6APAVAttribute@Imf@@XZ@std@@@std@@$0A@@std@@@std@@IAE@ABUNameCompare@?A0xa1908c12@Imf@@V?$allocator@U?$pair@QBDP6APAVAttribute@Imf@@XZ@std@@@1@@Z 1006c5c0 f i ImfAttribute.obj
 0002:0000d650       ??0?$allocator@U?$pair@QBDP6APAVAttribute@Imf@@XZ@std@@@std@@QAE@ABV01@@Z 1006c650 f i ImfAttribute.obj
 0002:0000d690       ?deallocate@?$allocator@U_Node@?$_Tree_nod@V?$_Tmap_traits@PBDP6APAVAttribute@Imf@@XZUNameCompare@?A0xa1908c12@2@V?$allocator@U?$pair@QBDP6APAVAttribute@Imf@@XZ@std@@@std@@$0A@@std@@@std@@@std@@QAEXPAU_Node@?$_Tree_nod@V?$_Tmap_traits@PBDP6APAVAttribute@Imf@@XZUNameCompare@?A0xa1908c12@2@V?$allocator@U?$pair@QBDP6APAVAttribute@Imf@@XZ@std@@@std@@$0A@@std@@@2@I@Z 1006c690 f i ImfAttribute.obj
 0002:0000d6f0       ?destroy@?$allocator@PAU_Node@?$_Tree_nod@V?$_Tmap_traits@PBDP6APAVAttribute@Imf@@XZUNameCompare@?A0xa1908c12@2@V?$allocator@U?$pair@QBDP6APAVAttribute@Imf@@XZ@std@@@std@@$0A@@std@@@std@@@std@@QAEXPAPAU_Node@?$_Tree_nod@V?$_Tmap_traits@PBDP6APAVAttribute@Imf@@XZUNameCompare@?A0xa1908c12@2@V?$allocator@U?$pair@QBDP6APAVAttribute@Imf@@XZ@std@@@std@@$0A@@std@@@2@@Z 1006c6f0 f i ImfAttribute.obj
 0002:0000d750       ??Eiterator@?$_Tree@V?$_Tmap_traits@PBDP6APAVAttribute@Imf@@XZUNameCompare@?A0xa1908c12@2@V?$allocator@U?$pair@QBDP6APAVAttribute@Imf@@XZ@std@@@std@@$0A@@std@@@std@@QAE?AV012@H@Z 1006c750 f i ImfAttribute.obj
 0002:0000d870       ??0const_iterator@?$_Tree@V?$_Tmap_traits@PBDP6APAVAttribute@Imf@@XZUNameCompare@?A0xa1908c12@2@V?$allocator@U?$pair@QBDP6APAVAttribute@Imf@@XZ@std@@@std@@$0A@@std@@@std@@QAE@PAU_Node@?$_Tree_nod@V?$_Tmap_traits@PBDP6APAVAttribute@Imf@@XZUNameCompare@?A0xa1908c12@2@V?$allocator@U?$pair@QBDP6APAVAttribute@Imf@@XZ@std@@@std@@$0A@@std@@@2@PBV12@@Z 1006c870 f i ImfAttribute.obj
 0002:0000d930       ??Fconst_iterator@?$_Tree@V?$_Tmap_traits@PBDP6APAVAttribute@Imf@@XZUNameCompare@?A0xa1908c12@2@V?$allocator@U?$pair@QBDP6APAVAttribute@Imf@@XZ@std@@@std@@$0A@@std@@@std@@QAEAAV012@XZ 1006c930 f i ImfAttribute.obj
 0002:0000d990       ??0?$pair@Viterator@?$_Tree@V?$_Tmap_traits@PBDP6APAVAttribute@Imf@@XZUNameCompare@?A0xa1908c12@2@V?$allocator@U?$pair@QBDP6APAVAttribute@Imf@@XZ@std@@@std@@$0A@@std@@@std@@V123@@std@@QAE@ABViterator@?$_Tree@V?$_Tmap_traits@PBDP6APAVAttribute@Imf@@XZUNameCompare@?A0xa1908c12@2@V?$allocator@U?$pair@QBDP6APAVAttribute@Imf@@XZ@std@@@std@@$0A@@std@@@1@0@Z 1006c990 f i ImfAttribute.obj
 0002:0000da50       ??0?$_Bidit@U?$pair@QBDP6APAVAttribute@Imf@@XZ@std@@HPBU12@ABU12@@std@@QAE@XZ 1006ca50 f i ImfAttribute.obj
 0002:0000dab0       ??0_Iterator_base@std@@QAE@XZ 1006cab0 f i ImfAttribute.obj
 0002:0000db00       ?_Erase@?$_Tree@V?$_Tmap_traits@PBDP6APAVAttribute@Imf@@XZUNameCompare@?A0xa1908c12@2@V?$allocator@U?$pair@QBDP6APAVAttribute@Imf@@XZ@std@@@std@@$0A@@std@@@std@@IAEXPAU_Node@?$_Tree_nod@V?$_Tmap_traits@PBDP6APAVAttribute@Imf@@XZUNameCompare@?A0xa1908c12@2@V?$allocator@U?$pair@QBDP6APAVAttribute@Imf@@XZ@std@@@std@@$0A@@std@@@2@@Z 1006cb00 f i ImfAttribute.obj
 0002:0000dbd0       ?_Max@?$_Tree@V?$_Tmap_traits@PBDP6APAVAttribute@Imf@@XZUNameCompare@?A0xa1908c12@2@V?$allocator@U?$pair@QBDP6APAVAttribute@Imf@@XZ@std@@@std@@$0A@@std@@@std@@KAPAU_Node@?$_Tree_nod@V?$_Tmap_traits@PBDP6APAVAttribute@Imf@@XZUNameCompare@?A0xa1908c12@2@V?$allocator@U?$pair@QBDP6APAVAttribute@Imf@@XZ@std@@@std@@$0A@@std@@@2@PAU342@@Z 1006cbd0 f i ImfAttribute.obj
 0002:0000dc50       ?_Min@?$_Tree@V?$_Tmap_traits@PBDP6APAVAttribute@Imf@@XZUNameCompare@?A0xa1908c12@2@V?$allocator@U?$pair@QBDP6APAVAttribute@Imf@@XZ@std@@@std@@$0A@@std@@@std@@KAPAU_Node@?$_Tree_nod@V?$_Tmap_traits@PBDP6APAVAttribute@Imf@@XZUNameCompare@?A0xa1908c12@2@V?$allocator@U?$pair@QBDP6APAVAttribute@Imf@@XZ@std@@@std@@$0A@@std@@@2@PAU342@@Z 1006cc50 f i ImfAttribute.obj
 0002:0000dcd0       ?_Ubound@?$_Tree@V?$_Tmap_traits@PBDP6APAVAttribute@Imf@@XZUNameCompare@?A0xa1908c12@2@V?$allocator@U?$pair@QBDP6APAVAttribute@Imf@@XZ@std@@@std@@$0A@@std@@@std@@IBEPAU_Node@?$_Tree_nod@V?$_Tmap_traits@PBDP6APAVAttribute@Imf@@XZUNameCompare@?A0xa1908c12@2@V?$allocator@U?$pair@QBDP6APAVAttribute@Imf@@XZ@std@@@std@@$0A@@std@@@2@ABQBD@Z 1006ccd0 f i ImfAttribute.obj
 0002:0000ddd0       ?_Orphan_ptr@?$_Tree@V?$_Tmap_traits@PBDP6APAVAttribute@Imf@@XZUNameCompare@?A0xa1908c12@2@V?$allocator@U?$pair@QBDP6APAVAttribute@Imf@@XZ@std@@@std@@$0A@@std@@@std@@IBEXAAV12@PAU_Node@?$_Tree_nod@V?$_Tmap_traits@PBDP6APAVAttribute@Imf@@XZUNameCompare@?A0xa1908c12@2@V?$allocator@U?$pair@QBDP6APAVAttribute@Imf@@XZ@std@@@std@@$0A@@std@@@2@@Z 1006cdd0 f i ImfAttribute.obj
 0002:0000def0       ?_Buynode@?$_Tree@V?$_Tmap_traits@PBDP6APAVAttribute@Imf@@XZUNameCompare@?A0xa1908c12@2@V?$allocator@U?$pair@QBDP6APAVAttribute@Imf@@XZ@std@@@std@@$0A@@std@@@std@@IAEPAU_Node@?$_Tree_nod@V?$_Tmap_traits@PBDP6APAVAttribute@Imf@@XZUNameCompare@?A0xa1908c12@2@V?$allocator@U?$pair@QBDP6APAVAttribute@Imf@@XZ@std@@@std@@$0A@@std@@@2@XZ 1006cef0 f i ImfAttribute.obj
 0002:0000e120       ??0?$_Tree_ptr@V?$_Tmap_traits@PBDP6APAVAttribute@Imf@@XZUNameCompare@?A0xa1908c12@2@V?$allocator@U?$pair@QBDP6APAVAttribute@Imf@@XZ@std@@@std@@$0A@@std@@@std@@QAE@ABUNameCompare@?A0xa1908c12@Imf@@V?$allocator@U?$pair@QBDP6APAVAttribute@Imf@@XZ@std@@@1@@Z 1006d120 f i ImfAttribute.obj
 0002:0000e1b0       ?max_size@?$allocator@U?$pair@QBDP6APAVAttribute@Imf@@XZ@std@@@std@@QBEIXZ 1006d1b0 f i ImfAttribute.obj
 0002:0000e220       ?allocate@?$allocator@U_Node@?$_Tree_nod@V?$_Tmap_traits@PBDP6APAVAttribute@Imf@@XZUNameCompare@?A0xa1908c12@2@V?$allocator@U?$pair@QBDP6APAVAttribute@Imf@@XZ@std@@@std@@$0A@@std@@@std@@@std@@QAEPAU_Node@?$_Tree_nod@V?$_Tmap_traits@PBDP6APAVAttribute@Imf@@XZUNameCompare@?A0xa1908c12@2@V?$allocator@U?$pair@QBDP6APAVAttribute@Imf@@XZ@std@@@std@@$0A@@std@@@2@I@Z 1006d220 f i ImfAttribute.obj
 0002:0000e280       ?destroy@?$allocator@U_Node@?$_Tree_nod@V?$_Tmap_traits@PBDP6APAVAttribute@Imf@@XZUNameCompare@?A0xa1908c12@2@V?$allocator@U?$pair@QBDP6APAVAttribute@Imf@@XZ@std@@@std@@$0A@@std@@@std@@@std@@QAEXPAU_Node@?$_Tree_nod@V?$_Tmap_traits@PBDP6APAVAttribute@Imf@@XZUNameCompare@?A0xa1908c12@2@V?$allocator@U?$pair@QBDP6APAVAttribute@Imf@@XZ@std@@@std@@$0A@@std@@@2@@Z 1006d280 f i ImfAttribute.obj
 0002:0000e2e0       ??Eiterator@?$_Tree@V?$_Tmap_traits@PBDP6APAVAttribute@Imf@@XZUNameCompare@?A0xa1908c12@2@V?$allocator@U?$pair@QBDP6APAVAttribute@Imf@@XZ@std@@@std@@$0A@@std@@@std@@QAEAAV012@XZ 1006d2e0 f i ImfAttribute.obj
 0002:0000e340       ?_Dec@const_iterator@?$_Tree@V?$_Tmap_traits@PBDP6APAVAttribute@Imf@@XZUNameCompare@?A0xa1908c12@2@V?$allocator@U?$pair@QBDP6APAVAttribute@Imf@@XZ@std@@@std@@$0A@@std@@@std@@QAEXXZ 1006d340 f i ImfAttribute.obj
 0002:0000e690       ??0_Node@?$_Tree_nod@V?$_Tmap_traits@PBDP6APAVAttribute@Imf@@XZUNameCompare@?A0xa1908c12@2@V?$allocator@U?$pair@QBDP6APAVAttribute@Imf@@XZ@std@@@std@@$0A@@std@@@std@@QAE@PAU012@00ABU?$pair@QBDP6APAVAttribute@Imf@@XZ@2@D@Z 1006d690 f i ImfAttribute.obj
 0002:0000e720       ??0?$_Tree_nod@V?$_Tmap_traits@PBDP6APAVAttribute@Imf@@XZUNameCompare@?A0xa1908c12@2@V?$allocator@U?$pair@QBDP6APAVAttribute@Imf@@XZ@std@@@std@@$0A@@std@@@std@@IAE@ABUNameCompare@?A0xa1908c12@Imf@@V?$allocator@U?$pair@QBDP6APAVAttribute@Imf@@XZ@std@@@1@@Z 1006d720 f i ImfAttribute.obj
 0002:0000e790       ?construct@?$allocator@PAU_Node@?$_Tree_nod@V?$_Tmap_traits@PBDP6APAVAttribute@Imf@@XZUNameCompare@?A0xa1908c12@2@V?$allocator@U?$pair@QBDP6APAVAttribute@Imf@@XZ@std@@@std@@$0A@@std@@@std@@@std@@QAEXPAPAU_Node@?$_Tree_nod@V?$_Tmap_traits@PBDP6APAVAttribute@Imf@@XZUNameCompare@?A0xa1908c12@2@V?$allocator@U?$pair@QBDP6APAVAttribute@Imf@@XZ@std@@@std@@$0A@@std@@@2@ABQAU342@@Z 1006d790 f i ImfAttribute.obj
 0002:0000e7f0       ??Econst_iterator@?$_Tree@V?$_Tmap_traits@PBDP6APAVAttribute@Imf@@XZUNameCompare@?A0xa1908c12@2@V?$allocator@U?$pair@QBDP6APAVAttribute@Imf@@XZ@std@@@std@@$0A@@std@@@std@@QAEAAV012@XZ 1006d7f0 f i ImfAttribute.obj
 0002:0000e850       ??0?$_Tmap_traits@PBDP6APAVAttribute@Imf@@XZUNameCompare@?A0xa1908c12@2@V?$allocator@U?$pair@QBDP6APAVAttribute@Imf@@XZ@std@@@std@@$0A@@std@@QAE@UNameCompare@?A0xa1908c12@Imf@@@Z 1006d850 f i ImfAttribute.obj
 0002:0000e8c0       ?_Inc@const_iterator@?$_Tree@V?$_Tmap_traits@PBDP6APAVAttribute@Imf@@XZUNameCompare@?A0xa1908c12@2@V?$allocator@U?$pair@QBDP6APAVAttribute@Imf@@XZ@std@@@std@@$0A@@std@@@std@@QAEXXZ 1006d8c0 f i ImfAttribute.obj
 0002:0000ea80       ??0?$TypedAttribute@M@Imf@@QAE@ABV01@@Z 1006da80 f i ImfAttribute.obj
 0002:0000eb40       ??0?$TypedAttribute@M@Imf@@QAE@ABM@Z 1006db40 f i ImfAttribute.obj
 0002:0000ebb0       ??0?$TypedAttribute@M@Imf@@QAE@XZ 1006dbb0 f i ImfAttribute.obj
 0002:0000ec20       ??1?$TypedAttribute@M@Imf@@UAE@XZ 1006dc20 f i ImfAttribute.obj
 0002:0000ec80       ?value@?$TypedAttribute@M@Imf@@QBEABMXZ 1006dc80 f i ImfAttribute.obj
 0002:0000ecc0       ?value@?$TypedAttribute@M@Imf@@QAEAAMXZ 1006dcc0 f i ImfAttribute.obj
 0002:0000ed00       ?typeName@?$TypedAttribute@M@Imf@@UBEPBDXZ 1006dd00 f i ImfAttribute.obj
 0002:0000ed50       ?makeNewAttribute@?$TypedAttribute@M@Imf@@SAPAVAttribute@2@XZ 1006dd50 f i ImfAttribute.obj
 0002:0000ee30       ?copy@?$TypedAttribute@M@Imf@@UBEPAVAttribute@2@XZ 1006de30 f i ImfAttribute.obj
 0002:0000ef40       ?writeValueTo@?$TypedAttribute@M@Imf@@UBEXAAVOStream@2@H@Z 1006df40 f i ImfAttribute.obj
 0002:0000efb0       ?readValueFrom@?$TypedAttribute@M@Imf@@UAEXAAVIStream@2@HH@Z 1006dfb0 f i ImfAttribute.obj
 0002:0000f010       ?copyValueFrom@?$TypedAttribute@M@Imf@@UAEXABVAttribute@2@@Z 1006e010 f i ImfAttribute.obj
 0002:0000f080       ?cast@?$TypedAttribute@M@Imf@@SAABV12@ABVAttribute@2@@Z 1006e080 f i ImfAttribute.obj
 0002:0000f0d0       ?cast@?$TypedAttribute@M@Imf@@SAAAV12@AAVAttribute@2@@Z 1006e0d0 f i ImfAttribute.obj
 0002:0000f120       ?cast@?$TypedAttribute@M@Imf@@SAPBV12@PBVAttribute@2@@Z 1006e120 f i ImfAttribute.obj
 0002:0000f1c0       ??0TypeExc@Iex@@QAE@PBD@Z  1006e1c0 f i ImfAttribute.obj
 0002:0000f230       ??_ETypeExc@Iex@@UAEPAXI@Z 1006e230 f i ImfAttribute.obj
 0002:0000f230       ??_GTypeExc@Iex@@UAEPAXI@Z 1006e230 f i ImfAttribute.obj
 0002:0000f2a0       ??1TypeExc@Iex@@UAE@XZ     1006e2a0 f i ImfAttribute.obj
 0002:0000f2f0       ?cast@?$TypedAttribute@M@Imf@@SAPAV12@PAVAttribute@2@@Z 1006e2f0 f i ImfAttribute.obj
 0002:0000f390       ?registerAttributeType@?$TypedAttribute@M@Imf@@SAXXZ 1006e390 f i ImfAttribute.obj
 0002:0000f3f0       ?unRegisterAttributeType@?$TypedAttribute@M@Imf@@SAXXZ 1006e3f0 f i ImfAttribute.obj
 0002:0000f440       ??0?$TypedAttribute@N@Imf@@QAE@ABV01@@Z 1006e440 f i ImfAttribute.obj
 0002:0000f500       ??0?$TypedAttribute@N@Imf@@QAE@ABN@Z 1006e500 f i ImfAttribute.obj
 0002:0000f570       ??0?$TypedAttribute@N@Imf@@QAE@XZ 1006e570 f i ImfAttribute.obj
 0002:0000f5e0       ??1?$TypedAttribute@N@Imf@@UAE@XZ 1006e5e0 f i ImfAttribute.obj
 0002:0000f640       ?value@?$TypedAttribute@N@Imf@@QBEABNXZ 1006e640 f i ImfAttribute.obj
 0002:0000f680       ?value@?$TypedAttribute@N@Imf@@QAEAANXZ 1006e680 f i ImfAttribute.obj
 0002:0000f6c0       ?typeName@?$TypedAttribute@N@Imf@@UBEPBDXZ 1006e6c0 f i ImfAttribute.obj
 0002:0000f710       ?makeNewAttribute@?$TypedAttribute@N@Imf@@SAPAVAttribute@2@XZ 1006e710 f i ImfAttribute.obj
 0002:0000f7f0       ?copy@?$TypedAttribute@N@Imf@@UBEPAVAttribute@2@XZ 1006e7f0 f i ImfAttribute.obj
 0002:0000f900       ?writeValueTo@?$TypedAttribute@N@Imf@@UBEXAAVOStream@2@H@Z 1006e900 f i ImfAttribute.obj
 0002:0000f970       ?readValueFrom@?$TypedAttribute@N@Imf@@UAEXAAVIStream@2@HH@Z 1006e970 f i ImfAttribute.obj
 0002:0000f9d0       ?copyValueFrom@?$TypedAttribute@N@Imf@@UAEXABVAttribute@2@@Z 1006e9d0 f i ImfAttribute.obj
 0002:0000fa40       ?cast@?$TypedAttribute@N@Imf@@SAABV12@ABVAttribute@2@@Z 1006ea40 f i ImfAttribute.obj
 0002:0000fa90       ?cast@?$TypedAttribute@N@Imf@@SAAAV12@AAVAttribute@2@@Z 1006ea90 f i ImfAttribute.obj
 0002:0000fae0       ?cast@?$TypedAttribute@N@Imf@@SAPBV12@PBVAttribute@2@@Z 1006eae0 f i ImfAttribute.obj
 0002:0000fb80       ?cast@?$TypedAttribute@N@Imf@@SAPAV12@PAVAttribute@2@@Z 1006eb80 f i ImfAttribute.obj
 0002:0000fc20       ?registerAttributeType@?$TypedAttribute@N@Imf@@SAXXZ 1006ec20 f i ImfAttribute.obj
 0002:0000fc80       ?unRegisterAttributeType@?$TypedAttribute@N@Imf@@SAXXZ 1006ec80 f i ImfAttribute.obj
 0002:0000fcd0       ??$?6U?$char_traits@D@std@@@std@@YAAAV?$basic_ostream@DU?$char_traits@D@std@@@0@AAV10@PBD@Z 1006ecd0 f i ImfAttribute.obj
 0002:00010240       ??0sentry@?$basic_ostream@DU?$char_traits@D@std@@@std@@QAE@AAV12@@Z 1006f240 f i ImfAttribute.obj
 0002:000103a0       ??1sentry@?$basic_ostream@DU?$char_traits@D@std@@@std@@QAE@XZ 1006f3a0 f i ImfAttribute.obj
 0002:00010470       ??Bsentry@?$basic_ostream@DU?$char_traits@D@std@@@std@@QBE_NXZ 1006f470 f i ImfAttribute.obj
 0002:000104b0       ??0_Sentry_base@?$basic_ostream@DU?$char_traits@D@std@@@std@@QAE@AAV12@@Z 1006f4b0 f i ImfAttribute.obj
 0002:00010570       ??1_Sentry_base@?$basic_ostream@DU?$char_traits@D@std@@@std@@QAE@XZ 1006f570 f i ImfAttribute.obj
 0002:00010620       ??$_Debug_lt_pred@UNameCompare@?A0xa1908c12@Imf@@PBDPBD@std@@YA_NUNameCompare@?A0xa1908c12@Imf@@ABQBD1PB_WI@Z 1006f620 f i ImfAttribute.obj
 0002:000106e0       ??RNameCompare@?A0xa1908c12@Imf@@QBE_NPBD0@Z 1006f6e0 f i ImfAttribute.obj
 0002:00010750       ??$_Distance@Viterator@?$_Tree@V?$_Tmap_traits@PBDP6APAVAttribute@Imf@@XZUNameCompare@?A0xa1908c12@2@V?$allocator@U?$pair@QBDP6APAVAttribute@Imf@@XZ@std@@@std@@$0A@@std@@@std@@I@std@@YAXViterator@?$_Tree@V?$_Tmap_traits@PBDP6APAVAttribute@Imf@@XZUNameCompare@?A0xa1908c12@2@V?$allocator@U?$pair@QBDP6APAVAttribute@Imf@@XZ@std@@@std@@$0A@@std@@@0@0AAI@Z 1006f750 f i ImfAttribute.obj
 0002:00010880       ??$swap@D@std@@YAXAAD0@Z   1006f880 f i ImfAttribute.obj
 0002:000108d0       ??$_Destroy@PAU_Node@?$_Tree_nod@V?$_Tmap_traits@PBDP6APAVAttribute@Imf@@XZUNameCompare@?A0xa1908c12@2@V?$allocator@U?$pair@QBDP6APAVAttribute@Imf@@XZ@std@@@std@@$0A@@std@@@std@@@std@@YAXPAPAU_Node@?$_Tree_nod@V?$_Tmap_traits@PBDP6APAVAttribute@Imf@@XZUNameCompare@?A0xa1908c12@2@V?$allocator@U?$pair@QBDP6APAVAttribute@Imf@@XZ@std@@@std@@$0A@@std@@@0@@Z 1006f8d0 f i ImfAttribute.obj
 0002:00010900       ??$?0U?$pair@QBDP6APAVAttribute@Imf@@XZ@std@@@?$allocator@PAU_Node@?$_Tree_nod@V?$_Tmap_traits@PBDP6APAVAttribute@Imf@@XZUNameCompare@?A0xa1908c12@2@V?$allocator@U?$pair@QBDP6APAVAttribute@Imf@@XZ@std@@@std@@$0A@@std@@@std@@@std@@QAE@ABV?$allocator@U?$pair@QBDP6APAVAttribute@Imf@@XZ@std@@@1@@Z 1006f900 f i ImfAttribute.obj
 0002:00010940       ??$_Allocate@U_Node@?$_Tree_nod@V?$_Tmap_traits@PBDP6APAVAttribute@Imf@@XZUNameCompare@?A0xa1908c12@2@V?$allocator@U?$pair@QBDP6APAVAttribute@Imf@@XZ@std@@@std@@$0A@@std@@@std@@@std@@YAPAU_Node@?$_Tree_nod@V?$_Tmap_traits@PBDP6APAVAttribute@Imf@@XZUNameCompare@?A0xa1908c12@2@V?$allocator@U?$pair@QBDP6APAVAttribute@Imf@@XZ@std@@@std@@$0A@@std@@@0@IPAU120@@Z 1006f940 f i ImfAttribute.obj
 0002:000109e0       ??0bad_alloc@std@@QAE@PBD@Z 1006f9e0 f i ImfAttribute.obj
 0002:00010a60       ??1bad_alloc@std@@UAE@XZ   1006fa60 f i ImfAttribute.obj
 0002:00010ad0       ??_Ebad_alloc@std@@UAEPAXI@Z 1006fad0 f i ImfAttribute.obj
 0002:00010ad0       ??_Gbad_alloc@std@@UAEPAXI@Z 1006fad0 f i ImfAttribute.obj
 0002:00010b40       ??0bad_alloc@std@@QAE@ABV01@@Z 1006fb40 f i ImfAttribute.obj
 0002:00010bc0       ??$_Destroy@U_Node@?$_Tree_nod@V?$_Tmap_traits@PBDP6APAVAttribute@Imf@@XZUNameCompare@?A0xa1908c12@2@V?$allocator@U?$pair@QBDP6APAVAttribute@Imf@@XZ@std@@@std@@$0A@@std@@@std@@@std@@YAXPAU_Node@?$_Tree_nod@V?$_Tmap_traits@PBDP6APAVAttribute@Imf@@XZUNameCompare@?A0xa1908c12@2@V?$allocator@U?$pair@QBDP6APAVAttribute@Imf@@XZ@std@@@std@@$0A@@std@@@0@@Z 1006fbc0 f i ImfAttribute.obj
 0002:00010bf0       ??$?0U?$pair@QBDP6APAVAttribute@Imf@@XZ@std@@@?$allocator@U_Node@?$_Tree_nod@V?$_Tmap_traits@PBDP6APAVAttribute@Imf@@XZUNameCompare@?A0xa1908c12@2@V?$allocator@U?$pair@QBDP6APAVAttribute@Imf@@XZ@std@@@std@@$0A@@std@@@std@@@std@@QAE@ABV?$allocator@U?$pair@QBDP6APAVAttribute@Imf@@XZ@std@@@1@@Z 1006fbf0 f i ImfAttribute.obj
 0002:00010c30       ??$_Construct@PAU_Node@?$_Tree_nod@V?$_Tmap_traits@PBDP6APAVAttribute@Imf@@XZUNameCompare@?A0xa1908c12@2@V?$allocator@U?$pair@QBDP6APAVAttribute@Imf@@XZ@std@@@std@@$0A@@std@@@std@@PAU123@@std@@YAXPAPAU_Node@?$_Tree_nod@V?$_Tmap_traits@PBDP6APAVAttribute@Imf@@XZUNameCompare@?A0xa1908c12@2@V?$allocator@U?$pair@QBDP6APAVAttribute@Imf@@XZ@std@@@std@@$0A@@std@@@0@ABQAU120@@Z 1006fc30 f i ImfAttribute.obj
 0002:00010cd0       ??_E?$TypedAttribute@M@Imf@@UAEPAXI@Z 1006fcd0 f i ImfAttribute.obj
 0002:00010cd0       ??_G?$TypedAttribute@M@Imf@@UAEPAXI@Z 1006fcd0 f i ImfAttribute.obj
 0002:00010d40       ??0TypeExc@Iex@@QAE@ABV01@@Z 1006fd40 f i ImfAttribute.obj
 0002:00010db0       ??_E?$TypedAttribute@N@Imf@@UAEPAXI@Z 1006fdb0 f i ImfAttribute.obj
 0002:00010db0       ??_G?$TypedAttribute@N@Imf@@UAEPAXI@Z 1006fdb0 f i ImfAttribute.obj
 0002:00010e20       ??$write@UStreamIO@Imf@@VOStream@2@@Xdr@Imf@@YAXAAVOStream@1@N@Z 1006fe20 f i ImfAttribute.obj
 0002:00010f70       ??$write@UStreamIO@Imf@@VOStream@2@@Xdr@Imf@@YAXAAVOStream@1@M@Z 1006ff70 f i ImfAttribute.obj
 0002:00011040       ??$read@UStreamIO@Imf@@VIStream@2@@Xdr@Imf@@YAXAAVIStream@1@AAN@Z 10070040 f i ImfAttribute.obj
 0002:000111f0       ??$read@UStreamIO@Imf@@VIStream@2@@Xdr@Imf@@YAXAAVIStream@1@AAM@Z 100701f0 f i ImfAttribute.obj
 0002:000112e0       ??$_Iter_cat@Viterator@?$_Tree@V?$_Tmap_traits@PBDP6APAVAttribute@Imf@@XZUNameCompare@?A0xa1908c12@2@V?$allocator@U?$pair@QBDP6APAVAttribute@Imf@@XZ@std@@@std@@$0A@@std@@@std@@@std@@YA?AUbidirectional_iterator_tag@0@ABViterator@?$_Tree@V?$_Tmap_traits@PBDP6APAVAttribute@Imf@@XZUNameCompare@?A0xa1908c12@2@V?$allocator@U?$pair@QBDP6APAVAttribute@Imf@@XZ@std@@@std@@$0A@@std@@@0@@Z 100702e0 f i ImfAttribute.obj
 0002:00011350       ??$_Distance2@Viterator@?$_Tree@V?$_Tmap_traits@PBDP6APAVAttribute@Imf@@XZUNameCompare@?A0xa1908c12@2@V?$allocator@U?$pair@QBDP6APAVAttribute@Imf@@XZ@std@@@std@@$0A@@std@@@std@@I@std@@YAXViterator@?$_Tree@V?$_Tmap_traits@PBDP6APAVAttribute@Imf@@XZUNameCompare@?A0xa1908c12@2@V?$allocator@U?$pair@QBDP6APAVAttribute@Imf@@XZ@std@@@std@@$0A@@std@@@0@0AAIUbidirectional_iterator_tag@0@@Z 10070350 f i ImfAttribute.obj
 0002:00011430       ??$writeUnsignedChars@UStreamIO@Imf@@VOStream@2@@Xdr@Imf@@YAXAAVOStream@1@QBEH@Z 10070430 f i ImfAttribute.obj
 0002:00011490       ?writeChars@StreamIO@Imf@@SAXAAVOStream@2@QBDH@Z 10070490 f i ImfAttribute.obj
 0002:00011500       ??$readUnsignedChars@UStreamIO@Imf@@VIStream@2@@Xdr@Imf@@YAXAAVIStream@1@QAEH@Z 10070500 f i ImfAttribute.obj
 0002:00011560       ?readChars@StreamIO@Imf@@SA_NAAVIStream@2@QADH@Z 10070560 f i ImfAttribute.obj
 0002:000115d0       ?staticTypeName@?$TypedAttribute@V?$Box@V?$Vec2@H@Imath@@@Imath@@@Imf@@SAPBDXZ 100705d0 f   ImfBoxAttribute.obj
 0002:00011610       ?writeValueTo@?$TypedAttribute@V?$Box@V?$Vec2@H@Imath@@@Imath@@@Imf@@UBEXAAVOStream@2@H@Z 10070610 f   ImfBoxAttribute.obj
 0002:000116c0       ?readValueFrom@?$TypedAttribute@V?$Box@V?$Vec2@H@Imath@@@Imath@@@Imf@@UAEXAAVIStream@2@HH@Z 100706c0 f   ImfBoxAttribute.obj
 0002:00011770       ?staticTypeName@?$TypedAttribute@V?$Box@V?$Vec2@M@Imath@@@Imath@@@Imf@@SAPBDXZ 10070770 f   ImfBoxAttribute.obj
 0002:000117b0       ?writeValueTo@?$TypedAttribute@V?$Box@V?$Vec2@M@Imath@@@Imath@@@Imf@@UBEXAAVOStream@2@H@Z 100707b0 f   ImfBoxAttribute.obj
 0002:00011870       ?readValueFrom@?$TypedAttribute@V?$Box@V?$Vec2@M@Imath@@@Imath@@@Imf@@UAEXAAVIStream@2@HH@Z 10070870 f   ImfBoxAttribute.obj
 0002:00011920       ??$write@UStreamIO@Imf@@VOStream@2@@Xdr@Imf@@YAXAAVOStream@1@H@Z 10070920 f i ImfBoxAttribute.obj
 0002:000119e0       ??$read@UStreamIO@Imf@@VIStream@2@@Xdr@Imf@@YAXAAVIStream@1@AAH@Z 100709e0 f i ImfBoxAttribute.obj
 0002:00011ab0       ??$writeSignedChars@UStreamIO@Imf@@VOStream@2@@Xdr@Imf@@YAXAAVOStream@1@QBCH@Z 10070ab0 f i ImfBoxAttribute.obj
 0002:00011b10       ??$readSignedChars@UStreamIO@Imf@@VIStream@2@@Xdr@Imf@@YAXAAVIStream@1@QACH@Z 10070b10 f i ImfBoxAttribute.obj
 0002:00011b70       ??0Channel@Imf@@QAE@W4PixelType@1@HH@Z 10070b70 f   ImfChannelList.obj
 0002:00011bd0       ??8Channel@Imf@@QBE_NABU01@@Z 10070bd0 f   ImfChannelList.obj
 0002:00011c60       ?insert@ChannelList@Imf@@QAEXQBDABUChannel@2@@Z 10070c60 f   ImfChannelList.obj
 0002:00011e20       ??0Name@Imf@@QAE@QBD@Z     10070e20 f i ImfChannelList.obj
 0002:00011e90       ??4Name@Imf@@QAEAAV01@QBD@Z 10070e90 f i ImfChannelList.obj
 0002:00011f00       ??AChannelList@Imf@@QAEAAUChannel@1@QBD@Z 10070f00 f   ImfChannelList.obj
 0002:00012180       ??1iterator@?$_Tree@V?$_Tmap_traits@VName@Imf@@UChannel@2@U?$less@VName@Imf@@@std@@V?$allocator@U?$pair@$$CBVName@Imf@@UChannel@2@@std@@@5@$0A@@std@@@std@@QAE@XZ 10071180 f i ImfChannelList.obj
 0002:000121d0       ??1const_iterator@?$_Tree@V?$_Tmap_traits@VName@Imf@@UChannel@2@U?$less@VName@Imf@@@std@@V?$allocator@U?$pair@$$CBVName@Imf@@UChannel@2@@std@@@5@$0A@@std@@@std@@QAE@XZ 100711d0 f i ImfChannelList.obj
 0002:00012220       ??1?$_Bidit@U?$pair@$$CBVName@Imf@@UChannel@2@@std@@HPBU12@ABU12@@std@@QAE@XZ 10071220 f i ImfChannelList.obj
 0002:00012270       ??AChannelList@Imf@@QBEABUChannel@1@QBD@Z 10071270 f   ImfChannelList.obj
 0002:000124f0       ?findChannel@ChannelList@Imf@@QAEPAUChannel@2@QBD@Z 100714f0 f   ImfChannelList.obj
 0002:00012680       ?findChannel@ChannelList@Imf@@QBEPBUChannel@2@QBD@Z 10071680 f   ImfChannelList.obj
 0002:00012810       ?begin@ChannelList@Imf@@QAE?AVIterator@12@XZ 10071810 f   ImfChannelList.obj
 0002:00012910       ??0Iterator@ChannelList@Imf@@QAE@ABViterator@?$_Tree@V?$_Tmap_traits@VName@Imf@@UChannel@2@U?$less@VName@Imf@@@std@@V?$allocator@U?$pair@$$CBVName@Imf@@UChannel@2@@std@@@5@$0A@@std@@@std@@@Z 10071910 f i ImfChannelList.obj
 0002:00012970       ??0iterator@?$_Tree@V?$_Tmap_traits@VName@Imf@@UChannel@2@U?$less@VName@Imf@@@std@@V?$allocator@U?$pair@$$CBVName@Imf@@UChannel@2@@std@@@5@$0A@@std@@@std@@QAE@ABV012@@Z 10071970 f i ImfChannelList.obj
 0002:000129d0       ??0const_iterator@?$_Tree@V?$_Tmap_traits@VName@Imf@@UChannel@2@U?$less@VName@Imf@@@std@@V?$allocator@U?$pair@$$CBVName@Imf@@UChannel@2@@std@@@5@$0A@@std@@@std@@QAE@ABV012@@Z 100719d0 f i ImfChannelList.obj
 0002:00012a40       ??0?$_Bidit@U?$pair@$$CBVName@Imf@@UChannel@2@@std@@HPBU12@ABU12@@std@@QAE@ABU01@@Z 10071a40 f i ImfChannelList.obj
 0002:00012aa0       ??1Iterator@ChannelList@Imf@@QAE@XZ 10071aa0 f i ImfChannelList.obj
 0002:00012af0       ?begin@ChannelList@Imf@@QBE?AVConstIterator@12@XZ 10071af0 f   ImfChannelList.obj
 0002:00012bf0       ??0ConstIterator@ChannelList@Imf@@QAE@ABVconst_iterator@?$_Tree@V?$_Tmap_traits@VName@Imf@@UChannel@2@U?$less@VName@Imf@@@std@@V?$allocator@U?$pair@$$CBVName@Imf@@UChannel@2@@std@@@5@$0A@@std@@@std@@@Z 10071bf0 f i ImfChannelList.obj
 0002:00012c50       ??1ConstIterator@ChannelList@Imf@@QAE@XZ 10071c50 f i ImfChannelList.obj
 0002:00012ca0       ?end@ChannelList@Imf@@QAE?AVIterator@12@XZ 10071ca0 f   ImfChannelList.obj
 0002:00012da0       ?end@ChannelList@Imf@@QBE?AVConstIterator@12@XZ 10071da0 f   ImfChannelList.obj
 0002:00012ea0       ?find@ChannelList@Imf@@QAE?AVIterator@12@QBD@Z 10071ea0 f   ImfChannelList.obj
 0002:00012fc0       ?find@ChannelList@Imf@@QBE?AVConstIterator@12@QBD@Z 10071fc0 f   ImfChannelList.obj
 0002:000130e0       ?layers@ChannelList@Imf@@QBEXAAV?$set@V?$basic_string@DU?$char_traits@D@std@@V?$allocator@D@2@@std@@U?$less@V?$basic_string@DU?$char_traits@D@std@@V?$allocator@D@2@@std@@@2@V?$allocator@V?$basic_string@DU?$char_traits@D@std@@V?$allocator@D@2@@std@@@2@@std@@@Z 100720e0 f   ImfChannelList.obj
 0002:00013360       ??EConstIterator@ChannelList@Imf@@QAEAAV012@XZ 10072360 f i ImfChannelList.obj
 0002:000133c0       ?name@ConstIterator@ChannelList@Imf@@QBEPBDXZ 100723c0 f i ImfChannelList.obj
 0002:00013420       ??DName@Imf@@QBEPBDXZ      10072420 f i ImfChannelList.obj
 0002:00013460       ??9Imf@@YA_NABVConstIterator@ChannelList@0@0@Z 10072460 f i ImfChannelList.obj
 0002:000134c0       ??8Imf@@YA_NABVConstIterator@ChannelList@0@0@Z 100724c0 f i ImfChannelList.obj
 0002:00013510       ??1?$pair@Viterator@?$_Tree@V?$_Tset_traits@V?$basic_string@DU?$char_traits@D@std@@V?$allocator@D@2@@std@@U?$less@V?$basic_string@DU?$char_traits@D@std@@V?$allocator@D@2@@std@@@2@V?$allocator@V?$basic_string@DU?$char_traits@D@std@@V?$allocator@D@2@@std@@@2@$0A@@std@@@std@@_N@std@@QAE@XZ 10072510 f i ImfChannelList.obj
 0002:00013560       ??1iterator@?$_Tree@V?$_Tset_traits@V?$basic_string@DU?$char_traits@D@std@@V?$allocator@D@2@@std@@U?$less@V?$basic_string@DU?$char_traits@D@std@@V?$allocator@D@2@@std@@@2@V?$allocator@V?$basic_string@DU?$char_traits@D@std@@V?$allocator@D@2@@std@@@2@$0A@@std@@@std@@QAE@XZ 10072560 f i ImfChannelList.obj
 0002:000135b0       ??1const_iterator@?$_Tree@V?$_Tset_traits@V?$basic_string@DU?$char_traits@D@std@@V?$allocator@D@2@@std@@U?$less@V?$basic_string@DU?$char_traits@D@std@@V?$allocator@D@2@@std@@@2@V?$allocator@V?$basic_string@DU?$char_traits@D@std@@V?$allocator@D@2@@std@@@2@$0A@@std@@@std@@QAE@XZ 100725b0 f i ImfChannelList.obj
 0002:00013600       ??1?$_Bidit@V?$basic_string@DU?$char_traits@D@std@@V?$allocator@D@2@@std@@HPBV12@ABV12@@std@@QAE@XZ 10072600 f i ImfChannelList.obj
 0002:00013650       ?channelsInLayer@ChannelList@Imf@@QAEXABV?$basic_string@DU?$char_traits@D@std@@V?$allocator@D@2@@std@@AAVIterator@12@1@Z 10072650 f   ImfChannelList.obj
 0002:00013770       ?channelsInLayer@ChannelList@Imf@@QBEXABV?$basic_string@DU?$char_traits@D@std@@V?$allocator@D@2@@std@@AAVConstIterator@12@1@Z 10072770 f   ImfChannelList.obj
 0002:00013890       ?channelsWithPrefix@ChannelList@Imf@@QAEXQBDAAVIterator@12@1@Z 10072890 f   ImfChannelList.obj
 0002:00013c20       ??EIterator@ChannelList@Imf@@QAEAAV012@XZ 10072c20 f i ImfChannelList.obj
 0002:00013c80       ?name@Iterator@ChannelList@Imf@@QBEPBDXZ 10072c80 f i ImfChannelList.obj
 0002:00013ce0       ??0ConstIterator@ChannelList@Imf@@QAE@ABVIterator@12@@Z 10072ce0 f i ImfChannelList.obj
 0002:00013d40       ??4Iterator@ChannelList@Imf@@QAEAAV012@ABV012@@Z 10072d40 f i ImfChannelList.obj
 0002:00013da0       ??4iterator@?$_Tree@V?$_Tmap_traits@VName@Imf@@UChannel@2@U?$less@VName@Imf@@@std@@V?$allocator@U?$pair@$$CBVName@Imf@@UChannel@2@@std@@@5@$0A@@std@@@std@@QAEAAV012@ABV012@@Z 10072da0 f i ImfChannelList.obj
 0002:00013e00       ??4const_iterator@?$_Tree@V?$_Tmap_traits@VName@Imf@@UChannel@2@U?$less@VName@Imf@@@std@@V?$allocator@U?$pair@$$CBVName@Imf@@UChannel@2@@std@@@5@$0A@@std@@@std@@QAEAAV012@ABV012@@Z 10072e00 f i ImfChannelList.obj
 0002:00013e70       ??4?$_Bidit@U?$pair@$$CBVName@Imf@@UChannel@2@@std@@HPBU12@ABU12@@std@@QAEAAU01@ABU01@@Z 10072e70 f i ImfChannelList.obj
 0002:00013ed0       ?channelsWithPrefix@ChannelList@Imf@@QBEXQBDAAVConstIterator@12@1@Z 10072ed0 f   ImfChannelList.obj
 0002:000141a0       ??4ConstIterator@ChannelList@Imf@@QAEAAV012@ABV012@@Z 100731a0 f i ImfChannelList.obj
 0002:00014200       ??8ChannelList@Imf@@QBE_NABV01@@Z 10073200 f   ImfChannelList.obj
 0002:00014640       ?channel@ConstIterator@ChannelList@Imf@@QBEABUChannel@3@XZ 10073640 f i ImfChannelList.obj
 0002:000146a0       ??A?$map@VName@Imf@@UChannel@2@U?$less@VName@Imf@@@std@@V?$allocator@U?$pair@$$CBVName@Imf@@UChannel@2@@std@@@5@@std@@QAEAAUChannel@Imf@@ABVName@3@@Z 100736a0 f i ImfChannelList.obj
 0002:00014950       ?begin@?$_Tree@V?$_Tmap_traits@VName@Imf@@UChannel@2@U?$less@VName@Imf@@@std@@V?$allocator@U?$pair@$$CBVName@Imf@@UChannel@2@@std@@@5@$0A@@std@@@std@@QAE?AViterator@12@XZ 10073950 f i ImfChannelList.obj
 0002:000149e0       ?begin@?$_Tree@V?$_Tmap_traits@VName@Imf@@UChannel@2@U?$less@VName@Imf@@@std@@V?$allocator@U?$pair@$$CBVName@Imf@@UChannel@2@@std@@@5@$0A@@std@@@std@@QBE?AVconst_iterator@12@XZ 100739e0 f i ImfChannelList.obj
 0002:00014a70       ?end@?$_Tree@V?$_Tmap_traits@VName@Imf@@UChannel@2@U?$less@VName@Imf@@@std@@V?$allocator@U?$pair@$$CBVName@Imf@@UChannel@2@@std@@@5@$0A@@std@@@std@@QAE?AViterator@12@XZ 10073a70 f i ImfChannelList.obj
 0002:00014b00       ?end@?$_Tree@V?$_Tmap_traits@VName@Imf@@UChannel@2@U?$less@VName@Imf@@@std@@V?$allocator@U?$pair@$$CBVName@Imf@@UChannel@2@@std@@@5@$0A@@std@@@std@@QBE?AVconst_iterator@12@XZ 10073b00 f i ImfChannelList.obj
 0002:00014b90       ?find@?$_Tree@V?$_Tmap_traits@VName@Imf@@UChannel@2@U?$less@VName@Imf@@@std@@V?$allocator@U?$pair@$$CBVName@Imf@@UChannel@2@@std@@@5@$0A@@std@@@std@@QAE?AViterator@12@ABVName@Imf@@@Z 10073b90 f i ImfChannelList.obj
 0002:00014e10       ?find@?$_Tree@V?$_Tmap_traits@VName@Imf@@UChannel@2@U?$less@VName@Imf@@@std@@V?$allocator@U?$pair@$$CBVName@Imf@@UChannel@2@@std@@@5@$0A@@std@@@std@@QBE?AVconst_iterator@12@ABVName@Imf@@@Z 10073e10 f i ImfChannelList.obj
 0002:00015090       ?lower_bound@?$_Tree@V?$_Tmap_traits@VName@Imf@@UChannel@2@U?$less@VName@Imf@@@std@@V?$allocator@U?$pair@$$CBVName@Imf@@UChannel@2@@std@@@5@$0A@@std@@@std@@QAE?AViterator@12@ABVName@Imf@@@Z 10074090 f i ImfChannelList.obj
 0002:00015120       ?lower_bound@?$_Tree@V?$_Tmap_traits@VName@Imf@@UChannel@2@U?$less@VName@Imf@@@std@@V?$allocator@U?$pair@$$CBVName@Imf@@UChannel@2@@std@@@5@$0A@@std@@@std@@QBE?AVconst_iterator@12@ABVName@Imf@@@Z 10074120 f i ImfChannelList.obj
 0002:000151b0       ??Citerator@?$_Tree@V?$_Tmap_traits@VName@Imf@@UChannel@2@U?$less@VName@Imf@@@std@@V?$allocator@U?$pair@$$CBVName@Imf@@UChannel@2@@std@@@5@$0A@@std@@@std@@QBEPAU?$pair@$$CBVName@Imf@@UChannel@2@@2@XZ 100741b0 f i ImfChannelList.obj
 0002:00015200       ??Eiterator@?$_Tree@V?$_Tmap_traits@VName@Imf@@UChannel@2@U?$less@VName@Imf@@@std@@V?$allocator@U?$pair@$$CBVName@Imf@@UChannel@2@@std@@@5@$0A@@std@@@std@@QAEAAV012@XZ 10074200 f i ImfChannelList.obj
 0002:00015260       ??Cconst_iterator@?$_Tree@V?$_Tmap_traits@VName@Imf@@UChannel@2@U?$less@VName@Imf@@@std@@V?$allocator@U?$pair@$$CBVName@Imf@@UChannel@2@@std@@@5@$0A@@std@@@std@@QBEPBU?$pair@$$CBVName@Imf@@UChannel@2@@2@XZ 10074260 f i ImfChannelList.obj
 0002:000152b0       ??Econst_iterator@?$_Tree@V?$_Tmap_traits@VName@Imf@@UChannel@2@U?$less@VName@Imf@@@std@@V?$allocator@U?$pair@$$CBVName@Imf@@UChannel@2@@std@@@5@$0A@@std@@@std@@QAEAAV012@XZ 100742b0 f i ImfChannelList.obj
 0002:00015310       ??8const_iterator@?$_Tree@V?$_Tmap_traits@VName@Imf@@UChannel@2@U?$less@VName@Imf@@@std@@V?$allocator@U?$pair@$$CBVName@Imf@@UChannel@2@@std@@@5@$0A@@std@@@std@@QBE_NABV012@@Z 10074310 f i ImfChannelList.obj
 0002:00015420       ?insert@?$_Tree@V?$_Tset_traits@V?$basic_string@DU?$char_traits@D@std@@V?$allocator@D@2@@std@@U?$less@V?$basic_string@DU?$char_traits@D@std@@V?$allocator@D@2@@std@@@2@V?$allocator@V?$basic_string@DU?$char_traits@D@std@@V?$allocator@D@2@@std@@@2@$0A@@std@@@std@@QAE?AU?$pair@Viterator@?$_Tree@V?$_Tset_traits@V?$basic_string@DU?$char_traits@D@std@@V?$allocator@D@2@@std@@U?$less@V?$basic_string@DU?$char_traits@D@std@@V?$allocator@D@2@@std@@@2@V?$allocator@V?$basic_string@DU?$char_traits@D@std@@V?$allocator@D@2@@std@@@2@$0A@@std@@@std@@_N@2@ABV?$basic_string@DU?$char_traits@D@std@@V?$allocator@D@2@@2@@Z 10074420 f i ImfChannelList.obj
 0002:000158e0       ?clear@?$_Tree@V?$_Tset_traits@V?$basic_string@DU?$char_traits@D@std@@V?$allocator@D@2@@std@@U?$less@V?$basic_string@DU?$char_traits@D@std@@V?$allocator@D@2@@std@@@2@V?$allocator@V?$basic_string@DU?$char_traits@D@std@@V?$allocator@D@2@@std@@@2@$0A@@std@@@std@@QAEXXZ 100748e0 f i ImfChannelList.obj
 0002:000159a0       ?_Key@?$_Tree@V?$_Tmap_traits@VName@Imf@@UChannel@2@U?$less@VName@Imf@@@std@@V?$allocator@U?$pair@$$CBVName@Imf@@UChannel@2@@std@@@5@$0A@@std@@@std@@KAABVName@Imf@@PAU_Node@?$_Tree_nod@V?$_Tmap_traits@VName@Imf@@UChannel@2@U?$less@VName@Imf@@@std@@V?$allocator@U?$pair@$$CBVName@Imf@@UChannel@2@@std@@@5@$0A@@std@@@2@@Z 100749a0 f i ImfChannelList.obj
 0002:00015a00       ?insert@?$_Tree@V?$_Tmap_traits@VName@Imf@@UChannel@2@U?$less@VName@Imf@@@std@@V?$allocator@U?$pair@$$CBVName@Imf@@UChannel@2@@std@@@5@$0A@@std@@@std@@QAE?AViterator@12@V312@ABU?$pair@$$CBVName@Imf@@UChannel@2@@2@@Z 10074a00 f i ImfChannelList.obj
 0002:000168d0       ??0iterator@?$_Tree@V?$_Tmap_traits@VName@Imf@@UChannel@2@U?$less@VName@Imf@@@std@@V?$allocator@U?$pair@$$CBVName@Imf@@UChannel@2@@std@@@5@$0A@@std@@@std@@QAE@XZ 100758d0 f i ImfChannelList.obj
 0002:00016930       ??0const_iterator@?$_Tree@V?$_Tmap_traits@VName@Imf@@UChannel@2@U?$less@VName@Imf@@@std@@V?$allocator@U?$pair@$$CBVName@Imf@@UChannel@2@@std@@@5@$0A@@std@@@std@@QAE@XZ 10075930 f i ImfChannelList.obj
 0002:00016990       ??0?$_Bidit@U?$pair@$$CBVName@Imf@@UChannel@2@@std@@HPBU12@ABU12@@std@@QAE@XZ 10075990 f i ImfChannelList.obj
 0002:000169f0       ?_Lbound@?$_Tree@V?$_Tmap_traits@VName@Imf@@UChannel@2@U?$less@VName@Imf@@@std@@V?$allocator@U?$pair@$$CBVName@Imf@@UChannel@2@@std@@@5@$0A@@std@@@std@@IBEPAU_Node@?$_Tree_nod@V?$_Tmap_traits@VName@Imf@@UChannel@2@U?$less@VName@Imf@@@std@@V?$allocator@U?$pair@$$CBVName@Imf@@UChannel@2@@std@@@5@$0A@@std@@@2@ABVName@Imf@@@Z 100759f0 f i ImfChannelList.obj
 0002:00016af0       ?_Lmost@?$_Tree@V?$_Tmap_traits@VName@Imf@@UChannel@2@U?$less@VName@Imf@@@std@@V?$allocator@U?$pair@$$CBVName@Imf@@UChannel@2@@std@@@5@$0A@@std@@@std@@IBEAAPAU_Node@?$_Tree_nod@V?$_Tmap_traits@VName@Imf@@UChannel@2@U?$less@VName@Imf@@@std@@V?$allocator@U?$pair@$$CBVName@Imf@@UChannel@2@@std@@@5@$0A@@std@@@2@XZ 10075af0 f i ImfChannelList.obj
 0002:00016b50       ??R?$less@VName@Imf@@@std@@QBE_NABVName@Imf@@0@Z 10075b50 f i ImfChannelList.obj
 0002:00016bb0       ??MImf@@YA_NABVName@0@0@Z  10075bb0 f i ImfChannelList.obj
 0002:00016c20       ??0iterator@?$_Tree@V?$_Tmap_traits@VName@Imf@@UChannel@2@U?$less@VName@Imf@@@std@@V?$allocator@U?$pair@$$CBVName@Imf@@UChannel@2@@std@@@5@$0A@@std@@@std@@QAE@PAU_Node@?$_Tree_nod@V?$_Tmap_traits@VName@Imf@@UChannel@2@U?$less@VName@Imf@@@std@@V?$allocator@U?$pair@$$CBVName@Imf@@UChannel@2@@std@@@5@$0A@@std@@@2@PBV12@@Z 10075c20 f i ImfChannelList.obj
 0002:00016c80       ??Diterator@?$_Tree@V?$_Tmap_traits@VName@Imf@@UChannel@2@U?$less@VName@Imf@@@std@@V?$allocator@U?$pair@$$CBVName@Imf@@UChannel@2@@std@@@5@$0A@@std@@@std@@QBEAAU?$pair@$$CBVName@Imf@@UChannel@2@@2@XZ 10075c80 f i ImfChannelList.obj
 0002:00016cd0       ??0const_iterator@?$_Tree@V?$_Tmap_traits@VName@Imf@@UChannel@2@U?$less@VName@Imf@@@std@@V?$allocator@U?$pair@$$CBVName@Imf@@UChannel@2@@std@@@5@$0A@@std@@@std@@QAE@PAU_Node@?$_Tree_nod@V?$_Tmap_traits@VName@Imf@@UChannel@2@U?$less@VName@Imf@@@std@@V?$allocator@U?$pair@$$CBVName@Imf@@UChannel@2@@std@@@5@$0A@@std@@@2@PBV12@@Z 10075cd0 f i ImfChannelList.obj
 0002:00016d90       ??Dconst_iterator@?$_Tree@V?$_Tmap_traits@VName@Imf@@UChannel@2@U?$less@VName@Imf@@@std@@V?$allocator@U?$pair@$$CBVName@Imf@@UChannel@2@@std@@@5@$0A@@std@@@std@@QBEABU?$pair@$$CBVName@Imf@@UChannel@2@@2@XZ 10075d90 f i ImfChannelList.obj
 0002:00016ea0       ?_Inc@const_iterator@?$_Tree@V?$_Tmap_traits@VName@Imf@@UChannel@2@U?$less@VName@Imf@@@std@@V?$allocator@U?$pair@$$CBVName@Imf@@UChannel@2@@std@@@5@$0A@@std@@@std@@QAEXXZ 10075ea0 f i ImfChannelList.obj
 0002:00017060       ?_Mynode@const_iterator@?$_Tree@V?$_Tmap_traits@VName@Imf@@UChannel@2@U?$less@VName@Imf@@@std@@V?$allocator@U?$pair@$$CBVName@Imf@@UChannel@2@@std@@@5@$0A@@std@@@std@@QBEPAU_Node@?$_Tree_nod@V?$_Tmap_traits@VName@Imf@@UChannel@2@U?$less@VName@Imf@@@std@@V?$allocator@U?$pair@$$CBVName@Imf@@UChannel@2@@std@@@5@$0A@@std@@@3@XZ 10076060 f i ImfChannelList.obj
 0002:000170a0       ??0?$pair@$$CBVName@Imf@@UChannel@2@@std@@QAE@ABVName@Imf@@ABUChannel@3@@Z 100760a0 f i ImfChannelList.obj
 0002:00017110       ?_Isnil@?$_Tree@V?$_Tset_traits@V?$basic_string@DU?$char_traits@D@std@@V?$allocator@D@2@@std@@U?$less@V?$basic_string@DU?$char_traits@D@std@@V?$allocator@D@2@@std@@@2@V?$allocator@V?$basic_string@DU?$char_traits@D@std@@V?$allocator@D@2@@std@@@2@$0A@@std@@@std@@KAAADPAU_Node@?$_Tree_nod@V?$_Tset_traits@V?$basic_string@DU?$char_traits@D@std@@V?$allocator@D@2@@std@@U?$less@V?$basic_string@DU?$char_traits@D@std@@V?$allocator@D@2@@std@@@2@V?$allocator@V?$basic_string@DU?$char_traits@D@std@@V?$allocator@D@2@@std@@@2@$0A@@std@@@2@@Z 10076110 f i ImfChannelList.obj
 0002:00017150       ?_Key@?$_Tree@V?$_Tset_traits@V?$basic_string@DU?$char_traits@D@std@@V?$allocator@D@2@@std@@U?$less@V?$basic_string@DU?$char_traits@D@std@@V?$allocator@D@2@@std@@@2@V?$allocator@V?$basic_string@DU?$char_traits@D@std@@V?$allocator@D@2@@std@@@2@$0A@@std@@@std@@KAABV?$basic_string@DU?$char_traits@D@std@@V?$allocator@D@2@@2@PAU_Node@?$_Tree_nod@V?$_Tset_traits@V?$basic_string@DU?$char_traits@D@std@@V?$allocator@D@2@@std@@U?$less@V?$basic_string@DU?$char_traits@D@std@@V?$allocator@D@2@@std@@@2@V?$allocator@V?$basic_string@DU?$char_traits@D@std@@V?$allocator@D@2@@std@@@2@$0A@@std@@@2@@Z 10076150 f i ImfChannelList.obj
 0002:000171b0       ?_Left@?$_Tree@V?$_Tset_traits@V?$basic_string@DU?$char_traits@D@std@@V?$allocator@D@2@@std@@U?$less@V?$basic_string@DU?$char_traits@D@std@@V?$allocator@D@2@@std@@@2@V?$allocator@V?$basic_string@DU?$char_traits@D@std@@V?$allocator@D@2@@std@@@2@$0A@@std@@@std@@KAAAPAU_Node@?$_Tree_nod@V?$_Tset_traits@V?$basic_string@DU?$char_traits@D@std@@V?$allocator@D@2@@std@@U?$less@V?$basic_string@DU?$char_traits@D@std@@V?$allocator@D@2@@std@@@2@V?$allocator@V?$basic_string@DU?$char_traits@D@std@@V?$allocator@D@2@@std@@@2@$0A@@std@@@2@PAU342@@Z 100761b0 f i ImfChannelList.obj
 0002:000171f0       ?_Right@?$_Tree@V?$_Tset_traits@V?$basic_string@DU?$char_traits@D@std@@V?$allocator@D@2@@std@@U?$less@V?$basic_string@DU?$char_traits@D@std@@V?$allocator@D@2@@std@@@2@V?$allocator@V?$basic_string@DU?$char_traits@D@std@@V?$allocator@D@2@@std@@@2@$0A@@std@@@std@@KAAAPAU_Node@?$_Tree_nod@V?$_Tset_traits@V?$basic_string@DU?$char_traits@D@std@@V?$allocator@D@2@@std@@U?$less@V?$basic_string@DU?$char_traits@D@std@@V?$allocator@D@2@@std@@@2@V?$allocator@V?$basic_string@DU?$char_traits@D@std@@V?$allocator@D@2@@std@@@2@$0A@@std@@@2@PAU342@@Z 100761f0 f i ImfChannelList.obj
 0002:00017230       ?begin@?$_Tree@V?$_Tset_traits@V?$basic_string@DU?$char_traits@D@std@@V?$allocator@D@2@@std@@U?$less@V?$basic_string@DU?$char_traits@D@std@@V?$allocator@D@2@@std@@@2@V?$allocator@V?$basic_string@DU?$char_traits@D@std@@V?$allocator@D@2@@std@@@2@$0A@@std@@@std@@QAE?AViterator@12@XZ 10076230 f i ImfChannelList.obj
 0002:000172c0       ?_Erase@?$_Tree@V?$_Tset_traits@V?$basic_string@DU?$char_traits@D@std@@V?$allocator@D@2@@std@@U?$less@V?$basic_string@DU?$char_traits@D@std@@V?$allocator@D@2@@std@@@2@V?$allocator@V?$basic_string@DU?$char_traits@D@std@@V?$allocator@D@2@@std@@@2@$0A@@std@@@std@@IAEXPAU_Node@?$_Tree_nod@V?$_Tset_traits@V?$basic_string@DU?$char_traits@D@std@@V?$allocator@D@2@@std@@U?$less@V?$basic_string@DU?$char_traits@D@std@@V?$allocator@D@2@@std@@@2@V?$allocator@V?$basic_string@DU?$char_traits@D@std@@V?$allocator@D@2@@std@@@2@$0A@@std@@@2@@Z 100762c0 f i ImfChannelList.obj
 0002:00017390       ?_Insert@?$_Tree@V?$_Tset_traits@V?$basic_string@DU?$char_traits@D@std@@V?$allocator@D@2@@std@@U?$less@V?$basic_string@DU?$char_traits@D@std@@V?$allocator@D@2@@std@@@2@V?$allocator@V?$basic_string@DU?$char_traits@D@std@@V?$allocator@D@2@@std@@@2@$0A@@std@@@std@@IAE?AViterator@12@_NPAU_Node@?$_Tree_nod@V?$_Tset_traits@V?$basic_string@DU?$char_traits@D@std@@V?$allocator@D@2@@std@@U?$less@V?$basic_string@DU?$char_traits@D@std@@V?$allocator@D@2@@std@@@2@V?$allocator@V?$basic_string@DU?$char_traits@D@std@@V?$allocator@D@2@@std@@@2@$0A@@std@@@2@ABV?$basic_string@DU?$char_traits@D@std@@V?$allocator@D@2@@2@@Z 10076390 f i ImfChannelList.obj
 0002:000179a0       ?_Lmost@?$_Tree@V?$_Tset_traits@V?$basic_string@DU?$char_traits@D@std@@V?$allocator@D@2@@std@@U?$less@V?$basic_string@DU?$char_traits@D@std@@V?$allocator@D@2@@std@@@2@V?$allocator@V?$basic_string@DU?$char_traits@D@std@@V?$allocator@D@2@@std@@@2@$0A@@std@@@std@@IBEAAPAU_Node@?$_Tree_nod@V?$_Tset_traits@V?$basic_string@DU?$char_traits@D@std@@V?$allocator@D@2@@std@@U?$less@V?$basic_string@DU?$char_traits@D@std@@V?$allocator@D@2@@std@@@2@V?$allocator@V?$basic_string@DU?$char_traits@D@std@@V?$allocator@D@2@@std@@@2@$0A@@std@@@2@XZ 100769a0 f i ImfChannelList.obj
 0002:00017a00       ?_Rmost@?$_Tree@V?$_Tset_traits@V?$basic_string@DU?$char_traits@D@std@@V?$allocator@D@2@@std@@U?$less@V?$basic_string@DU?$char_traits@D@std@@V?$allocator@D@2@@std@@@2@V?$allocator@V?$basic_string@DU?$char_traits@D@std@@V?$allocator@D@2@@std@@@2@$0A@@std@@@std@@IBEAAPAU_Node@?$_Tree_nod@V?$_Tset_traits@V?$basic_string@DU?$char_traits@D@std@@V?$allocator@D@2@@std@@U?$less@V?$basic_string@DU?$char_traits@D@std@@V?$allocator@D@2@@std@@@2@V?$allocator@V?$basic_string@DU?$char_traits@D@std@@V?$allocator@D@2@@std@@@2@$0A@@std@@@2@XZ 10076a00 f i ImfChannelList.obj
 0002:00017a60       ?_Root@?$_Tree@V?$_Tset_traits@V?$basic_string@DU?$char_traits@D@std@@V?$allocator@D@2@@std@@U?$less@V?$basic_string@DU?$char_traits@D@std@@V?$allocator@D@2@@std@@@2@V?$allocator@V?$basic_string@DU?$char_traits@D@std@@V?$allocator@D@2@@std@@@2@$0A@@std@@@std@@IBEAAPAU_Node@?$_Tree_nod@V?$_Tset_traits@V?$basic_string@DU?$char_traits@D@std@@V?$allocator@D@2@@std@@U?$less@V?$basic_string@DU?$char_traits@D@std@@V?$allocator@D@2@@std@@@2@V?$allocator@V?$basic_string@DU?$char_traits@D@std@@V?$allocator@D@2@@std@@@2@$0A@@std@@@2@XZ 10076a60 f i ImfChannelList.obj
 0002:00017ac0       ?_Orphan_ptr@?$_Tree@V?$_Tset_traits@V?$basic_string@DU?$char_traits@D@std@@V?$allocator@D@2@@std@@U?$less@V?$basic_string@DU?$char_traits@D@std@@V?$allocator@D@2@@std@@@2@V?$allocator@V?$basic_string@DU?$char_traits@D@std@@V?$allocator@D@2@@std@@@2@$0A@@std@@@std@@IBEXAAV12@PAU_Node@?$_Tree_nod@V?$_Tset_traits@V?$basic_string@DU?$char_traits@D@std@@V?$allocator@D@2@@std@@U?$less@V?$basic_string@DU?$char_traits@D@std@@V?$allocator@D@2@@std@@@2@V?$allocator@V?$basic_string@DU?$char_traits@D@std@@V?$allocator@D@2@@std@@@2@$0A@@std@@@2@@Z 10076ac0 f i ImfChannelList.obj
 0002:00017be0       ?_Kfn@?$_Tset_traits@V?$basic_string@DU?$char_traits@D@std@@V?$allocator@D@2@@std@@U?$less@V?$basic_string@DU?$char_traits@D@std@@V?$allocator@D@2@@std@@@2@V?$allocator@V?$basic_string@DU?$char_traits@D@std@@V?$allocator@D@2@@std@@@2@$0A@@std@@SAABV?$basic_string@DU?$char_traits@D@std@@V?$allocator@D@2@@2@ABV32@@Z 10076be0 f i ImfChannelList.obj
 0002:00017c20       ??0?$pair@Viterator@?$_Tree@V?$_Tset_traits@V?$basic_string@DU?$char_traits@D@std@@V?$allocator@D@2@@std@@U?$less@V?$basic_string@DU?$char_traits@D@std@@V?$allocator@D@2@@std@@@2@V?$allocator@V?$basic_string@DU?$char_traits@D@std@@V?$allocator@D@2@@std@@@2@$0A@@std@@@std@@_N@std@@QAE@ABViterator@?$_Tree@V?$_Tset_traits@V?$basic_string@DU?$char_traits@D@std@@V?$allocator@D@2@@std@@U?$less@V?$basic_string@DU?$char_traits@D@std@@V?$allocator@D@2@@std@@@2@V?$allocator@V?$basic_string@DU?$char_traits@D@std@@V?$allocator@D@2@@std@@@2@$0A@@std@@@1@AB_N@Z 10076c20 f i ImfChannelList.obj
 0002:00017c90       ??0iterator@?$_Tree@V?$_Tset_traits@V?$basic_string@DU?$char_traits@D@std@@V?$allocator@D@2@@std@@U?$less@V?$basic_string@DU?$char_traits@D@std@@V?$allocator@D@2@@std@@@2@V?$allocator@V?$basic_string@DU?$char_traits@D@std@@V?$allocator@D@2@@std@@@2@$0A@@std@@@std@@QAE@PAU_Node@?$_Tree_nod@V?$_Tset_traits@V?$basic_string@DU?$char_traits@D@std@@V?$allocator@D@2@@std@@U?$less@V?$basic_string@DU?$char_traits@D@std@@V?$allocator@D@2@@std@@@2@V?$allocator@V?$basic_string@DU?$char_traits@D@std@@V?$allocator@D@2@@std@@@2@$0A@@std@@@2@PBV12@@Z 10076c90 f i ImfChannelList.obj
 0002:00017cf0       ??Fiterator@?$_Tree@V?$_Tset_traits@V?$basic_string@DU?$char_traits@D@std@@V?$allocator@D@2@@std@@U?$less@V?$basic_string@DU?$char_traits@D@std@@V?$allocator@D@2@@std@@@2@V?$allocator@V?$basic_string@DU?$char_traits@D@std@@V?$allocator@D@2@@std@@@2@$0A@@std@@@std@@QAEAAV012@XZ 10076cf0 f i ImfChannelList.obj
 0002:00017d50       ??8const_iterator@?$_Tree@V?$_Tset_traits@V?$basic_string@DU?$char_traits@D@std@@V?$allocator@D@2@@std@@U?$less@V?$basic_string@DU?$char_traits@D@std@@V?$allocator@D@2@@std@@@2@V?$allocator@V?$basic_string@DU?$char_traits@D@std@@V?$allocator@D@2@@std@@@2@$0A@@std@@@std@@QBE_NABV012@@Z 10076d50 f i ImfChannelList.obj
 0002:00017e60       ?_Mynode@const_iterator@?$_Tree@V?$_Tset_traits@V?$basic_string@DU?$char_traits@D@std@@V?$allocator@D@2@@std@@U?$less@V?$basic_string@DU?$char_traits@D@std@@V?$allocator@D@2@@std@@@2@V?$allocator@V?$basic_string@DU?$char_traits@D@std@@V?$allocator@D@2@@std@@@2@$0A@@std@@@std@@QBEPAU_Node@?$_Tree_nod@V?$_Tset_traits@V?$basic_string@DU?$char_traits@D@std@@V?$allocator@D@2@@std@@U?$less@V?$basic_string@DU?$char_traits@D@std@@V?$allocator@D@2@@std@@@2@V?$allocator@V?$basic_string@DU?$char_traits@D@std@@V?$allocator@D@2@@std@@@2@$0A@@std@@@3@XZ 10076e60 f i ImfChannelList.obj
 0002:00017ea0       ??1?$pair@Viterator@?$_Tree@V?$_Tmap_traits@VName@Imf@@UChannel@2@U?$less@VName@Imf@@@std@@V?$allocator@U?$pair@$$CBVName@Imf@@UChannel@2@@std@@@5@$0A@@std@@@std@@_N@std@@QAE@XZ 10076ea0 f i ImfChannelList.obj
 0002:00017ef0       ??0iterator@?$_Tree@V?$_Tset_traits@V?$basic_string@DU?$char_traits@D@std@@V?$allocator@D@2@@std@@U?$less@V?$basic_string@DU?$char_traits@D@std@@V?$allocator@D@2@@std@@@2@V?$allocator@V?$basic_string@DU?$char_traits@D@std@@V?$allocator@D@2@@std@@@2@$0A@@std@@@std@@QAE@ABV012@@Z 10076ef0 f i ImfChannelList.obj
 0002:00017f50       ??0const_iterator@?$_Tree@V?$_Tset_traits@V?$basic_string@DU?$char_traits@D@std@@V?$allocator@D@2@@std@@U?$less@V?$basic_string@DU?$char_traits@D@std@@V?$allocator@D@2@@std@@@2@V?$allocator@V?$basic_string@DU?$char_traits@D@std@@V?$allocator@D@2@@std@@@2@$0A@@std@@@std@@QAE@ABV012@@Z 10076f50 f i ImfChannelList.obj
 0002:00017fc0       ??0?$_Bidit@V?$basic_string@DU?$char_traits@D@std@@V?$allocator@D@2@@std@@HPBV12@ABV12@@std@@QAE@ABU01@@Z 10076fc0 f i ImfChannelList.obj
 0002:00018020       ?_Isnil@?$_Tree@V?$_Tmap_traits@VName@Imf@@UChannel@2@U?$less@VName@Imf@@@std@@V?$allocator@U?$pair@$$CBVName@Imf@@UChannel@2@@std@@@5@$0A@@std@@@std@@KAAADPAU_Node@?$_Tree_nod@V?$_Tmap_traits@VName@Imf@@UChannel@2@U?$less@VName@Imf@@@std@@V?$allocator@U?$pair@$$CBVName@Imf@@UChannel@2@@std@@@5@$0A@@std@@@2@@Z 10077020 f i ImfChannelList.obj
 0002:00018060       ?_Left@?$_Tree@V?$_Tmap_traits@VName@Imf@@UChannel@2@U?$less@VName@Imf@@@std@@V?$allocator@U?$pair@$$CBVName@Imf@@UChannel@2@@std@@@5@$0A@@std@@@std@@KAAAPAU_Node@?$_Tree_nod@V?$_Tmap_traits@VName@Imf@@UChannel@2@U?$less@VName@Imf@@@std@@V?$allocator@U?$pair@$$CBVName@Imf@@UChannel@2@@std@@@5@$0A@@std@@@2@PAU342@@Z 10077060 f i ImfChannelList.obj
 0002:000180a0       ?_Parent@?$_Tree@V?$_Tmap_traits@VName@Imf@@UChannel@2@U?$less@VName@Imf@@@std@@V?$allocator@U?$pair@$$CBVName@Imf@@UChannel@2@@std@@@5@$0A@@std@@@std@@KAAAPAU_Node@?$_Tree_nod@V?$_Tmap_traits@VName@Imf@@UChannel@2@U?$less@VName@Imf@@@std@@V?$allocator@U?$pair@$$CBVName@Imf@@UChannel@2@@std@@@5@$0A@@std@@@2@PAU342@@Z 100770a0 f i ImfChannelList.obj
 0002:000180e0       ?_Right@?$_Tree@V?$_Tmap_traits@VName@Imf@@UChannel@2@U?$less@VName@Imf@@@std@@V?$allocator@U?$pair@$$CBVName@Imf@@UChannel@2@@std@@@5@$0A@@std@@@std@@KAAAPAU_Node@?$_Tree_nod@V?$_Tmap_traits@VName@Imf@@UChannel@2@U?$less@VName@Imf@@@std@@V?$allocator@U?$pair@$$CBVName@Imf@@UChannel@2@@std@@@5@$0A@@std@@@2@PAU342@@Z 100770e0 f i ImfChannelList.obj
 0002:00018120       ?_Myval@?$_Tree@V?$_Tmap_traits@VName@Imf@@UChannel@2@U?$less@VName@Imf@@@std@@V?$allocator@U?$pair@$$CBVName@Imf@@UChannel@2@@std@@@5@$0A@@std@@@std@@KAAAU?$pair@$$CBVName@Imf@@UChannel@2@@2@PAU_Node@?$_Tree_nod@V?$_Tmap_traits@VName@Imf@@UChannel@2@U?$less@VName@Imf@@@std@@V?$allocator@U?$pair@$$CBVName@Imf@@UChannel@2@@std@@@5@$0A@@std@@@2@@Z 10077120 f i ImfChannelList.obj
 0002:00018160       ?size@?$_Tree@V?$_Tmap_traits@VName@Imf@@UChannel@2@U?$less@VName@Imf@@@std@@V?$allocator@U?$pair@$$CBVName@Imf@@UChannel@2@@std@@@5@$0A@@std@@@std@@QBEIXZ 10077160 f i ImfChannelList.obj
 0002:000181a0       ?insert@?$_Tree@V?$_Tmap_traits@VName@Imf@@UChannel@2@U?$less@VName@Imf@@@std@@V?$allocator@U?$pair@$$CBVName@Imf@@UChannel@2@@std@@@5@$0A@@std@@@std@@QAE?AU?$pair@Viterator@?$_Tree@V?$_Tmap_traits@VName@Imf@@UChannel@2@U?$less@VName@Imf@@@std@@V?$allocator@U?$pair@$$CBVName@Imf@@UChannel@2@@std@@@5@$0A@@std@@@std@@_N@2@ABU?$pair@$$CBVName@Imf@@UChannel@2@@2@@Z 100771a0 f i ImfChannelList.obj
 0002:00018660       ?_Insert@?$_Tree@V?$_Tmap_traits@VName@Imf@@UChannel@2@U?$less@VName@Imf@@@std@@V?$allocator@U?$pair@$$CBVName@Imf@@UChannel@2@@std@@@5@$0A@@std@@@std@@IAE?AViterator@12@_NPAU_Node@?$_Tree_nod@V?$_Tmap_traits@VName@Imf@@UChannel@2@U?$less@VName@Imf@@@std@@V?$allocator@U?$pair@$$CBVName@Imf@@UChannel@2@@std@@@5@$0A@@std@@@2@ABU?$pair@$$CBVName@Imf@@UChannel@2@@2@@Z 10077660 f i ImfChannelList.obj
 0002:00018c70       ?_Min@?$_Tree@V?$_Tmap_traits@VName@Imf@@UChannel@2@U?$less@VName@Imf@@@std@@V?$allocator@U?$pair@$$CBVName@Imf@@UChannel@2@@std@@@5@$0A@@std@@@std@@KAPAU_Node@?$_Tree_nod@V?$_Tmap_traits@VName@Imf@@UChannel@2@U?$less@VName@Imf@@@std@@V?$allocator@U?$pair@$$CBVName@Imf@@UChannel@2@@std@@@5@$0A@@std@@@2@PAU342@@Z 10077c70 f i ImfChannelList.obj
 0002:00018cf0       ?_Rmost@?$_Tree@V?$_Tmap_traits@VName@Imf@@UChannel@2@U?$less@VName@Imf@@@std@@V?$allocator@U?$pair@$$CBVName@Imf@@UChannel@2@@std@@@5@$0A@@std@@@std@@IBEAAPAU_Node@?$_Tree_nod@V?$_Tmap_traits@VName@Imf@@UChannel@2@U?$less@VName@Imf@@@std@@V?$allocator@U?$pair@$$CBVName@Imf@@UChannel@2@@std@@@5@$0A@@std@@@2@XZ 10077cf0 f i ImfChannelList.obj
 0002:00018d50       ?_Root@?$_Tree@V?$_Tmap_traits@VName@Imf@@UChannel@2@U?$less@VName@Imf@@@std@@V?$allocator@U?$pair@$$CBVName@Imf@@UChannel@2@@std@@@5@$0A@@std@@@std@@IBEAAPAU_Node@?$_Tree_nod@V?$_Tmap_traits@VName@Imf@@UChannel@2@U?$less@VName@Imf@@@std@@V?$allocator@U?$pair@$$CBVName@Imf@@UChannel@2@@std@@@5@$0A@@std@@@2@XZ 10077d50 f i ImfChannelList.obj
 0002:00018db0       ?_Kfn@?$_Tmap_traits@VName@Imf@@UChannel@2@U?$less@VName@Imf@@@std@@V?$allocator@U?$pair@$$CBVName@Imf@@UChannel@2@@std@@@5@$0A@@std@@SAABVName@Imf@@ABU?$pair@$$CBVName@Imf@@UChannel@2@@2@@Z 10077db0 f i ImfChannelList.obj
 0002:00018df0       ??Fiterator@?$_Tree@V?$_Tmap_traits@VName@Imf@@UChannel@2@U?$less@VName@Imf@@@std@@V?$allocator@U?$pair@$$CBVName@Imf@@UChannel@2@@std@@@5@$0A@@std@@@std@@QAEAAV012@XZ 10077df0 f i ImfChannelList.obj
 0002:00018e50       ?_Color@?$_Tree@V?$_Tset_traits@V?$basic_string@DU?$char_traits@D@std@@V?$allocator@D@2@@std@@U?$less@V?$basic_string@DU?$char_traits@D@std@@V?$allocator@D@2@@std@@@2@V?$allocator@V?$basic_string@DU?$char_traits@D@std@@V?$allocator@D@2@@std@@@2@$0A@@std@@@std@@KAAADPAU_Node@?$_Tree_nod@V?$_Tset_traits@V?$basic_string@DU?$char_traits@D@std@@V?$allocator@D@2@@std@@U?$less@V?$basic_string@DU?$char_traits@D@std@@V?$allocator@D@2@@std@@@2@V?$allocator@V?$basic_string@DU?$char_traits@D@std@@V?$allocator@D@2@@std@@@2@$0A@@std@@@2@@Z 10077e50 f i ImfChannelList.obj
 0002:00018e90       ?_Parent@?$_Tree@V?$_Tset_traits@V?$basic_string@DU?$char_traits@D@std@@V?$allocator@D@2@@std@@U?$less@V?$basic_string@DU?$char_traits@D@std@@V?$allocator@D@2@@std@@@2@V?$allocator@V?$basic_string@DU?$char_traits@D@std@@V?$allocator@D@2@@std@@@2@$0A@@std@@@std@@KAAAPAU_Node@?$_Tree_nod@V?$_Tset_traits@V?$basic_string@DU?$char_traits@D@std@@V?$allocator@D@2@@std@@U?$less@V?$basic_string@DU?$char_traits@D@std@@V?$allocator@D@2@@std@@@2@V?$allocator@V?$basic_string@DU?$char_traits@D@std@@V?$allocator@D@2@@std@@@2@$0A@@std@@@2@PAU342@@Z 10077e90 f i ImfChannelList.obj
 0002:00018ed0       ?_Myval@?$_Tree@V?$_Tset_traits@V?$basic_string@DU?$char_traits@D@std@@V?$allocator@D@2@@std@@U?$less@V?$basic_string@DU?$char_traits@D@std@@V?$allocator@D@2@@std@@@2@V?$allocator@V?$basic_string@DU?$char_traits@D@std@@V?$allocator@D@2@@std@@@2@$0A@@std@@@std@@KAAAV?$basic_string@DU?$char_traits@D@std@@V?$allocator@D@2@@2@PAU_Node@?$_Tree_nod@V?$_Tset_traits@V?$basic_string@DU?$char_traits@D@std@@V?$allocator@D@2@@std@@U?$less@V?$basic_string@DU?$char_traits@D@std@@V?$allocator@D@2@@std@@@2@V?$allocator@V?$basic_string@DU?$char_traits@D@std@@V?$allocator@D@2@@std@@@2@$0A@@std@@@2@@Z 10077ed0 f i ImfChannelList.obj
 0002:00018f10       ?max_size@?$_Tree@V?$_Tset_traits@V?$basic_string@DU?$char_traits@D@std@@V?$allocator@D@2@@std@@U?$less@V?$basic_string@DU?$char_traits@D@std@@V?$allocator@D@2@@std@@@2@V?$allocator@V?$basic_string@DU?$char_traits@D@std@@V?$allocator@D@2@@std@@@2@$0A@@std@@@std@@QBEIXZ 10077f10 f i ImfChannelList.obj
 0002:00018f70       ?_Lrotate@?$_Tree@V?$_Tset_traits@V?$basic_string@DU?$char_traits@D@std@@V?$allocator@D@2@@std@@U?$less@V?$basic_string@DU?$char_traits@D@std@@V?$allocator@D@2@@std@@@2@V?$allocator@V?$basic_string@DU?$char_traits@D@std@@V?$allocator@D@2@@std@@@2@$0A@@std@@@std@@IAEXPAU_Node@?$_Tree_nod@V?$_Tset_traits@V?$basic_string@DU?$char_traits@D@std@@V?$allocator@D@2@@std@@U?$less@V?$basic_string@DU?$char_traits@D@std@@V?$allocator@D@2@@std@@@2@V?$allocator@V?$basic_string@DU?$char_traits@D@std@@V?$allocator@D@2@@std@@@2@$0A@@std@@@2@@Z 10077f70 f i ImfChannelList.obj
 0002:00019120       ?_Rrotate@?$_Tree@V?$_Tset_traits@V?$basic_string@DU?$char_traits@D@std@@V?$allocator@D@2@@std@@U?$less@V?$basic_string@DU?$char_traits@D@std@@V?$allocator@D@2@@std@@@2@V?$allocator@V?$basic_string@DU?$char_traits@D@std@@V?$allocator@D@2@@std@@@2@$0A@@std@@@std@@IAEXPAU_Node@?$_Tree_nod@V?$_Tset_traits@V?$basic_string@DU?$char_traits@D@std@@V?$allocator@D@2@@std@@U?$less@V?$basic_string@DU?$char_traits@D@std@@V?$allocator@D@2@@std@@@2@V?$allocator@V?$basic_string@DU?$char_traits@D@std@@V?$allocator@D@2@@std@@@2@$0A@@std@@@2@@Z 10078120 f i ImfChannelList.obj
 0002:000192d0       ?_Buynode@?$_Tree@V?$_Tset_traits@V?$basic_string@DU?$char_traits@D@std@@V?$allocator@D@2@@std@@U?$less@V?$basic_string@DU?$char_traits@D@std@@V?$allocator@D@2@@std@@@2@V?$allocator@V?$basic_string@DU?$char_traits@D@std@@V?$allocator@D@2@@std@@@2@$0A@@std@@@std@@IAEPAU_Node@?$_Tree_nod@V?$_Tset_traits@V?$basic_string@DU?$char_traits@D@std@@V?$allocator@D@2@@std@@U?$less@V?$basic_string@DU?$char_traits@D@std@@V?$allocator@D@2@@std@@@2@V?$allocator@V?$basic_string@DU?$char_traits@D@std@@V?$allocator@D@2@@std@@@2@$0A@@std@@@2@PAU342@00ABV?$basic_string@DU?$char_traits@D@std@@V?$allocator@D@2@@2@D@Z 100782d0 f i ImfChannelList.obj
 0002:00019430       ?deallocate@?$allocator@U_Node@?$_Tree_nod@V?$_Tset_traits@V?$basic_string@DU?$char_traits@D@std@@V?$allocator@D@2@@std@@U?$less@V?$basic_string@DU?$char_traits@D@std@@V?$allocator@D@2@@std@@@2@V?$allocator@V?$basic_string@DU?$char_traits@D@std@@V?$allocator@D@2@@std@@@2@$0A@@std@@@std@@@std@@QAEXPAU_Node@?$_Tree_nod@V?$_Tset_traits@V?$basic_string@DU?$char_traits@D@std@@V?$allocator@D@2@@std@@U?$less@V?$basic_string@DU?$char_traits@D@std@@V?$allocator@D@2@@std@@@2@V?$allocator@V?$basic_string@DU?$char_traits@D@std@@V?$allocator@D@2@@std@@@2@$0A@@std@@@2@I@Z 10078430 f i ImfChannelList.obj
 0002:00019490       ?destroy@?$allocator@U_Node@?$_Tree_nod@V?$_Tset_traits@V?$basic_string@DU?$char_traits@D@std@@V?$allocator@D@2@@std@@U?$less@V?$basic_string@DU?$char_traits@D@std@@V?$allocator@D@2@@std@@@2@V?$allocator@V?$basic_string@DU?$char_traits@D@std@@V?$allocator@D@2@@std@@@2@$0A@@std@@@std@@@std@@QAEXPAU_Node@?$_Tree_nod@V?$_Tset_traits@V?$basic_string@DU?$char_traits@D@std@@V?$allocator@D@2@@std@@U?$less@V?$basic_string@DU?$char_traits@D@std@@V?$allocator@D@2@@std@@@2@V?$allocator@V?$basic_string@DU?$char_traits@D@std@@V?$allocator@D@2@@std@@@2@$0A@@std@@@2@@Z 10078490 f i ImfChannelList.obj
 0002:000194f0       ??0const_iterator@?$_Tree@V?$_Tset_traits@V?$basic_string@DU?$char_traits@D@std@@V?$allocator@D@2@@std@@U?$less@V?$basic_string@DU?$char_traits@D@std@@V?$allocator@D@2@@std@@@2@V?$allocator@V?$basic_string@DU?$char_traits@D@std@@V?$allocator@D@2@@std@@@2@$0A@@std@@@std@@QAE@PAU_Node@?$_Tree_nod@V?$_Tset_traits@V?$basic_string@DU?$char_traits@D@std@@V?$allocator@D@2@@std@@U?$less@V?$basic_string@DU?$char_traits@D@std@@V?$allocator@D@2@@std@@@2@V?$allocator@V?$basic_string@DU?$char_traits@D@std@@V?$allocator@D@2@@std@@@2@$0A@@std@@@2@PBV12@@Z 100784f0 f i ImfChannelList.obj
 0002:000195b0       ??Fconst_iterator@?$_Tree@V?$_Tset_traits@V?$basic_string@DU?$char_traits@D@std@@V?$allocator@D@2@@std@@U?$less@V?$basic_string@DU?$char_traits@D@std@@V?$allocator@D@2@@std@@@2@V?$allocator@V?$basic_string@DU?$char_traits@D@std@@V?$allocator@D@2@@std@@@2@$0A@@std@@@std@@QAEAAV012@XZ 100785b0 f i ImfChannelList.obj
 0002:00019610       ??0?$_Bidit@V?$basic_string@DU?$char_traits@D@std@@V?$allocator@D@2@@std@@HPBV12@ABV12@@std@@QAE@XZ 10078610 f i ImfChannelList.obj
 0002:00019670       ?_Color@?$_Tree@V?$_Tmap_traits@VName@Imf@@UChannel@2@U?$less@VName@Imf@@@std@@V?$allocator@U?$pair@$$CBVName@Imf@@UChannel@2@@std@@@5@$0A@@std@@@std@@KAAADPAU_Node@?$_Tree_nod@V?$_Tmap_traits@VName@Imf@@UChannel@2@U?$less@VName@Imf@@@std@@V?$allocator@U?$pair@$$CBVName@Imf@@UChannel@2@@std@@@5@$0A@@std@@@2@@Z 10078670 f i ImfChannelList.obj
 0002:000196b0       ?max_size@?$_Tree@V?$_Tmap_traits@VName@Imf@@UChannel@2@U?$less@VName@Imf@@@std@@V?$allocator@U?$pair@$$CBVName@Imf@@UChannel@2@@std@@@5@$0A@@std@@@std@@QBEIXZ 100786b0 f i ImfChannelList.obj
 0002:00019710       ?_Lrotate@?$_Tree@V?$_Tmap_traits@VName@Imf@@UChannel@2@U?$less@VName@Imf@@@std@@V?$allocator@U?$pair@$$CBVName@Imf@@UChannel@2@@std@@@5@$0A@@std@@@std@@IAEXPAU_Node@?$_Tree_nod@V?$_Tmap_traits@VName@Imf@@UChannel@2@U?$less@VName@Imf@@@std@@V?$allocator@U?$pair@$$CBVName@Imf@@UChannel@2@@std@@@5@$0A@@std@@@2@@Z 10078710 f i ImfChannelList.obj
 0002:000198c0       ?_Rrotate@?$_Tree@V?$_Tmap_traits@VName@Imf@@UChannel@2@U?$less@VName@Imf@@@std@@V?$allocator@U?$pair@$$CBVName@Imf@@UChannel@2@@std@@@5@$0A@@std@@@std@@IAEXPAU_Node@?$_Tree_nod@V?$_Tmap_traits@VName@Imf@@UChannel@2@U?$less@VName@Imf@@@std@@V?$allocator@U?$pair@$$CBVName@Imf@@UChannel@2@@std@@@5@$0A@@std@@@2@@Z 100788c0 f i ImfChannelList.obj
 0002:00019a70       ?_Buynode@?$_Tree@V?$_Tmap_traits@VName@Imf@@UChannel@2@U?$less@VName@Imf@@@std@@V?$allocator@U?$pair@$$CBVName@Imf@@UChannel@2@@std@@@5@$0A@@std@@@std@@IAEPAU_Node@?$_Tree_nod@V?$_Tmap_traits@VName@Imf@@UChannel@2@U?$less@VName@Imf@@@std@@V?$allocator@U?$pair@$$CBVName@Imf@@UChannel@2@@std@@@5@$0A@@std@@@2@PAU342@00ABU?$pair@$$CBVName@Imf@@UChannel@2@@2@D@Z 10078a70 f i ImfChannelList.obj
 0002:00019bd0       ??Fconst_iterator@?$_Tree@V?$_Tmap_traits@VName@Imf@@UChannel@2@U?$less@VName@Imf@@@std@@V?$allocator@U?$pair@$$CBVName@Imf@@UChannel@2@@std@@@5@$0A@@std@@@std@@QAEAAV012@XZ 10078bd0 f i ImfChannelList.obj
[...]
 0004:00001be4       ___onexitend               10142be4     <common>
 0004:00001bf4       ___onexitbegin             10142bf4     <common>
 0005:00000000       __IMPORT_DESCRIPTOR_Iex_dll_d 10143000     Iex_dll_d:Iex_dll_d.dll
 0005:00000014       __IMPORT_DESCRIPTOR_Half_dll_d 10143014     Half_dll_d:Half_dll_d.dll
 0005:00000028       __IMPORT_DESCRIPTOR_zlib1  10143028     zlib1:zlib1.dll
 0005:0000003c       __IMPORT_DESCRIPTOR_IlmThread_dll_d 1014303c     ilmthread_dll_d:IlmThread_dll_d.dll
 0005:00000050       __IMPORT_DESCRIPTOR_MSVCP80D 10143050     msvcprtd:MSVCP80D.dll
 0005:00000064       __IMPORT_DESCRIPTOR_MSVCR80D 10143064     MSVCRTD:MSVCR80D.dll
 0005:00000078       __IMPORT_DESCRIPTOR_KERNEL32 10143078     kernel32:KERNEL32.dll
 0005:0000008c       __NULL_IMPORT_DESCRIPTOR   1014308c     Iex_dll_d:Iex_dll_d.dll
 0005:00000520       __imp_?convert@half@@CAFH@Z 10143520     Half_dll_d:Half_dll_d.dll
 0005:00000524       __imp_?_toFloat@@3PATuif@half@@A 10143524     Half_dll_d:Half_dll_d.dll
 0005:00000528       __imp_?_eLut@@3PAGA        10143528     Half_dll_d:Half_dll_d.dll
 0005:0000052c       \177Half_dll_d_NULL_THUNK_DATA 1014352c     Half_dll_d:Half_dll_d.dll
 0005:00000558       __imp_?assign@BaseExc@Iex@@QAEAAV12@AAV?$basic_stringstream@DU?$char_traits@D@std@@V?$allocator@D@2@@std@@@Z 10143558     Iex_dll_d:Iex_dll_d.dll
 0005:0000055c       __imp_??1BaseExc@Iex@@UAE@XZ 1014355c     Iex_dll_d:Iex_dll_d.dll
 0005:00000560       __imp_??0BaseExc@Iex@@QAE@ABV?$basic_string@DU?$char_traits@D@std@@V?$allocator@D@2@@std@@@Z 10143560     Iex_dll_d:Iex_dll_d.dll
 0005:00000564       __imp_?what@BaseExc@Iex@@UBEPBDXZ 10143564     Iex_dll_d:Iex_dll_d.dll
 0005:00000568       __imp_??0BaseExc@Iex@@QAE@AAV?$basic_stringstream@DU?$char_traits@D@std@@V?$allocator@D@2@@std@@@Z 10143568     Iex_dll_d:Iex_dll_d.dll
 0005:0000056c       __imp_?throwErrnoExc@Iex@@YAXABV?$basic_string@DU?$char_traits@D@std@@V?$allocator@D@2@@std@@@Z 1014356c     Iex_dll_d:Iex_dll_d.dll
 0005:00000570       __imp_??0BaseExc@Iex@@QAE@PBD@Z 10143570     Iex_dll_d:Iex_dll_d.dll
 0005:00000574       __imp_??0BaseExc@Iex@@QAE@ABV01@@Z 10143574     Iex_dll_d:Iex_dll_d.dll
 0005:00000578       \177Iex_dll_d_NULL_THUNK_DATA 10143578     Iex_dll_d:Iex_dll_d.dll
 0005:000005a8       __imp_?setNumThreads@ThreadPool@IlmThread@@QAEXH@Z 101435a8     ilmthread_dll_d:IlmThread_dll_d.dll
 0005:000005ac       __imp_?globalThreadPool@ThreadPool@IlmThread@@SAAAV12@XZ 101435ac     ilmthread_dll_d:IlmThread_dll_d.dll
 0005:000005b0       __imp_?numThreads@ThreadPool@IlmThread@@QBEHXZ 101435b0     ilmthread_dll_d:IlmThread_dll_d.dll
 0005:000005b4       __imp_??0Mutex@IlmThread@@QAE@XZ 101435b4     ilmthread_dll_d:IlmThread_dll_d.dll
 0005:000005b8       __imp_?lock@Mutex@IlmThread@@ABEXXZ 101435b8     ilmthread_dll_d:IlmThread_dll_d.dll
 0005:000005bc       __imp_?unlock@Mutex@IlmThread@@ABEXXZ 101435bc     ilmthread_dll_d:IlmThread_dll_d.dll
 0005:000005c0       __imp_??1Mutex@IlmThread@@UAE@XZ 101435c0     ilmthread_dll_d:IlmThread_dll_d.dll
 0005:000005c4       __imp_??0Semaphore@IlmThread@@QAE@I@Z 101435c4     ilmthread_dll_d:IlmThread_dll_d.dll
 0005:000005c8       __imp_??1Semaphore@IlmThread@@UAE@XZ 101435c8     ilmthread_dll_d:IlmThread_dll_d.dll
 0005:000005cc       __imp_??1Task@IlmThread@@UAE@XZ 101435cc     ilmthread_dll_d:IlmThread_dll_d.dll
 0005:000005d0       __imp_??0Task@IlmThread@@QAE@PAVTaskGroup@1@@Z 101435d0     ilmthread_dll_d:IlmThread_dll_d.dll
 0005:000005d4       __imp_?wait@Semaphore@IlmThread@@QAEXXZ 101435d4     ilmthread_dll_d:IlmThread_dll_d.dll
 0005:000005d8       __imp_?post@Semaphore@IlmThread@@QAEXXZ 101435d8     ilmthread_dll_d:IlmThread_dll_d.dll
 0005:000005dc       __imp_??1TaskGroup@IlmThread@@QAE@XZ 101435dc     ilmthread_dll_d:IlmThread_dll_d.dll
 0005:000005e0       __imp_?addGlobalTask@ThreadPool@IlmThread@@SAXPAVTask@2@@Z 101435e0     ilmthread_dll_d:IlmThread_dll_d.dll
 0005:000005e4       __imp_??0TaskGroup@IlmThread@@QAE@XZ 101435e4     ilmthread_dll_d:IlmThread_dll_d.dll
 0005:000005e8       \177IlmThread_dll_d_NULL_THUNK_DATA 101435e8     ilmthread_dll_d:IlmThread_dll_d.dll
 0005:00000620       __imp__DisableThreadLibraryCalls@4 10143620     kernel32:KERNEL32.dll
 0005:00000624       __imp__FatalAppExitA@8     10143624     kernel32:KERNEL32.dll
 0005:00000628       __imp__GetSystemTimeAsFileTime@4 10143628     kernel32:KERNEL32.dll
 0005:0000062c       __imp__GetCurrentProcessId@0 1014362c     kernel32:KERNEL32.dll
 0005:00000630       __imp__GetCurrentThreadId@0 10143630     kernel32:KERNEL32.dll
 0005:00000634       __imp__GetTickCount@0      10143634     kernel32:KERNEL32.dll
 0005:00000638       __imp__QueryPerformanceCounter@4 10143638     kernel32:KERNEL32.dll
 0005:0000063c       __imp__FreeLibrary@4       1014363c     kernel32:KERNEL32.dll
 0005:00000640       __imp__VirtualQuery@12     10143640     kernel32:KERNEL32.dll
 0005:00000644       __imp__GetModuleFileNameW@12 10143644     kernel32:KERNEL32.dll
 0005:00000648       __imp__GetProcessHeap@0    10143648     kernel32:KERNEL32.dll
 0005:0000064c       __imp__HeapAlloc@12        1014364c     kernel32:KERNEL32.dll
 0005:00000650       __imp__HeapFree@12         10143650     kernel32:KERNEL32.dll
 0005:00000654       __imp__SetUnhandledExceptionFilter@4 10143654     kernel32:KERNEL32.dll
 0005:00000658       __imp__UnhandledExceptionFilter@4 10143658     kernel32:KERNEL32.dll
 0005:0000065c       __imp__GetCurrentProcess@0 1014365c     kernel32:KERNEL32.dll
 0005:00000660       __imp__TerminateProcess@8  10143660     kernel32:KERNEL32.dll
 0005:00000664       __imp__InterlockedCompareExchange@12 10143664     kernel32:KERNEL32.dll
 0005:00000668       __imp__Sleep@4             10143668     kernel32:KERNEL32.dll
 0005:0000066c       __imp__InterlockedExchange@8 1014366c     kernel32:KERNEL32.dll
 0005:00000670       __imp__LoadLibraryA@4      10143670     kernel32:KERNEL32.dll
 0005:00000674       __imp__GetProcAddress@8    10143674     kernel32:KERNEL32.dll
 0005:00000678       __imp__lstrlenA@4          10143678     kernel32:KERNEL32.dll
 0005:0000067c       __imp__MultiByteToWideChar@24 1014367c     kernel32:KERNEL32.dll
 0005:00000680       __imp__IsDebuggerPresent@0 10143680     kernel32:KERNEL32.dll
 0005:00000684       __imp__WideCharToMultiByte@32 10143684     kernel32:KERNEL32.dll
 0005:00000688       __imp__DebugBreak@0        10143688     kernel32:KERNEL32.dll
 0005:0000068c       __imp__RaiseException@16   1014368c     kernel32:KERNEL32.dll
 0005:00000690       \177KERNEL32_NULL_THUNK_DATA 10143690     kernel32:KERNEL32.dll
 0005:000006d0       __imp_?tie@?$basic_ios@DU?$char_traits@D@std@@@std@@QBEPAV?$basic_ostream@DU?$char_traits@D@std@@@2@XZ 101436d0     msvcprtd:MSVCP80D.dll
 0005:000006d4       __imp_?good@ios_base@std@@QBE_NXZ 101436d4     msvcprtd:MSVCP80D.dll
 0005:000006d8       __imp_?_Osfx@?$basic_ostream@DU?$char_traits@D@std@@@std@@QAEXXZ 101436d8     msvcprtd:MSVCP80D.dll
 0005:000006dc       __imp_?uncaught_exception@std@@YA_NXZ 101436dc     msvcprtd:MSVCP80D.dll
 0005:000006e0       __imp_?_Lock@?$basic_streambuf@DU?$char_traits@D@std@@@std@@QAEXXZ 101436e0     msvcprtd:MSVCP80D.dll
 0005:000006e4       __imp_?_Unlock@?$basic_streambuf@DU?$char_traits@D@std@@@std@@QAEXXZ 101436e4     msvcprtd:MSVCP80D.dll
 0005:000006e8       __imp_?erase@?$basic_string@DU?$char_traits@D@std@@V?$allocator@D@2@@std@@QAEAAV12@II@Z 101436e8     msvcprtd:MSVCP80D.dll
 0005:000006ec       __imp_?size@?$basic_string@DU?$char_traits@D@std@@V?$allocator@D@2@@std@@QBEIXZ 101436ec     msvcprtd:MSVCP80D.dll
 0005:000006f0       __imp_?rfind@?$basic_string@DU?$char_traits@D@std@@V?$allocator@D@2@@std@@QBEIDI@Z 101436f0     msvcprtd:MSVCP80D.dll
 0005:000006f4       __imp_?npos@?$basic_string@DU?$char_traits@D@std@@V?$allocator@D@2@@std@@2IB 101436f4     msvcprtd:MSVCP80D.dll
 0005:000006f8       __imp_??$?HDU?$char_traits@D@std@@V?$allocator@D@1@@std@@YA?AV?$basic_string@DU?$char_traits@D@std@@V?$allocator@D@2@@0@ABV10@D@Z 101436f8     msvcprtd:MSVCP80D.dll
 0005:000006fc       __imp_??$?MDU?$char_traits@D@std@@V?$allocator@D@1@@std@@YA_NABV?$basic_string@DU?$char_traits@D@std@@V?$allocator@D@2@@0@0@Z 101436fc     msvcprtd:MSVCP80D.dll
 0005:00000700       __imp_??4?$basic_string@DU?$char_traits@D@std@@V?$allocator@D@2@@std@@QAEAAV01@PBD@Z 10143700     msvcprtd:MSVCP80D.dll
 0005:00000704       __imp_??4?$basic_string@DU?$char_traits@D@std@@V?$allocator@D@2@@std@@QAEAAV01@ABV01@@Z 10143704     msvcprtd:MSVCP80D.dll
 0005:00000708       __imp_??0?$basic_string@DU?$char_traits@D@std@@V?$allocator@D@2@@std@@QAE@U_Has_debug_it@01@@Z 10143708     msvcprtd:MSVCP80D.dll
 0005:0000070c       __imp_?data@?$basic_string@DU?$char_traits@D@std@@V?$allocator@D@2@@std@@QBEPBDXZ 1014370c     msvcprtd:MSVCP80D.dll
 0005:00000710       __imp_?length@?$basic_string@DU?$char_traits@D@std@@V?$allocator@D@2@@std@@QBEIXZ 10143710     msvcprtd:MSVCP80D.dll
 0005:00000714       __imp_?str@?$basic_ostringstream@DU?$char_traits@D@std@@V?$allocator@D@2@@std@@QBE?AV?$basic_string@DU?$char_traits@D@std@@V?$allocator@D@2@@2@XZ 10143714     msvcprtd:MSVCP80D.dll
 0005:00000718       __imp_??_D?$basic_ostringstream@DU?$char_traits@D@std@@V?$allocator@D@2@@std@@QAEXXZ 10143718     msvcprtd:MSVCP80D.dll
 0005:0000071c       __imp_??6?$basic_ostream@DU?$char_traits@D@std@@@std@@QAEAAV01@H@Z 1014371c     msvcprtd:MSVCP80D.dll
 0005:00000720       __imp_??$?6DU?$char_traits@D@std@@V?$allocator@D@1@@std@@YAAAV?$basic_ostream@DU?$char_traits@D@std@@@0@AAV10@ABV?$basic_string@DU?$char_traits@D@std@@V?$allocator@D@2@@0@@Z 10143720     msvcprtd:MSVCP80D.dll
 0005:00000724       __imp_?_Orphan_all@_Container_base@std@@QBEXXZ 10143724     msvcprtd:MSVCP80D.dll
 0005:00000728       __imp_??7ios_base@std@@QBE_NXZ 10143728     msvcprtd:MSVCP80D.dll
 0005:0000072c       __imp_??0?$basic_ifstream@DU?$char_traits@D@std@@@std@@QAE@PBDHH@Z 1014372c     msvcprtd:MSVCP80D.dll
 0005:00000730       __imp_??_D?$basic_ifstream@DU?$char_traits@D@std@@@std@@QAEXXZ 10143730     msvcprtd:MSVCP80D.dll
 0005:00000734       __imp_?read@?$basic_istream@DU?$char_traits@D@std@@@std@@QAEAAV12@PADH@Z 10143734     msvcprtd:MSVCP80D.dll
 0005:00000738       __imp_?tellg@?$basic_istream@DU?$char_traits@D@std@@@std@@QAE?AV?$fpos@H@2@XZ 10143738     msvcprtd:MSVCP80D.dll
 0005:0000073c       __imp_?seekg@?$basic_istream@DU?$char_traits@D@std@@@std@@QAEAAV12@V?$fpos@H@2@@Z 1014373c     msvcprtd:MSVCP80D.dll
 0005:00000740       __imp_?clear@?$basic_ios@DU?$char_traits@D@std@@@std@@QAEXH_N@Z 10143740     msvcprtd:MSVCP80D.dll
 0005:00000744       __imp_??0?$basic_ofstream@DU?$char_traits@D@std@@@std@@QAE@PBDHH@Z 10143744     msvcprtd:MSVCP80D.dll
 0005:00000748       __imp_??_D?$basic_ofstream@DU?$char_traits@D@std@@@std@@QAEXXZ 10143748     msvcprtd:MSVCP80D.dll
 0005:0000074c       __imp_?write@?$basic_ostream@DU?$char_traits@D@std@@@std@@QAEAAV12@PBDH@Z 1014374c     msvcprtd:MSVCP80D.dll
 0005:00000750       __imp_?tellp@?$basic_ostream@DU?$char_traits@D@std@@@std@@QAE?AV?$fpos@H@2@XZ 10143750     msvcprtd:MSVCP80D.dll
 0005:00000754       __imp_?flush@?$basic_ostream@DU?$char_traits@D@std@@@std@@QAEAAV12@XZ 10143754     msvcprtd:MSVCP80D.dll
 0005:00000758       __imp_??0?$basic_ostringstream@DU?$char_traits@D@std@@V?$allocator@D@2@@std@@QAE@H@Z 10143758     msvcprtd:MSVCP80D.dll
 0005:0000075c       __imp_??A?$basic_string@DU?$char_traits@D@std@@V?$allocator@D@2@@std@@QBEABDI@Z 1014375c     msvcprtd:MSVCP80D.dll
 0005:00000760       __imp_??A?$basic_string@DU?$char_traits@D@std@@V?$allocator@D@2@@std@@QAEAADI@Z 10143760     msvcprtd:MSVCP80D.dll
 0005:00000764       __imp_?resize@?$basic_string@DU?$char_traits@D@std@@V?$allocator@D@2@@std@@QAEXI@Z 10143764     msvcprtd:MSVCP80D.dll
 0005:00000768       __imp_?_Swap_all@_Container_base@std@@QBEXAAV12@@Z 10143768     msvcprtd:MSVCP80D.dll
 0005:0000076c       __imp_??1_Lockit@std@@QAE@XZ 1014376c     msvcprtd:MSVCP80D.dll
 0005:00000770       __imp_??0_Lockit@std@@QAE@H@Z 10143770     msvcprtd:MSVCP80D.dll
 0005:00000774       __imp_?_Debug_message@std@@YAXPB_W0I@Z 10143774     msvcprtd:MSVCP80D.dll
 0005:00000778       __imp_??_D?$basic_stringstream@DU?$char_traits@D@std@@V?$allocator@D@2@@std@@QAEXXZ 10143778     msvcprtd:MSVCP80D.dll
 0005:0000077c       __imp_??0?$basic_stringstream@DU?$char_traits@D@std@@V?$allocator@D@2@@std@@QAE@H@Z 1014377c     msvcprtd:MSVCP80D.dll
 0005:00000780       __imp_??0?$basic_string@DU?$char_traits@D@std@@V?$allocator@D@2@@std@@QAE@ABV01@@Z 10143780     msvcprtd:MSVCP80D.dll
 0005:00000784       __imp_??0?$_String_val@DV?$allocator@D@std@@@std@@QAE@ABV01@@Z 10143784     msvcprtd:MSVCP80D.dll
 0005:00000788       __imp_??0_String_base@std@@QAE@ABV01@@Z 10143788     msvcprtd:MSVCP80D.dll
 0005:0000078c       __imp_??0_Container_base@std@@QAE@ABV01@@Z 1014378c     msvcprtd:MSVCP80D.dll
 0005:00000790       __imp_??1_Container_base@std@@QAE@XZ 10143790     msvcprtd:MSVCP80D.dll
 0005:00000794       __imp_??1?$basic_string@DU?$char_traits@D@std@@V?$allocator@D@2@@std@@QAE@XZ 10143794     msvcprtd:MSVCP80D.dll
 0005:00000798       __imp_??0?$basic_string@DU?$char_traits@D@std@@V?$allocator@D@2@@std@@QAE@PBD@Z 10143798     msvcprtd:MSVCP80D.dll
 0005:0000079c       __imp_?c_str@?$basic_string@DU?$char_traits@D@std@@V?$allocator@D@2@@std@@QBEPBDXZ 1014379c     msvcprtd:MSVCP80D.dll
 0005:000007a0       __imp_??0_Container_base@std@@QAE@XZ 101437a0     msvcprtd:MSVCP80D.dll
 0005:000007a4       __imp_?setstate@?$basic_ios@DU?$char_traits@D@std@@@std@@QAEXH_N@Z 101437a4     msvcprtd:MSVCP80D.dll
 0005:000007a8       __imp_?width@ios_base@std@@QAEHH@Z 101437a8     msvcprtd:MSVCP80D.dll
 0005:000007ac       __imp_?sputn@?$basic_streambuf@DU?$char_traits@D@std@@@std@@QAEHPBDH@Z 101437ac     msvcprtd:MSVCP80D.dll
 0005:000007b0       __imp_?eq_int_type@?$char_traits@D@std@@SA_NABH0@Z 101437b0     msvcprtd:MSVCP80D.dll
 0005:000007b4       __imp_?eof@?$char_traits@D@std@@SAHXZ 101437b4     msvcprtd:MSVCP80D.dll
 0005:000007b8       __imp_?sputc@?$basic_streambuf@DU?$char_traits@D@std@@@std@@QAEHD@Z 101437b8     msvcprtd:MSVCP80D.dll
 0005:000007bc       __imp_?rdbuf@?$basic_ios@DU?$char_traits@D@std@@@std@@QBEPAV?$basic_streambuf@DU?$char_traits@D@std@@@2@XZ 101437bc     msvcprtd:MSVCP80D.dll
 0005:000007c0       __imp_?fill@?$basic_ios@DU?$char_traits@D@std@@@std@@QBEDXZ 101437c0     msvcprtd:MSVCP80D.dll
 0005:000007c4       __imp_?flags@ios_base@std@@QBEHXZ 101437c4     msvcprtd:MSVCP80D.dll
 0005:000007c8       __imp_?seekp@?$basic_ostream@DU?$char_traits@D@std@@@std@@QAEAAV12@V?$fpos@H@2@@Z 101437c8     msvcprtd:MSVCP80D.dll
 0005:000007cc       __imp_?width@ios_base@std@@QBEHXZ 101437cc     msvcprtd:MSVCP80D.dll
 0005:000007d0       __imp_?length@?$char_traits@D@std@@SAIPBD@Z 101437d0     msvcprtd:MSVCP80D.dll
 0005:000007d4       \177MSVCP80D_NULL_THUNK_DATA 101437d4     msvcprtd:MSVCP80D.dll
 0005:00000834       __imp__memset              10143834     MSVCRTD:MSVCR80D.dll
 0005:00000838       __imp_??_V@YAXPAX@Z        10143838     MSVCRTD:MSVCR80D.dll
 0005:0000083c       __imp__log                 1014383c     MSVCRTD:MSVCR80D.dll
 0005:00000840       __imp__pow                 10143840     MSVCRTD:MSVCR80D.dll
 0005:00000844       __imp__memmove_s           10143844     MSVCRTD:MSVCR80D.dll
 0005:00000848       __imp__strcpy              10143848     MSVCRTD:MSVCR80D.dll
 0005:0000084c       __imp__ceil                1014384c     MSVCRTD:MSVCR80D.dll
 0005:00000850       __imp__abs                 10143850     MSVCRTD:MSVCR80D.dll
 0005:00000854       __imp___errno              10143854     MSVCRTD:MSVCR80D.dll
 0005:00000858       __imp___CRT_RTC_INITW      10143858     MSVCRTD:MSVCR80D.dll
 0005:0000085c       __imp___unlock             1014385c     MSVCRTD:MSVCR80D.dll
 0005:00000860       __imp___encode_pointer     10143860     MSVCRTD:MSVCR80D.dll
 0005:00000864       __imp____dllonexit         10143864     MSVCRTD:MSVCR80D.dll
 0005:00000868       __imp___lock               10143868     MSVCRTD:MSVCR80D.dll
 0005:0000086c       __imp___onexit             1014386c     MSVCRTD:MSVCR80D.dll
 0005:00000870       __imp___decode_pointer     10143870     MSVCRTD:MSVCR80D.dll
 0005:00000874       __imp___malloc_dbg         10143874     MSVCRTD:MSVCR80D.dll
 0005:00000878       __imp___encoded_null       10143878     MSVCRTD:MSVCR80D.dll
 0005:0000087c       __imp___free_dbg           1014387c     MSVCRTD:MSVCR80D.dll
 0005:00000880       __imp___CrtSetCheckCount   10143880     MSVCRTD:MSVCR80D.dll
 0005:00000884       __imp___initterm           10143884     MSVCRTD:MSVCR80D.dll
 0005:00000888       __imp___initterm_e         10143888     MSVCRTD:MSVCR80D.dll
 0005:0000088c       __imp___amsg_exit          1014388c     MSVCRTD:MSVCR80D.dll
 0005:00000890       __imp___adjust_fdiv        10143890     MSVCRTD:MSVCR80D.dll
 0005:00000894       __imp____CppXcptFilter     10143894     MSVCRTD:MSVCR80D.dll
 0005:00000898       __imp_?terminate@@YAXXZ    10143898     MSVCRTD:MSVCR80D.dll
 0005:0000089c       __imp_?_type_info_dtor_internal_method@type_info@@QAEXXZ 1014389c     MSVCRTD:MSVCR80D.dll
 0005:000008a0       __imp___except_handler4_common 101438a0     MSVCRTD:MSVCR80D.dll
 0005:000008a4       __imp___crt_debugger_hook  101438a4     MSVCRTD:MSVCR80D.dll
 0005:000008a8       __imp____clean_type_info_names_internal 101438a8     MSVCRTD:MSVCR80D.dll
 0005:000008ac       __imp___wassert            101438ac     MSVCRTD:MSVCR80D.dll
 0005:000008b0       __imp__memcpy              101438b0     MSVCRTD:MSVCR80D.dll
 0005:000008b4       __imp__cos                 101438b4     MSVCRTD:MSVCR80D.dll
 0005:000008b8       __imp__sqrt                101438b8     MSVCRTD:MSVCR80D.dll
 0005:000008bc       __imp__atan2               101438bc     MSVCRTD:MSVCR80D.dll
 0005:000008c0       __imp__asin                101438c0     MSVCRTD:MSVCR80D.dll
 0005:000008c4       __imp__acos                101438c4     MSVCRTD:MSVCR80D.dll
 0005:000008c8       __imp__fabs                101438c8     MSVCRTD:MSVCR80D.dll
 0005:000008cc       __imp__strlen              101438cc     MSVCRTD:MSVCR80D.dll
 0005:000008d0       __imp__strncmp             101438d0     MSVCRTD:MSVCR80D.dll
 0005:000008d4       __imp__strncpy             101438d4     MSVCRTD:MSVCR80D.dll
 0005:000008d8       __imp_?what@exception@std@@UBEPBDXZ 101438d8     MSVCRTD:MSVCR80D.dll
 0005:000008dc       __imp_??0exception@std@@QAE@ABQBD@Z 101438dc     MSVCRTD:MSVCR80D.dll
 0005:000008e0       __imp__strcmp              101438e0     MSVCRTD:MSVCR80D.dll
 0005:000008e4       __imp____RTDynamicCast     101438e4     MSVCRTD:MSVCR80D.dll
 0005:000008e8       __imp_??0exception@std@@QAE@XZ 101438e8     MSVCRTD:MSVCR80D.dll
 0005:000008ec       __imp_??1exception@std@@UAE@XZ 101438ec     MSVCRTD:MSVCR80D.dll
 0005:000008f0       __imp___CrtDbgReportW      101438f0     MSVCRTD:MSVCR80D.dll
 0005:000008f4       __imp___invalid_parameter  101438f4     MSVCRTD:MSVCR80D.dll
 0005:000008f8       __imp_??0exception@std@@QAE@ABV01@@Z 101438f8     MSVCRTD:MSVCR80D.dll
 0005:000008fc       __imp___CxxThrowException@8 101438fc     MSVCRTD:MSVCR80D.dll
 0005:00000900       __imp____CxxFrameHandler3  10143900     MSVCRTD:MSVCR80D.dll
 0005:00000904       __imp_??2@YAPAXI@Z         10143904     MSVCRTD:MSVCR80D.dll
 0005:00000908       __imp_??3@YAXPAX@Z         10143908     MSVCRTD:MSVCR80D.dll
 0005:0000090c       __imp___purecall           1014390c     MSVCRTD:MSVCR80D.dll
 0005:00000910       __imp__sin                 10143910     MSVCRTD:MSVCR80D.dll
 0005:00000914       \177MSVCR80D_NULL_THUNK_DATA 10143914     MSVCRTD:MSVCR80D.dll
 0005:0000096c       __imp__compress            1014396c     zlib1:zlib1.dll
 0005:00000970       __imp__uncompress          10143970     zlib1:zlib1.dll
 0005:00000974       \177zlib1_NULL_THUNK_DATA  10143974     zlib1:zlib1.dll

 entry point at        0002:000016cb

