 IlmImf_dll

 Timestamp is 44d97f6c (Tue Aug 08 23:23:40 2006)

 Preferred load address is 10000000

 Start         Length     Name                   Class
 0001:00000000 0005a86eH .text                   CODE
 0001:0005a870 00002c52H .text$x                 CODE
 0001:0005d4d0 00000036H .text$yd                CODE
 0002:00000000 000002a0H .idata$5                DATA
 0002:000002a0 00000004H .CRT$XCA                DATA
 0002:000002a4 00000004H .CRT$XCZ                DATA
 0002:000002a8 00000004H .CRT$XIA                DATA
 0002:000002ac 00000004H .CRT$XIAA               DATA
 0002:000002b0 00000004H .CRT$XIC                DATA
 0002:000002b4 00000004H .CRT$XIZ                DATA
 0002:000002b8 00002bb0H .rdata                  DATA
 0002:00002e68 00001928H .rdata$r                DATA
 0002:00004790 000005e0H .rdata$sxdata           DATA
 0002:00004d70 00000004H .rtc$IAA                DATA
 0002:00004d74 00000088H .rtc$IMZ                DATA
 0002:00004dfc 00000004H .rtc$IZZ                DATA
 0002:00004e00 00000004H .rtc$TAA                DATA
 0002:00004e04 00000088H .rtc$TMZ                DATA
 0002:00004e8c 00000004H .rtc$TZZ                DATA
 0002:00004e90 000064bcH .xdata$x                DATA
 0002:0000b34c 0000008cH .idata$2                DATA
 0002:0000b3d8 00000014H .idata$3                DATA
 0002:0000b3ec 000002a0H .idata$4                DATA
 0002:0000b68c 00001a3aH .idata$6                DATA
 0002:0000d0c6 00000000H .edata                  DATA
 0003:00000000 00000ed4H .data                   DATA
 0003:00000ed8 000007b8H .bss                    DATA

  Address         Publics by Value              Rva+Base       Lib:Object

 0000:00000000       __except_list              00000000     <absolute>
 0000:00000178       ___safe_se_handler_count   00000178     <absolute>
 0000:00009876       __ldused                   00009876     <absolute>
 0000:00009876       __fltused                  00009876     <absolute>
 0000:00000000       ___ImageBase               10000000     <linker-defined>
 0001:00000000       ??0Attribute@Imf@@QAE@XZ   10001000 f   ImfAttribute.obj
 0001:00000020       ??1Attribute@Imf@@UAE@XZ   10001020 f   ImfAttribute.obj
 0001:00000040       ?typeMap@?A0xa1908c12@Imf@@YAAAVLockedTypeMap@12@XZ 10001040 f   ImfAttribute.obj
 0001:000001a0       ?knownType@Attribute@Imf@@SA_NQBD@Z 100011a0 f   ImfAttribute.obj
 0001:000002e0       ?registerAttributeType@Attribute@Imf@@KAXQBDP6APAV12@XZ@Z 100012e0 f   ImfAttribute.obj
 0001:00000540       ?unRegisterAttributeType@Attribute@Imf@@KAXQBD@Z 10001540 f   ImfAttribute.obj
 0001:00000610       ?newAttribute@Attribute@Imf@@SAPAV12@QBD@Z 10001610 f   ImfAttribute.obj
 0001:000008a0       ??_GAttribute@Imf@@UAEPAXI@Z 100018a0 f i ImfAttribute.obj
 0001:000008a0       ??_EAttribute@Imf@@UAEPAXI@Z 100018a0 f i ImfAttribute.obj
 0001:000008e0       ??1Lock@IlmThread@@QAE@XZ  100018e0 f i ImfAttribute.obj
 0001:00000920       ??1?$map@PBDP6APAVAttribute@Imf@@XZUNameCompare@?A0xa1908c12@2@V?$allocator@U?$pair@QBDP6APAVAttribute@Imf@@XZ@std@@@std@@@std@@QAE@XZ 10001920 f i ImfAttribute.obj
 0001:00000960       ??_EArgExc@Iex@@UAEPAXI@Z  10001960 f i ImfAttribute.obj
 0001:00000960       ??_GArgExc@Iex@@UAEPAXI@Z  10001960 f i ImfAttribute.obj
 0001:000009a0       ??1ArgExc@Iex@@UAE@XZ      100019a0 f i ImfAttribute.obj
 0001:000009d0       ??0ArgExc@Iex@@QAE@ABV01@@Z 100019d0 f i ImfAttribute.obj
 0001:00000a10       ?insert@?$_Tree@V?$_Tmap_traits@PBDP6APAVAttribute@Imf@@XZUNameCompare@?A0xa1908c12@2@V?$allocator@U?$pair@QBDP6APAVAttribute@Imf@@XZ@std@@@std@@$0A@@std@@@std@@QAE?AU?$pair@Viterator@?$_Tree@V?$_Tmap_traits@PBDP6APAVAttribute@Imf@@XZUNameCompare@?A0xa1908c12@2@V?$allocator@U?$pair@QBDP6APAVAttribute@Imf@@XZ@std@@@std@@$0A@@std@@@std@@_N@2@ABU?$pair@QBDP6APAVAttribute@Imf@@XZ@2@@Z 10001a10 f i ImfAttribute.obj
 0001:00000d70       ?erase@?$_Tree@V?$_Tmap_traits@PBDP6APAVAttribute@Imf@@XZUNameCompare@?A0xa1908c12@2@V?$allocator@U?$pair@QBDP6APAVAttribute@Imf@@XZ@std@@@std@@$0A@@std@@@std@@QAEIABQBD@Z 10001d70 f i ImfAttribute.obj
 0001:00000ea0       ?find@?$_Tree@V?$_Tmap_traits@PBDP6APAVAttribute@Imf@@XZUNameCompare@?A0xa1908c12@2@V?$allocator@U?$pair@QBDP6APAVAttribute@Imf@@XZ@std@@@std@@$0A@@std@@@std@@QAE?AViterator@12@ABQBD@Z 10001ea0 f i ImfAttribute.obj
 0001:00001060       ??0?$_Tree@V?$_Tmap_traits@PBDP6APAVAttribute@Imf@@XZUNameCompare@?A0xa1908c12@2@V?$allocator@U?$pair@QBDP6APAVAttribute@Imf@@XZ@std@@@std@@$0A@@std@@@std@@QAE@ABUNameCompare@?A0xa1908c12@Imf@@ABV?$allocator@U?$pair@QBDP6APAVAttribute@Imf@@XZ@std@@@1@@Z 10002060 f i ImfAttribute.obj
 0001:000010b0       ?erase@?$_Tree@V?$_Tmap_traits@PBDP6APAVAttribute@Imf@@XZUNameCompare@?A0xa1908c12@2@V?$allocator@U?$pair@QBDP6APAVAttribute@Imf@@XZ@std@@@std@@$0A@@std@@@std@@QAE?AViterator@12@V312@0@Z 100020b0 f i ImfAttribute.obj
 0001:000012b0       ?equal_range@?$_Tree@V?$_Tmap_traits@PBDP6APAVAttribute@Imf@@XZUNameCompare@?A0xa1908c12@2@V?$allocator@U?$pair@QBDP6APAVAttribute@Imf@@XZ@std@@@std@@$0A@@std@@@std@@QAE?AU?$pair@Viterator@?$_Tree@V?$_Tmap_traits@PBDP6APAVAttribute@Imf@@XZUNameCompare@?A0xa1908c12@2@V?$allocator@U?$pair@QBDP6APAVAttribute@Imf@@XZ@std@@@std@@$0A@@std@@@std@@V123@@2@ABQBD@Z 100022b0 f i ImfAttribute.obj
 0001:00001370       ?_Insert@?$_Tree@V?$_Tmap_traits@PBDP6APAVAttribute@Imf@@XZUNameCompare@?A0xa1908c12@2@V?$allocator@U?$pair@QBDP6APAVAttribute@Imf@@XZ@std@@@std@@$0A@@std@@@std@@IAE?AViterator@12@_NPAU_Node@?$_Tree_nod@V?$_Tmap_traits@PBDP6APAVAttribute@Imf@@XZUNameCompare@?A0xa1908c12@2@V?$allocator@U?$pair@QBDP6APAVAttribute@Imf@@XZ@std@@@std@@$0A@@std@@@2@ABU?$pair@QBDP6APAVAttribute@Imf@@XZ@2@@Z 10002370 f i ImfAttribute.obj
 0001:00001730       ??0logic_error@std@@QAE@ABV?$basic_string@DU?$char_traits@D@std@@V?$allocator@D@2@@1@@Z 10002730 f i ImfAttribute.obj
 0001:000017c0       ?what@logic_error@std@@UBEPBDXZ 100027c0 f i ImfAttribute.obj
 0001:00001800       ??_Elogic_error@std@@UAEPAXI@Z 10002800 f i ImfAttribute.obj
 0001:00001800       ??_Glogic_error@std@@UAEPAXI@Z 10002800 f i ImfAttribute.obj
 0001:00001870       ??1length_error@std@@UAE@XZ 10002870 f i ImfAttribute.obj
 0001:000018d0       ??_Glength_error@std@@UAEPAXI@Z 100028d0 f i ImfAttribute.obj
 0001:000018d0       ??_Elength_error@std@@UAEPAXI@Z 100028d0 f i ImfAttribute.obj
 0001:00001940       ??0logic_error@std@@QAE@ABV01@@Z 10002940 f i ImfAttribute.obj
 0001:000019d0       ?_Tidy@?$_Tree@V?$_Tmap_traits@PBDP6APAVAttribute@Imf@@XZUNameCompare@?A0xa1908c12@2@V?$allocator@U?$pair@QBDP6APAVAttribute@Imf@@XZ@std@@@std@@$0A@@std@@@std@@IAEXXZ 100029d0 f i ImfAttribute.obj
 0001:00001ac0       ??0length_error@std@@QAE@ABV01@@Z 10002ac0 f i ImfAttribute.obj
 0001:00001b60       ?erase@?$_Tree@V?$_Tmap_traits@PBDP6APAVAttribute@Imf@@XZUNameCompare@?A0xa1908c12@2@V?$allocator@U?$pair@QBDP6APAVAttribute@Imf@@XZ@std@@@std@@$0A@@std@@@std@@QAE?AViterator@12@V312@@Z 10002b60 f i ImfAttribute.obj
 0001:000020e0       ??1out_of_range@std@@UAE@XZ 100030e0 f i ImfAttribute.obj
 0001:00002140       ??_Gout_of_range@std@@UAEPAXI@Z 10003140 f i ImfAttribute.obj
 0001:00002140       ??_Eout_of_range@std@@UAEPAXI@Z 10003140 f i ImfAttribute.obj
 0001:000021b0       ??0out_of_range@std@@QAE@ABV01@@Z 100031b0 f i ImfAttribute.obj
 0001:00002250       ?clear@?$_Tree@V?$_Tmap_traits@PBDP6APAVAttribute@Imf@@XZUNameCompare@?A0xa1908c12@2@V?$allocator@U?$pair@QBDP6APAVAttribute@Imf@@XZ@std@@@std@@$0A@@std@@@std@@QAEXXZ 10003250 f i ImfAttribute.obj
 0001:000022d0       ?_Init@?$_Tree@V?$_Tmap_traits@PBDP6APAVAttribute@Imf@@XZUNameCompare@?A0xa1908c12@2@V?$allocator@U?$pair@QBDP6APAVAttribute@Imf@@XZ@std@@@std@@$0A@@std@@@std@@IAEXXZ 100032d0 f i ImfAttribute.obj
 0001:00002350       ?_Lbound@?$_Tree@V?$_Tmap_traits@PBDP6APAVAttribute@Imf@@XZUNameCompare@?A0xa1908c12@2@V?$allocator@U?$pair@QBDP6APAVAttribute@Imf@@XZ@std@@@std@@$0A@@std@@@std@@IBEPAU_Node@?$_Tree_nod@V?$_Tmap_traits@PBDP6APAVAttribute@Imf@@XZUNameCompare@?A0xa1908c12@2@V?$allocator@U?$pair@QBDP6APAVAttribute@Imf@@XZ@std@@@std@@$0A@@std@@@2@ABQBD@Z 10003350 f i ImfAttribute.obj
 0001:00002430       ?_Lrotate@?$_Tree@V?$_Tmap_traits@PBDP6APAVAttribute@Imf@@XZUNameCompare@?A0xa1908c12@2@V?$allocator@U?$pair@QBDP6APAVAttribute@Imf@@XZ@std@@@std@@$0A@@std@@@std@@IAEXPAU_Node@?$_Tree_nod@V?$_Tmap_traits@PBDP6APAVAttribute@Imf@@XZUNameCompare@?A0xa1908c12@2@V?$allocator@U?$pair@QBDP6APAVAttribute@Imf@@XZ@std@@@std@@$0A@@std@@@2@@Z 10003430 f i ImfAttribute.obj
 0001:000024f0       ?_Rrotate@?$_Tree@V?$_Tmap_traits@PBDP6APAVAttribute@Imf@@XZUNameCompare@?A0xa1908c12@2@V?$allocator@U?$pair@QBDP6APAVAttribute@Imf@@XZ@std@@@std@@$0A@@std@@@std@@IAEXPAU_Node@?$_Tree_nod@V?$_Tmap_traits@PBDP6APAVAttribute@Imf@@XZUNameCompare@?A0xa1908c12@2@V?$allocator@U?$pair@QBDP6APAVAttribute@Imf@@XZ@std@@@std@@$0A@@std@@@2@@Z 100034f0 f i ImfAttribute.obj
 0001:000025b0       ?_Buynode@?$_Tree@V?$_Tmap_traits@PBDP6APAVAttribute@Imf@@XZUNameCompare@?A0xa1908c12@2@V?$allocator@U?$pair@QBDP6APAVAttribute@Imf@@XZ@std@@@std@@$0A@@std@@@std@@IAEPAU_Node@?$_Tree_nod@V?$_Tmap_traits@PBDP6APAVAttribute@Imf@@XZUNameCompare@?A0xa1908c12@2@V?$allocator@U?$pair@QBDP6APAVAttribute@Imf@@XZ@std@@@std@@$0A@@std@@@2@PAU342@00ABU?$pair@QBDP6APAVAttribute@Imf@@XZ@2@D@Z 100035b0 f i ImfAttribute.obj
 0001:000026b0       ??0const_iterator@?$_Tree@V?$_Tmap_traits@PBDP6APAVAttribute@Imf@@XZUNameCompare@?A0xa1908c12@2@V?$allocator@U?$pair@QBDP6APAVAttribute@Imf@@XZ@std@@@std@@$0A@@std@@@std@@QAE@PAU_Node@?$_Tree_nod@V?$_Tmap_traits@PBDP6APAVAttribute@Imf@@XZUNameCompare@?A0xa1908c12@2@V?$allocator@U?$pair@QBDP6APAVAttribute@Imf@@XZ@std@@@std@@$0A@@std@@@2@PBV12@@Z 100036b0 f i ImfAttribute.obj
 0001:00002710       ?_Erase@?$_Tree@V?$_Tmap_traits@PBDP6APAVAttribute@Imf@@XZUNameCompare@?A0xa1908c12@2@V?$allocator@U?$pair@QBDP6APAVAttribute@Imf@@XZ@std@@@std@@$0A@@std@@@std@@IAEXPAU_Node@?$_Tree_nod@V?$_Tmap_traits@PBDP6APAVAttribute@Imf@@XZUNameCompare@?A0xa1908c12@2@V?$allocator@U?$pair@QBDP6APAVAttribute@Imf@@XZ@std@@@std@@$0A@@std@@@2@@Z 10003710 f i ImfAttribute.obj
 0001:00002780       ?_Ubound@?$_Tree@V?$_Tmap_traits@PBDP6APAVAttribute@Imf@@XZUNameCompare@?A0xa1908c12@2@V?$allocator@U?$pair@QBDP6APAVAttribute@Imf@@XZ@std@@@std@@$0A@@std@@@std@@IBEPAU_Node@?$_Tree_nod@V?$_Tmap_traits@PBDP6APAVAttribute@Imf@@XZUNameCompare@?A0xa1908c12@2@V?$allocator@U?$pair@QBDP6APAVAttribute@Imf@@XZ@std@@@std@@$0A@@std@@@2@ABQBD@Z 10003780 f i ImfAttribute.obj
 0001:00002860       ?_Buynode@?$_Tree@V?$_Tmap_traits@PBDP6APAVAttribute@Imf@@XZUNameCompare@?A0xa1908c12@2@V?$allocator@U?$pair@QBDP6APAVAttribute@Imf@@XZ@std@@@std@@$0A@@std@@@std@@IAEPAU_Node@?$_Tree_nod@V?$_Tmap_traits@PBDP6APAVAttribute@Imf@@XZUNameCompare@?A0xa1908c12@2@V?$allocator@U?$pair@QBDP6APAVAttribute@Imf@@XZ@std@@@std@@$0A@@std@@@2@XZ 10003860 f i ImfAttribute.obj
 0001:000029b0       ?allocate@?$allocator@U_Node@?$_Tree_nod@V?$_Tmap_traits@PBDP6APAVAttribute@Imf@@XZUNameCompare@?A0xa1908c12@2@V?$allocator@U?$pair@QBDP6APAVAttribute@Imf@@XZ@std@@@std@@$0A@@std@@@std@@@std@@QAEPAU_Node@?$_Tree_nod@V?$_Tmap_traits@PBDP6APAVAttribute@Imf@@XZUNameCompare@?A0xa1908c12@2@V?$allocator@U?$pair@QBDP6APAVAttribute@Imf@@XZ@std@@@std@@$0A@@std@@@2@I@Z 100039b0 f i ImfAttribute.obj
 0001:000029f0       ?_Dec@const_iterator@?$_Tree@V?$_Tmap_traits@PBDP6APAVAttribute@Imf@@XZUNameCompare@?A0xa1908c12@2@V?$allocator@U?$pair@QBDP6APAVAttribute@Imf@@XZ@std@@@std@@$0A@@std@@@std@@QAEXXZ 100039f0 f i ImfAttribute.obj
 0001:00002b20       ?_Inc@const_iterator@?$_Tree@V?$_Tmap_traits@PBDP6APAVAttribute@Imf@@XZUNameCompare@?A0xa1908c12@2@V?$allocator@U?$pair@QBDP6APAVAttribute@Imf@@XZ@std@@@std@@$0A@@std@@@std@@QAEXXZ 10003b20 f i ImfAttribute.obj
 0001:00002c10       ??0?$TypedAttribute@M@Imf@@QAE@ABV01@@Z 10003c10 f i ImfAttribute.obj
 0001:00002c90       ??0?$TypedAttribute@M@Imf@@QAE@ABM@Z 10003c90 f i ImfAttribute.obj
 0001:00002cd0       ??0?$TypedAttribute@M@Imf@@QAE@XZ 10003cd0 f i ImfAttribute.obj
 0001:00002d10       ??1?$TypedAttribute@M@Imf@@UAE@XZ 10003d10 f i ImfAttribute.obj
 0001:00002d40       ?value@?$TypedAttribute@M@Imf@@QBEABMXZ 10003d40 f i ImfAttribute.obj
 0001:00002d60       ?value@?$TypedAttribute@M@Imf@@QAEAAMXZ 10003d60 f i ImfAttribute.obj
 0001:00002d80       ?typeName@?$TypedAttribute@M@Imf@@UBEPBDXZ 10003d80 f i ImfAttribute.obj
 0001:00002db0       ?makeNewAttribute@?$TypedAttribute@M@Imf@@SAPAVAttribute@2@XZ 10003db0 f i ImfAttribute.obj
 0001:00002e40       ?copy@?$TypedAttribute@M@Imf@@UBEPAVAttribute@2@XZ 10003e40 f i ImfAttribute.obj
 0001:00002ef0       ?writeValueTo@?$TypedAttribute@M@Imf@@UBEXAAVOStream@2@H@Z 10003ef0 f i ImfAttribute.obj
 0001:00002f30       ?readValueFrom@?$TypedAttribute@M@Imf@@UAEXAAVIStream@2@HH@Z 10003f30 f i ImfAttribute.obj
 0001:00002f70       ?copyValueFrom@?$TypedAttribute@M@Imf@@UAEXABVAttribute@2@@Z 10003f70 f i ImfAttribute.obj
 0001:00002fb0       ?cast@?$TypedAttribute@M@Imf@@SAABV12@ABVAttribute@2@@Z 10003fb0 f i ImfAttribute.obj
 0001:00002fd0       ?cast@?$TypedAttribute@M@Imf@@SAAAV12@AAVAttribute@2@@Z 10003fd0 f i ImfAttribute.obj
 0001:00002ff0       ?cast@?$TypedAttribute@M@Imf@@SAPBV12@PBVAttribute@2@@Z 10003ff0 f i ImfAttribute.obj
 0001:00003060       ??_ETypeExc@Iex@@UAEPAXI@Z 10004060 f i ImfAttribute.obj
 0001:00003060       ??_GTypeExc@Iex@@UAEPAXI@Z 10004060 f i ImfAttribute.obj
 0001:000030a0       ??1TypeExc@Iex@@UAE@XZ     100040a0 f i ImfAttribute.obj
 0001:000030d0       ?cast@?$TypedAttribute@M@Imf@@SAPAV12@PAVAttribute@2@@Z 100040d0 f i ImfAttribute.obj
 0001:00003140       ?registerAttributeType@?$TypedAttribute@M@Imf@@SAXXZ 10004140 f i ImfAttribute.obj
 0001:00003160       ?unRegisterAttributeType@?$TypedAttribute@M@Imf@@SAXXZ 10004160 f i ImfAttribute.obj
 0001:00003180       ??0?$TypedAttribute@N@Imf@@QAE@ABV01@@Z 10004180 f i ImfAttribute.obj
 0001:00003200       ??0?$TypedAttribute@N@Imf@@QAE@ABN@Z 10004200 f i ImfAttribute.obj
 0001:00003240       ??0?$TypedAttribute@N@Imf@@QAE@XZ 10004240 f i ImfAttribute.obj
 0001:00003280       ??1?$TypedAttribute@N@Imf@@UAE@XZ 10004280 f i ImfAttribute.obj
 0001:000032b0       ?value@?$TypedAttribute@N@Imf@@QBEABNXZ 100042b0 f i ImfAttribute.obj
 0001:000032d0       ?value@?$TypedAttribute@N@Imf@@QAEAANXZ 100042d0 f i ImfAttribute.obj
 0001:000032f0       ?typeName@?$TypedAttribute@N@Imf@@UBEPBDXZ 100042f0 f i ImfAttribute.obj
 0001:00003320       ?makeNewAttribute@?$TypedAttribute@N@Imf@@SAPAVAttribute@2@XZ 10004320 f i ImfAttribute.obj
 0001:000033b0       ?copy@?$TypedAttribute@N@Imf@@UBEPAVAttribute@2@XZ 100043b0 f i ImfAttribute.obj
 0001:00003460       ?writeValueTo@?$TypedAttribute@N@Imf@@UBEXAAVOStream@2@H@Z 10004460 f i ImfAttribute.obj
 0001:000034a0       ?readValueFrom@?$TypedAttribute@N@Imf@@UAEXAAVIStream@2@HH@Z 100044a0 f i ImfAttribute.obj
 0001:000034e0       ?copyValueFrom@?$TypedAttribute@N@Imf@@UAEXABVAttribute@2@@Z 100044e0 f i ImfAttribute.obj
 0001:00003520       ?cast@?$TypedAttribute@N@Imf@@SAABV12@ABVAttribute@2@@Z 10004520 f i ImfAttribute.obj
 0001:00003540       ?cast@?$TypedAttribute@N@Imf@@SAAAV12@AAVAttribute@2@@Z 10004540 f i ImfAttribute.obj
 0001:00003560       ?cast@?$TypedAttribute@N@Imf@@SAPBV12@PBVAttribute@2@@Z 10004560 f i ImfAttribute.obj
 0001:000035d0       ?cast@?$TypedAttribute@N@Imf@@SAPAV12@PAVAttribute@2@@Z 100045d0 f i ImfAttribute.obj
 0001:00003640       ?registerAttributeType@?$TypedAttribute@N@Imf@@SAXXZ 10004640 f i ImfAttribute.obj
 0001:00003660       ?unRegisterAttributeType@?$TypedAttribute@N@Imf@@SAXXZ 10004660 f i ImfAttribute.obj
 0001:00003680       ??$?6U?$char_traits@D@std@@@std@@YAAAV?$basic_ostream@DU?$char_traits@D@std@@@0@AAV10@PBD@Z 10004680 f i ImfAttribute.obj
 0001:00003a70       ??0sentry@?$basic_ostream@DU?$char_traits@D@std@@@std@@QAE@AAV12@@Z 10004a70 f i ImfAttribute.obj
 0001:00003b60       ??1sentry@?$basic_ostream@DU?$char_traits@D@std@@@std@@QAE@XZ 10004b60 f i ImfAttribute.obj
 0001:00003be0       ??0_Sentry_base@?$basic_ostream@DU?$char_traits@D@std@@@std@@QAE@AAV12@@Z 10004be0 f i ImfAttribute.obj
 0001:00003c60       ??1_Sentry_base@?$basic_ostream@DU?$char_traits@D@std@@@std@@QAE@XZ 10004c60 f i ImfAttribute.obj
 0001:00003cd0       ??$_Allocate@U_Node@?$_Tree_nod@V?$_Tmap_traits@PBDP6APAVAttribute@Imf@@XZUNameCompare@?A0xa1908c12@2@V?$allocator@U?$pair@QBDP6APAVAttribute@Imf@@XZ@std@@@std@@$0A@@std@@@std@@@std@@YAPAU_Node@?$_Tree_nod@V?$_Tmap_traits@PBDP6APAVAttribute@Imf@@XZUNameCompare@?A0xa1908c12@2@V?$allocator@U?$pair@QBDP6APAVAttribute@Imf@@XZ@std@@@std@@$0A@@std@@@0@IPAU120@@Z 10004cd0 f i ImfAttribute.obj
 0001:00003d60       ??1bad_alloc@std@@UAE@XZ   10004d60 f i ImfAttribute.obj
 0001:00003da0       ??_Ebad_alloc@std@@UAEPAXI@Z 10004da0 f i ImfAttribute.obj
 0001:00003da0       ??_Gbad_alloc@std@@UAEPAXI@Z 10004da0 f i ImfAttribute.obj
 0001:00003e00       ??_E?$TypedAttribute@M@Imf@@UAEPAXI@Z 10004e00 f i ImfAttribute.obj
 0001:00003e00       ??_G?$TypedAttribute@M@Imf@@UAEPAXI@Z 10004e00 f i ImfAttribute.obj
 0001:00003e40       ??0TypeExc@Iex@@QAE@ABV01@@Z 10004e40 f i ImfAttribute.obj
 0001:00003e80       ??_E?$TypedAttribute@N@Imf@@UAEPAXI@Z 10004e80 f i ImfAttribute.obj
 0001:00003e80       ??_G?$TypedAttribute@N@Imf@@UAEPAXI@Z 10004e80 f i ImfAttribute.obj
 0001:00003ec0       ??0bad_alloc@std@@QAE@ABV01@@Z 10004ec0 f i ImfAttribute.obj
 0001:00003f10       ??$write@UStreamIO@Imf@@VOStream@2@@Xdr@Imf@@YAXAAVOStream@1@N@Z 10004f10 f i ImfAttribute.obj
 0001:00004010       ??$write@UStreamIO@Imf@@VOStream@2@@Xdr@Imf@@YAXAAVOStream@1@M@Z 10005010 f i ImfAttribute.obj
 0001:000040c0       ??$read@UStreamIO@Imf@@VIStream@2@@Xdr@Imf@@YAXAAVIStream@1@AAN@Z 100050c0 f i ImfAttribute.obj
 0001:00004210       ??$read@UStreamIO@Imf@@VIStream@2@@Xdr@Imf@@YAXAAVIStream@1@AAM@Z 10005210 f i ImfAttribute.obj
 0001:000042d0       ?staticTypeName@?$TypedAttribute@V?$Box@V?$Vec2@H@Imath@@@Imath@@@Imf@@SAPBDXZ 100052d0 f   ImfBoxAttribute.obj
 0001:000042e0       ?writeValueTo@?$TypedAttribute@V?$Box@V?$Vec2@H@Imath@@@Imath@@@Imf@@UBEXAAVOStream@2@H@Z 100052e0 f   ImfBoxAttribute.obj
 0001:00004350       ?readValueFrom@?$TypedAttribute@V?$Box@V?$Vec2@H@Imath@@@Imath@@@Imf@@UAEXAAVIStream@2@HH@Z 10005350 f   ImfBoxAttribute.obj
 0001:000043c0       ?staticTypeName@?$TypedAttribute@V?$Box@V?$Vec2@M@Imath@@@Imath@@@Imf@@SAPBDXZ 100053c0 f   ImfBoxAttribute.obj
 0001:000043d0       ?writeValueTo@?$TypedAttribute@V?$Box@V?$Vec2@M@Imath@@@Imath@@@Imf@@UBEXAAVOStream@2@H@Z 100053d0 f   ImfBoxAttribute.obj
 0001:00004450       ?readValueFrom@?$TypedAttribute@V?$Box@V?$Vec2@M@Imath@@@Imath@@@Imf@@UAEXAAVIStream@2@HH@Z 10005450 f   ImfBoxAttribute.obj
 0001:000044c0       ??$write@UStreamIO@Imf@@VOStream@2@@Xdr@Imf@@YAXAAVOStream@1@H@Z 100054c0 f i ImfBoxAttribute.obj
 0001:00004560       ??$read@UStreamIO@Imf@@VIStream@2@@Xdr@Imf@@YAXAAVIStream@1@AAH@Z 10005560 f i ImfBoxAttribute.obj
 0001:00004610       ??0Channel@Imf@@QAE@W4PixelType@1@HH@Z 10005610 f   ImfChannelList.obj
 0001:00004650       ??8Channel@Imf@@QBE_NABU01@@Z 10005650 f   ImfChannelList.obj
 0001:000046b0       ?insert@ChannelList@Imf@@QAEXQBDABUChannel@2@@Z 100056b0 f   ImfChannelList.obj
 0001:00004830       ??AChannelList@Imf@@QAEAAUChannel@1@QBD@Z 10005830 f   ImfChannelList.obj
 0001:00004a70       ??AChannelList@Imf@@QBEABUChannel@1@QBD@Z 10005a70 f   ImfChannelList.obj
 0001:00004cb0       ?findChannel@ChannelList@Imf@@QAEPAUChannel@2@QBD@Z 10005cb0 f   ImfChannelList.obj
 0001:00004de0       ?findChannel@ChannelList@Imf@@QBEPBUChannel@2@QBD@Z 10005de0 f   ImfChannelList.obj
 0001:00004f10       ?begin@ChannelList@Imf@@QAE?AVIterator@12@XZ 10005f10 f   ImfChannelList.obj
 0001:00004f90       ?begin@ChannelList@Imf@@QBE?AVConstIterator@12@XZ 10005f90 f   ImfChannelList.obj
 0001:00005010       ?end@ChannelList@Imf@@QAE?AVIterator@12@XZ 10006010 f   ImfChannelList.obj
 0001:00005080       ?end@ChannelList@Imf@@QBE?AVConstIterator@12@XZ 10006080 f   ImfChannelList.obj
 0001:000050f0       ?find@ChannelList@Imf@@QAE?AVIterator@12@QBD@Z 100060f0 f   ImfChannelList.obj
 0001:00005170       ?find@ChannelList@Imf@@QBE?AVConstIterator@12@QBD@Z 10006170 f   ImfChannelList.obj
 0001:000051f0       ?layers@ChannelList@Imf@@QBEXAAV?$set@V?$basic_string@DU?$char_traits@D@std@@V?$allocator@D@2@@std@@U?$less@V?$basic_string@DU?$char_traits@D@std@@V?$allocator@D@2@@std@@@2@V?$allocator@V?$basic_string@DU?$char_traits@D@std@@V?$allocator@D@2@@std@@@2@@std@@@Z 100061f0 f   ImfChannelList.obj
 0001:000053b0       ?channelsInLayer@ChannelList@Imf@@QAEXABV?$basic_string@DU?$char_traits@D@std@@V?$allocator@D@2@@std@@AAVIterator@12@1@Z 100063b0 f   ImfChannelList.obj
 0001:00005470       ?channelsInLayer@ChannelList@Imf@@QBEXABV?$basic_string@DU?$char_traits@D@std@@V?$allocator@D@2@@std@@AAVConstIterator@12@1@Z 10006470 f   ImfChannelList.obj
 0001:00005530       ?channelsWithPrefix@ChannelList@Imf@@QAEXQBDAAVIterator@12@1@Z 10006530 f   ImfChannelList.obj
 0001:00005700       ?channelsWithPrefix@ChannelList@Imf@@QBEXQBDAAVConstIterator@12@1@Z 10006700 f   ImfChannelList.obj
 0001:000058b0       ??8ChannelList@Imf@@QBE_NABV01@@Z 100068b0 f   ImfChannelList.obj
 0001:00005aa0       ?channel@ConstIterator@ChannelList@Imf@@QBEABUChannel@3@XZ 10006aa0 f i ImfChannelList.obj
 0001:00005b00       ??A?$map@VName@Imf@@UChannel@2@U?$less@VName@Imf@@@std@@V?$allocator@U?$pair@$$CBVName@Imf@@UChannel@2@@std@@@5@@std@@QAEAAUChannel@Imf@@ABVName@3@@Z 10006b00 f i ImfChannelList.obj
 0001:00005ce0       ?find@?$_Tree@V?$_Tmap_traits@VName@Imf@@UChannel@2@U?$less@VName@Imf@@@std@@V?$allocator@U?$pair@$$CBVName@Imf@@UChannel@2@@std@@@5@$0A@@std@@@std@@QAE?AViterator@12@ABVName@Imf@@@Z 10006ce0 f i ImfChannelList.obj
 0001:00005e90       ?find@?$_Tree@V?$_Tmap_traits@VName@Imf@@UChannel@2@U?$less@VName@Imf@@@std@@V?$allocator@U?$pair@$$CBVName@Imf@@UChannel@2@@std@@@5@$0A@@std@@@std@@QBE?AVconst_iterator@12@ABVName@Imf@@@Z 10006e90 f i ImfChannelList.obj
 0001:00006030       ?insert@?$_Tree@V?$_Tset_traits@V?$basic_string@DU?$char_traits@D@std@@V?$allocator@D@2@@std@@U?$less@V?$basic_string@DU?$char_traits@D@std@@V?$allocator@D@2@@std@@@2@V?$allocator@V?$basic_string@DU?$char_traits@D@std@@V?$allocator@D@2@@std@@@2@$0A@@std@@@std@@QAE?AU?$pair@Viterator@?$_Tree@V?$_Tset_traits@V?$basic_string@DU?$char_traits@D@std@@V?$allocator@D@2@@std@@U?$less@V?$basic_string@DU?$char_traits@D@std@@V?$allocator@D@2@@std@@@2@V?$allocator@V?$basic_string@DU?$char_traits@D@std@@V?$allocator@D@2@@std@@@2@$0A@@std@@@std@@_N@2@ABV?$basic_string@DU?$char_traits@D@std@@V?$allocator@D@2@@2@@Z 10007030 f i ImfChannelList.obj
 0001:00006280       ?clear@?$_Tree@V?$_Tset_traits@V?$basic_string@DU?$char_traits@D@std@@V?$allocator@D@2@@std@@U?$less@V?$basic_string@DU?$char_traits@D@std@@V?$allocator@D@2@@std@@@2@V?$allocator@V?$basic_string@DU?$char_traits@D@std@@V?$allocator@D@2@@std@@@2@$0A@@std@@@std@@QAEXXZ 10007280 f i ImfChannelList.obj
 0001:00006300       ?insert@?$_Tree@V?$_Tmap_traits@VName@Imf@@UChannel@2@U?$less@VName@Imf@@@std@@V?$allocator@U?$pair@$$CBVName@Imf@@UChannel@2@@std@@@5@$0A@@std@@@std@@QAE?AViterator@12@V312@ABU?$pair@$$CBVName@Imf@@UChannel@2@@2@@Z 10007300 f i ImfChannelList.obj
 0001:00007030       ??8const_iterator@?$_Tree@V?$_Tmap_traits@VName@Imf@@UChannel@2@U?$less@VName@Imf@@@std@@V?$allocator@U?$pair@$$CBVName@Imf@@UChannel@2@@std@@@5@$0A@@std@@@std@@QBE_NABV012@@Z 10008030 f i ImfChannelList.obj
 0001:00007090       ?_Lbound@?$_Tree@V?$_Tmap_traits@VName@Imf@@UChannel@2@U?$less@VName@Imf@@@std@@V?$allocator@U?$pair@$$CBVName@Imf@@UChannel@2@@std@@@5@$0A@@std@@@std@@IBEPAU_Node@?$_Tree_nod@V?$_Tmap_traits@VName@Imf@@UChannel@2@U?$less@VName@Imf@@@std@@V?$allocator@U?$pair@$$CBVName@Imf@@UChannel@2@@std@@@5@$0A@@std@@@2@ABVName@Imf@@@Z 10008090 f i ImfChannelList.obj
 0001:00007170       ??0const_iterator@?$_Tree@V?$_Tmap_traits@VName@Imf@@UChannel@2@U?$less@VName@Imf@@@std@@V?$allocator@U?$pair@$$CBVName@Imf@@UChannel@2@@std@@@5@$0A@@std@@@std@@QAE@PAU_Node@?$_Tree_nod@V?$_Tmap_traits@VName@Imf@@UChannel@2@U?$less@VName@Imf@@@std@@V?$allocator@U?$pair@$$CBVName@Imf@@UChannel@2@@std@@@5@$0A@@std@@@2@PBV12@@Z 10008170 f i ImfChannelList.obj
 0001:000071d0       ??Dconst_iterator@?$_Tree@V?$_Tmap_traits@VName@Imf@@UChannel@2@U?$less@VName@Imf@@@std@@V?$allocator@U?$pair@$$CBVName@Imf@@UChannel@2@@std@@@5@$0A@@std@@@std@@QBEABU?$pair@$$CBVName@Imf@@UChannel@2@@2@XZ 100081d0 f i ImfChannelList.obj
 0001:00007230       ?_Inc@const_iterator@?$_Tree@V?$_Tmap_traits@VName@Imf@@UChannel@2@U?$less@VName@Imf@@@std@@V?$allocator@U?$pair@$$CBVName@Imf@@UChannel@2@@std@@@5@$0A@@std@@@std@@QAEXXZ 10008230 f i ImfChannelList.obj
 0001:00007320       ?_Erase@?$_Tree@V?$_Tset_traits@V?$basic_string@DU?$char_traits@D@std@@V?$allocator@D@2@@std@@U?$less@V?$basic_string@DU?$char_traits@D@std@@V?$allocator@D@2@@std@@@2@V?$allocator@V?$basic_string@DU?$char_traits@D@std@@V?$allocator@D@2@@std@@@2@$0A@@std@@@std@@IAEXPAU_Node@?$_Tree_nod@V?$_Tset_traits@V?$basic_string@DU?$char_traits@D@std@@V?$allocator@D@2@@std@@U?$less@V?$basic_string@DU?$char_traits@D@std@@V?$allocator@D@2@@std@@@2@V?$allocator@V?$basic_string@DU?$char_traits@D@std@@V?$allocator@D@2@@std@@@2@$0A@@std@@@2@@Z 10008320 f i ImfChannelList.obj
 0001:000073b0       ?_Insert@?$_Tree@V?$_Tset_traits@V?$basic_string@DU?$char_traits@D@std@@V?$allocator@D@2@@std@@U?$less@V?$basic_string@DU?$char_traits@D@std@@V?$allocator@D@2@@std@@@2@V?$allocator@V?$basic_string@DU?$char_traits@D@std@@V?$allocator@D@2@@std@@@2@$0A@@std@@@std@@IAE?AViterator@12@_NPAU_Node@?$_Tree_nod@V?$_Tset_traits@V?$basic_string@DU?$char_traits@D@std@@V?$allocator@D@2@@std@@U?$less@V?$basic_string@DU?$char_traits@D@std@@V?$allocator@D@2@@std@@@2@V?$allocator@V?$basic_string@DU?$char_traits@D@std@@V?$allocator@D@2@@std@@@2@$0A@@std@@@2@ABV?$basic_string@DU?$char_traits@D@std@@V?$allocator@D@2@@2@@Z 100083b0 f i ImfChannelList.obj
 0001:00007770       ?insert@?$_Tree@V?$_Tmap_traits@VName@Imf@@UChannel@2@U?$less@VName@Imf@@@std@@V?$allocator@U?$pair@$$CBVName@Imf@@UChannel@2@@std@@@5@$0A@@std@@@std@@QAE?AU?$pair@Viterator@?$_Tree@V?$_Tmap_traits@VName@Imf@@UChannel@2@U?$less@VName@Imf@@@std@@V?$allocator@U?$pair@$$CBVName@Imf@@UChannel@2@@std@@@5@$0A@@std@@@std@@_N@2@ABU?$pair@$$CBVName@Imf@@UChannel@2@@2@@Z 10008770 f i ImfChannelList.obj
 0001:00007a90       ?_Insert@?$_Tree@V?$_Tmap_traits@VName@Imf@@UChannel@2@U?$less@VName@Imf@@@std@@V?$allocator@U?$pair@$$CBVName@Imf@@UChannel@2@@std@@@5@$0A@@std@@@std@@IAE?AViterator@12@_NPAU_Node@?$_Tree_nod@V?$_Tmap_traits@VName@Imf@@UChannel@2@U?$less@VName@Imf@@@std@@V?$allocator@U?$pair@$$CBVName@Imf@@UChannel@2@@std@@@5@$0A@@std@@@2@ABU?$pair@$$CBVName@Imf@@UChannel@2@@2@@Z 10008a90 f i ImfChannelList.obj
 0001:00007e50       ?_Lrotate@?$_Tree@V?$_Tset_traits@V?$basic_string@DU?$char_traits@D@std@@V?$allocator@D@2@@std@@U?$less@V?$basic_string@DU?$char_traits@D@std@@V?$allocator@D@2@@std@@@2@V?$allocator@V?$basic_string@DU?$char_traits@D@std@@V?$allocator@D@2@@std@@@2@$0A@@std@@@std@@IAEXPAU_Node@?$_Tree_nod@V?$_Tset_traits@V?$basic_string@DU?$char_traits@D@std@@V?$allocator@D@2@@std@@U?$less@V?$basic_string@DU?$char_traits@D@std@@V?$allocator@D@2@@std@@@2@V?$allocator@V?$basic_string@DU?$char_traits@D@std@@V?$allocator@D@2@@std@@@2@$0A@@std@@@2@@Z 10008e50 f i ImfChannelList.obj
 0001:00007f10       ?_Rrotate@?$_Tree@V?$_Tset_traits@V?$basic_string@DU?$char_traits@D@std@@V?$allocator@D@2@@std@@U?$less@V?$basic_string@DU?$char_traits@D@std@@V?$allocator@D@2@@std@@@2@V?$allocator@V?$basic_string@DU?$char_traits@D@std@@V?$allocator@D@2@@std@@@2@$0A@@std@@@std@@IAEXPAU_Node@?$_Tree_nod@V?$_Tset_traits@V?$basic_string@DU?$char_traits@D@std@@V?$allocator@D@2@@std@@U?$less@V?$basic_string@DU?$char_traits@D@std@@V?$allocator@D@2@@std@@@2@V?$allocator@V?$basic_string@DU?$char_traits@D@std@@V?$allocator@D@2@@std@@@2@$0A@@std@@@2@@Z 10008f10 f i ImfChannelList.obj
 0001:00007fd0       ?_Buynode@?$_Tree@V?$_Tset_traits@V?$basic_string@DU?$char_traits@D@std@@V?$allocator@D@2@@std@@U?$less@V?$basic_string@DU?$char_traits@D@std@@V?$allocator@D@2@@std@@@2@V?$allocator@V?$basic_string@DU?$char_traits@D@std@@V?$allocator@D@2@@std@@@2@$0A@@std@@@std@@IAEPAU_Node@?$_Tree_nod@V?$_Tset_traits@V?$basic_string@DU?$char_traits@D@std@@V?$allocator@D@2@@std@@U?$less@V?$basic_string@DU?$char_traits@D@std@@V?$allocator@D@2@@std@@@2@V?$allocator@V?$basic_string@DU?$char_traits@D@std@@V?$allocator@D@2@@std@@@2@$0A@@std@@@2@PAU342@00ABV?$basic_string@DU?$char_traits@D@std@@V?$allocator@D@2@@2@D@Z 10008fd0 f i ImfChannelList.obj
 0001:000080e0       ??3@YAXPAX0@Z              100090e0 f i ImfChannelList.obj
 0001:000080f0       ??0const_iterator@?$_Tree@V?$_Tset_traits@V?$basic_string@DU?$char_traits@D@std@@V?$allocator@D@2@@std@@U?$less@V?$basic_string@DU?$char_traits@D@std@@V?$allocator@D@2@@std@@@2@V?$allocator@V?$basic_string@DU?$char_traits@D@std@@V?$allocator@D@2@@std@@@2@$0A@@std@@@std@@QAE@PAU_Node@?$_Tree_nod@V?$_Tset_traits@V?$basic_string@DU?$char_traits@D@std@@V?$allocator@D@2@@std@@U?$less@V?$basic_string@DU?$char_traits@D@std@@V?$allocator@D@2@@std@@@2@V?$allocator@V?$basic_string@DU?$char_traits@D@std@@V?$allocator@D@2@@std@@@2@$0A@@std@@@2@PBV12@@Z 100090f0 f i ImfChannelList.obj
 0001:00008150       ?_Lrotate@?$_Tree@V?$_Tmap_traits@VName@Imf@@UChannel@2@U?$less@VName@Imf@@@std@@V?$allocator@U?$pair@$$CBVName@Imf@@UChannel@2@@std@@@5@$0A@@std@@@std@@IAEXPAU_Node@?$_Tree_nod@V?$_Tmap_traits@VName@Imf@@UChannel@2@U?$less@VName@Imf@@@std@@V?$allocator@U?$pair@$$CBVName@Imf@@UChannel@2@@std@@@5@$0A@@std@@@2@@Z 10009150 f i ImfChannelList.obj
 0001:00008210       ?_Rrotate@?$_Tree@V?$_Tmap_traits@VName@Imf@@UChannel@2@U?$less@VName@Imf@@@std@@V?$allocator@U?$pair@$$CBVName@Imf@@UChannel@2@@std@@@5@$0A@@std@@@std@@IAEXPAU_Node@?$_Tree_nod@V?$_Tmap_traits@VName@Imf@@UChannel@2@U?$less@VName@Imf@@@std@@V?$allocator@U?$pair@$$CBVName@Imf@@UChannel@2@@std@@@5@$0A@@std@@@2@@Z 10009210 f i ImfChannelList.obj
 0001:000082d0       ?_Buynode@?$_Tree@V?$_Tmap_traits@VName@Imf@@UChannel@2@U?$less@VName@Imf@@@std@@V?$allocator@U?$pair@$$CBVName@Imf@@UChannel@2@@std@@@5@$0A@@std@@@std@@IAEPAU_Node@?$_Tree_nod@V?$_Tmap_traits@VName@Imf@@UChannel@2@U?$less@VName@Imf@@@std@@V?$allocator@U?$pair@$$CBVName@Imf@@UChannel@2@@std@@@5@$0A@@std@@@2@PAU342@00ABU?$pair@$$CBVName@Imf@@UChannel@2@@2@D@Z 100092d0 f i ImfChannelList.obj
 0001:000083d0       ?_Dec@const_iterator@?$_Tree@V?$_Tset_traits@V?$basic_string@DU?$char_traits@D@std@@V?$allocator@D@2@@std@@U?$less@V?$basic_string@DU?$char_traits@D@std@@V?$allocator@D@2@@std@@@2@V?$allocator@V?$basic_string@DU?$char_traits@D@std@@V?$allocator@D@2@@std@@@2@$0A@@std@@@std@@QAEXXZ 100093d0 f i ImfChannelList.obj
 0001:00008500       ?_Dec@const_iterator@?$_Tree@V?$_Tmap_traits@VName@Imf@@UChannel@2@U?$less@VName@Imf@@@std@@V?$allocator@U?$pair@$$CBVName@Imf@@UChannel@2@@std@@@5@$0A@@std@@@std@@QAEXXZ 10009500 f i ImfChannelList.obj
 0001:00008630       ??$_Allocate@U_Node@?$_Tree_nod@V?$_Tset_traits@V?$basic_string@DU?$char_traits@D@std@@V?$allocator@D@2@@std@@U?$less@V?$basic_string@DU?$char_traits@D@std@@V?$allocator@D@2@@std@@@2@V?$allocator@V?$basic_string@DU?$char_traits@D@std@@V?$allocator@D@2@@std@@@2@$0A@@std@@@std@@@std@@YAPAU_Node@?$_Tree_nod@V?$_Tset_traits@V?$basic_string@DU?$char_traits@D@std@@V?$allocator@D@2@@std@@U?$less@V?$basic_string@DU?$char_traits@D@std@@V?$allocator@D@2@@std@@@2@V?$allocator@V?$basic_string@DU?$char_traits@D@std@@V?$allocator@D@2@@std@@@2@$0A@@std@@@0@IPAU120@@Z 10009630 f i ImfChannelList.obj
 0001:000086c0       ??$_Allocate@U_Node@?$_Tree_nod@V?$_Tmap_traits@VName@Imf@@UChannel@2@U?$less@VName@Imf@@@std@@V?$allocator@U?$pair@$$CBVName@Imf@@UChannel@2@@std@@@5@$0A@@std@@@std@@@std@@YAPAU_Node@?$_Tree_nod@V?$_Tmap_traits@VName@Imf@@UChannel@2@U?$less@VName@Imf@@@std@@V?$allocator@U?$pair@$$CBVName@Imf@@UChannel@2@@std@@@5@$0A@@std@@@0@IPAU120@@Z 100096c0 f i ImfChannelList.obj
 0001:00008750       ?staticTypeName@?$TypedAttribute@VChannelList@Imf@@@Imf@@SAPBDXZ 10009750 f   ImfChannelListAttribute.obj
 0001:00008760       ?writeValueTo@?$TypedAttribute@VChannelList@Imf@@@Imf@@UBEXAAVOStream@2@H@Z 10009760 f   ImfChannelListAttribute.obj
 0001:000088a0       ?readValueFrom@?$TypedAttribute@VChannelList@Imf@@@Imf@@UAEXAAVIStream@2@HH@Z 100098a0 f   ImfChannelListAttribute.obj
 0001:000089d0       ?name@ConstIterator@ChannelList@Imf@@QBEPBDXZ 100099d0 f i ImfChannelListAttribute.obj
 0001:00008a40       ??$write@UStreamIO@Imf@@VOStream@2@@Xdr@Imf@@YAXAAVOStream@1@QBD@Z 10009a40 f i ImfChannelListAttribute.obj
 0001:00008aa0       ??$pad@UStreamIO@Imf@@VOStream@2@@Xdr@Imf@@YAXAAVOStream@1@H@Z 10009aa0 f i ImfChannelListAttribute.obj
 0001:00008b30       ??$read@UStreamIO@Imf@@VIStream@2@@Xdr@Imf@@YAXAAVIStream@1@HQAD@Z 10009b30 f i ImfChannelListAttribute.obj
 0001:00008b80       ??$skip@UStreamIO@Imf@@VIStream@2@@Xdr@Imf@@YAXAAVIStream@1@H@Z 10009b80 f i ImfChannelListAttribute.obj
 0001:00008c50       ??0Chromaticities@Imf@@QAE@ABV?$Vec2@M@Imath@@000@Z 10009c50 f   ImfChromaticities.obj
 0001:00008cf0       ?RGBtoXYZ@Imf@@YA?AV?$Matrix44@M@Imath@@UChromaticities@1@M@Z 10009cf0 f   ImfChromaticities.obj
 0001:00008f30       ?XYZtoRGB@Imf@@YA?AV?$Matrix44@M@Imath@@UChromaticities@1@M@Z 10009f30 f   ImfChromaticities.obj
 0001:00008f90       ??0Chromaticities@Imf@@QAE@ABU01@@Z 10009f90 f i ImfChromaticities.obj
 0001:00009050       ??0?$Matrix44@M@Imath@@QAE@ABV01@@Z 1000a050 f i ImfChromaticities.obj
 0001:00009130       ??0?$Matrix44@M@Imath@@QAE@XZ 1000a130 f i ImfChromaticities.obj
 0001:000091d0       ?inverse@?$Matrix44@M@Imath@@QBE?AV12@_N@Z 1000a1d0 f i ImfChromaticities.obj
 0001:00009740       ??_GMathExc@Iex@@UAEPAXI@Z 1000a740 f i ImfChromaticities.obj
 0001:00009740       ??_EMathExc@Iex@@UAEPAXI@Z 1000a740 f i ImfChromaticities.obj
 0001:00009780       ??_GSingMatrixExc@Imath@@UAEPAXI@Z 1000a780 f i ImfChromaticities.obj
 0001:00009780       ??_ESingMatrixExc@Imath@@UAEPAXI@Z 1000a780 f i ImfChromaticities.obj
 0001:000097c0       ??1SingMatrixExc@Imath@@UAE@XZ 1000a7c0 f i ImfChromaticities.obj
 0001:000097f0       ??0SingMatrixExc@Imath@@QAE@ABV01@@Z 1000a7f0 f i ImfChromaticities.obj
 0001:00009830       ??0MathExc@Iex@@QAE@ABV01@@Z 1000a830 f i ImfChromaticities.obj
 0001:00009870       ?gjInverse@?$Matrix44@M@Imath@@QBE?AV12@_N@Z 1000a870 f i ImfChromaticities.obj
 0001:00009e00       ??0MathExc@Iex@@QAE@PBD@Z  1000ae00 f i ImfChromaticities.obj
 0001:00009e40       ?staticTypeName@?$TypedAttribute@UChromaticities@Imf@@@Imf@@SAPBDXZ 1000ae40 f   ImfChromaticitiesAttribute.obj
 0001:00009e50       ?writeValueTo@?$TypedAttribute@UChromaticities@Imf@@@Imf@@UBEXAAVOStream@2@H@Z 1000ae50 f   ImfChromaticitiesAttribute.obj
 0001:00009f20       ?readValueFrom@?$TypedAttribute@UChromaticities@Imf@@@Imf@@UAEXAAVIStream@2@HH@Z 1000af20 f   ImfChromaticitiesAttribute.obj
 0001:00009fe0       ?staticTypeName@?$TypedAttribute@W4Compression@Imf@@@Imf@@SAPBDXZ 1000afe0 f   ImfCompressionAttribute.obj
 0001:00009ff0       ?writeValueTo@?$TypedAttribute@W4Compression@Imf@@@Imf@@UBEXAAVOStream@2@H@Z 1000aff0 f   ImfCompressionAttribute.obj
 0001:0000a050       ?readValueFrom@?$TypedAttribute@W4Compression@Imf@@@Imf@@UAEXAAVIStream@2@HH@Z 1000b050 f   ImfCompressionAttribute.obj
 0001:0000a0d0       ??0Compressor@Imf@@QAE@ABVHeader@1@@Z 1000b0d0 f   ImfCompressor.obj
 0001:0000a100       ??1Compressor@Imf@@UAE@XZ  1000b100 f   ImfCompressor.obj
 0001:0000a120       ?format@Compressor@Imf@@UBE?AW4Format@12@XZ 1000b120 f   ImfCompressor.obj
 0001:0000a140       ?compressTile@Compressor@Imf@@UAEHPBDHV?$Box@V?$Vec2@H@Imath@@@Imath@@AAPBD@Z 1000b140 f   ImfCompressor.obj
 0001:0000a190       ?uncompressTile@Compressor@Imf@@UAEHPBDHV?$Box@V?$Vec2@H@Imath@@@Imath@@AAPBD@Z 1000b190 f   ImfCompressor.obj
 0001:0000a1e0       ?isValidCompression@Imf@@YA_NW4Compression@1@@Z 1000b1e0 f   ImfCompressor.obj
 0001:0000a210       ?newCompressor@Imf@@YAPAVCompressor@1@W4Compression@1@HABVHeader@1@@Z 1000b210 f   ImfCompressor.obj
 0001:0000a410       ?newTileCompressor@Imf@@YAPAVCompressor@1@W4Compression@1@HHABVHeader@1@@Z 1000b410 f   ImfCompressor.obj
 0001:0000a5d0       ??_GCompressor@Imf@@UAEPAXI@Z 1000b5d0 f i ImfCompressor.obj
 0001:0000a5d0       ??_ECompressor@Imf@@UAEPAXI@Z 1000b5d0 f i ImfCompressor.obj
 0001:0000a610       ??0half@@QAE@XZ            1000b610 f i ImfConvert.obj
 0001:0000a620       ??0half@@QAE@M@Z           1000b620 f i ImfConvert.obj
 0001:0000a690       ??Bhalf@@QBEMXZ            1000b690 f i ImfConvert.obj
 0001:0000a6a0       ?isNan@half@@QBE_NXZ       1000b6a0 f i ImfConvert.obj
 0001:0000a6d0       ?isInfinity@half@@QBE_NXZ  1000b6d0 f i ImfConvert.obj
 0001:0000a700       ?isNegative@half@@QBE_NXZ  1000b700 f i ImfConvert.obj
 0001:0000a710       ?posInf@half@@SA?AV1@XZ    1000b710 f i ImfConvert.obj
 0001:0000a720       ?negInf@half@@SA?AV1@XZ    1000b720 f i ImfConvert.obj
 0001:0000a730       ?isNegative@?A0xecb7bd60@Imf@@YA_NM@Z 1000b730 f i ImfConvert.obj
 0001:0000a740       ?isNan@?A0xecb7bd60@Imf@@YA_NM@Z 1000b740 f i ImfConvert.obj
 0001:0000a760       ?isInfinity@?A0xecb7bd60@Imf@@YA_NM@Z 1000b760 f i ImfConvert.obj
 0001:0000a780       ?isFinite@?A0xecb7bd60@Imf@@YA_NM@Z 1000b780 f i ImfConvert.obj
 0001:0000a7a0       ?halfToUint@Imf@@YAIVhalf@@@Z 1000b7a0 f   ImfConvert.obj
 0001:0000a810       ?floatToUint@Imf@@YAIM@Z   1000b810 f   ImfConvert.obj
 0001:0000a8a0       ?uintToHalf@Imf@@YA?AVhalf@@I@Z 1000b8a0 f   ImfConvert.obj
 0001:0000a8f0       ?floatToHalf@Imf@@YA?AVhalf@@M@Z 1000b8f0 f   ImfConvert.obj
 0001:0000a950       ?setErrorMessage@?A0x04758b90@@YAXABVexception@std@@@Z 1000b950 f   ImfCRgbaFile.obj
 0001:0000a9a0       _ImfFloatToHalf            1000b9a0 f   ImfCRgbaFile.obj
 0001:0000a9f0       _ImfFloatToHalfArray       1000b9f0 f   ImfCRgbaFile.obj
 0001:0000aa70       _ImfHalfToFloat            1000ba70 f   ImfCRgbaFile.obj
 0001:0000aaa0       _ImfHalfToFloatArray       1000baa0 f   ImfCRgbaFile.obj
 0001:0000ab00       _ImfNewHeader              1000bb00 f   ImfCRgbaFile.obj
 0001:0000ac10       _ImfDeleteHeader           1000bc10 f   ImfCRgbaFile.obj
 0001:0000ac80       _ImfCopyHeader             1000bc80 f   ImfCRgbaFile.obj
 0001:0000ad90       _ImfHeaderSetDisplayWindow 1000bd90 f   ImfCRgbaFile.obj
 0001:0000ae40       _ImfHeaderDisplayWindow    1000be40 f   ImfCRgbaFile.obj
 0001:0000af00       _ImfHeaderSetDataWindow    1000bf00 f   ImfCRgbaFile.obj
 0001:0000afb0       _ImfHeaderDataWindow       1000bfb0 f   ImfCRgbaFile.obj
 0001:0000b070       _ImfHeaderSetPixelAspectRatio 1000c070 f   ImfCRgbaFile.obj
 0001:0000b090       _ImfHeaderPixelAspectRatio 1000c090 f   ImfCRgbaFile.obj
 0001:0000b0b0       _ImfHeaderSetScreenWindowCenter 1000c0b0 f   ImfCRgbaFile.obj
 0001:0000b110       _ImfHeaderScreenWindowCenter 1000c110 f   ImfCRgbaFile.obj
 0001:0000b1b0       _ImfHeaderSetScreenWindowWidth 1000c1b0 f   ImfCRgbaFile.obj
 0001:0000b1d0       _ImfHeaderScreenWindowWidth 1000c1d0 f   ImfCRgbaFile.obj
 0001:0000b1f0       _ImfHeaderSetLineOrder     1000c1f0 f   ImfCRgbaFile.obj
 0001:0000b210       _ImfHeaderLineOrder        1000c210 f   ImfCRgbaFile.obj
 0001:0000b230       _ImfHeaderSetCompression   1000c230 f   ImfCRgbaFile.obj
 0001:0000b250       _ImfHeaderCompression      1000c250 f   ImfCRgbaFile.obj
 0001:0000b270       _ImfHeaderSetIntAttribute  1000c270 f   ImfCRgbaFile.obj
 0001:0000b3f0       _ImfHeaderIntAttribute     1000c3f0 f   ImfCRgbaFile.obj
 0001:0000b4d0       _ImfHeaderSetFloatAttribute 1000c4d0 f   ImfCRgbaFile.obj
 0001:0000b650       _ImfHeaderSetDoubleAttribute 1000c650 f   ImfCRgbaFile.obj
 0001:0000b7d0       _ImfHeaderFloatAttribute   1000c7d0 f   ImfCRgbaFile.obj
 0001:0000b8b0       _ImfHeaderDoubleAttribute  1000c8b0 f   ImfCRgbaFile.obj
 0001:0000b990       _ImfHeaderSetStringAttribute 1000c990 f   ImfCRgbaFile.obj
 0001:0000bb90       _ImfHeaderStringAttribute  1000cb90 f   ImfCRgbaFile.obj
 0001:0000bc80       _ImfHeaderSetBox2iAttribute 1000cc80 f   ImfCRgbaFile.obj
 0001:0000bee0       _ImfHeaderBox2iAttribute   1000cee0 f   ImfCRgbaFile.obj
 0001:0000bff0       _ImfHeaderSetBox2fAttribute 1000cff0 f   ImfCRgbaFile.obj
 0001:0000c250       _ImfHeaderBox2fAttribute   1000d250 f   ImfCRgbaFile.obj
 0001:0000c360       _ImfHeaderSetV2iAttribute  1000d360 f   ImfCRgbaFile.obj
 0001:0000c510       _ImfHeaderV2iAttribute     1000d510 f   ImfCRgbaFile.obj
 0001:0000c600       _ImfHeaderSetV2fAttribute  1000d600 f   ImfCRgbaFile.obj
 0001:0000c7b0       _ImfHeaderV2fAttribute     1000d7b0 f   ImfCRgbaFile.obj
 0001:0000c8a0       _ImfHeaderSetV3iAttribute  1000d8a0 f   ImfCRgbaFile.obj
 0001:0000ca70       _ImfHeaderV3iAttribute     1000da70 f   ImfCRgbaFile.obj
 0001:0000cb70       _ImfHeaderSetV3fAttribute  1000db70 f   ImfCRgbaFile.obj
 0001:0000cd40       _ImfHeaderV3fAttribute     1000dd40 f   ImfCRgbaFile.obj
 0001:0000ce40       _ImfHeaderSetM33fAttribute 1000de40 f   ImfCRgbaFile.obj
 0001:0000d030       _ImfHeaderM33fAttribute    1000e030 f   ImfCRgbaFile.obj
 0001:0000d1c0       _ImfHeaderSetM44fAttribute 1000e1c0 f   ImfCRgbaFile.obj
 0001:0000d3b0       _ImfHeaderM44fAttribute    1000e3b0 f   ImfCRgbaFile.obj
 0001:0000d5d0       _ImfOpenOutputFile         1000e5d0 f   ImfCRgbaFile.obj
 0001:0000d6e0       _ImfCloseOutputFile        1000e6e0 f   ImfCRgbaFile.obj
 0001:0000d7e0       _ImfOutputSetFrameBuffer   1000e7e0 f   ImfCRgbaFile.obj
 0001:0000d8b0       _ImfOutputWritePixels      1000e8b0 f   ImfCRgbaFile.obj
 0001:0000d970       _ImfOutputCurrentScanLine  1000e970 f   ImfCRgbaFile.obj
 0001:0000d990       _ImfOutputHeader           1000e990 f   ImfCRgbaFile.obj
 0001:0000d9b0       _ImfOutputChannels         1000e9b0 f   ImfCRgbaFile.obj
 0001:0000d9d0       _ImfOpenTiledOutputFile    1000e9d0 f   ImfCRgbaFile.obj
 0001:0000daf0       _ImfCloseTiledOutputFile   1000eaf0 f   ImfCRgbaFile.obj
 0001:0000dbf0       _ImfTiledOutputSetFrameBuffer 1000ebf0 f   ImfCRgbaFile.obj
 0001:0000dcc0       _ImfTiledOutputWriteTile   1000ecc0 f   ImfCRgbaFile.obj
 0001:0000dd90       _ImfTiledOutputWriteTiles  1000ed90 f   ImfCRgbaFile.obj
 0001:0000de60       _ImfTiledOutputHeader      1000ee60 f   ImfCRgbaFile.obj
 0001:0000de80       _ImfTiledOutputChannels    1000ee80 f   ImfCRgbaFile.obj
 0001:0000dea0       _ImfTiledOutputTileXSize   1000eea0 f   ImfCRgbaFile.obj
 0001:0000dec0       _ImfTiledOutputTileYSize   1000eec0 f   ImfCRgbaFile.obj
 0001:0000dee0       _ImfTiledOutputLevelMode   1000eee0 f   ImfCRgbaFile.obj
 0001:0000df00       _ImfTiledOutputLevelRoundingMode 1000ef00 f   ImfCRgbaFile.obj
 0001:0000df20       _ImfOpenInputFile          1000ef20 f   ImfCRgbaFile.obj
 0001:0000e020       _ImfCloseInputFile         1000f020 f   ImfCRgbaFile.obj
 0001:0000e120       _ImfInputSetFrameBuffer    1000f120 f   ImfCRgbaFile.obj
 0001:0000e1f0       _ImfInputReadPixels        1000f1f0 f   ImfCRgbaFile.obj
 0001:0000e2b0       _ImfInputHeader            1000f2b0 f   ImfCRgbaFile.obj
 0001:0000e2d0       _ImfInputChannels          1000f2d0 f   ImfCRgbaFile.obj
 0001:0000e2f0       _ImfInputFileName          1000f2f0 f   ImfCRgbaFile.obj
 0001:0000e310       _ImfOpenTiledInputFile     1000f310 f   ImfCRgbaFile.obj
 0001:0000e410       _ImfCloseTiledInputFile    1000f410 f   ImfCRgbaFile.obj
 0001:0000e510       _ImfTiledInputSetFrameBuffer 1000f510 f   ImfCRgbaFile.obj
 0001:0000e5e0       _ImfTiledInputReadTile     1000f5e0 f   ImfCRgbaFile.obj
 0001:0000e6b0       _ImfTiledInputReadTiles    1000f6b0 f   ImfCRgbaFile.obj
 0001:0000e780       _ImfTiledInputHeader       1000f780 f   ImfCRgbaFile.obj
 0001:0000e7a0       _ImfTiledInputChannels     1000f7a0 f   ImfCRgbaFile.obj
 0001:0000e7c0       _ImfTiledInputFileName     1000f7c0 f   ImfCRgbaFile.obj
 0001:0000e7e0       _ImfTiledInputTileXSize    1000f7e0 f   ImfCRgbaFile.obj
 0001:0000e800       _ImfTiledInputTileYSize    1000f800 f   ImfCRgbaFile.obj
 0001:0000e820       _ImfTiledInputLevelMode    1000f820 f   ImfCRgbaFile.obj
 0001:0000e840       _ImfTiledInputLevelRoundingMode 1000f840 f   ImfCRgbaFile.obj
 0001:0000e860       _ImfNewRound12logLut       1000f860 f   ImfCRgbaFile.obj
 0001:0000e970       _ImfNewRoundNBitLut        1000f970 f   ImfCRgbaFile.obj
 0001:0000ea70       _ImfDeleteLut              1000fa70 f   ImfCRgbaFile.obj
 0001:0000eaa0       _ImfApplyLut               1000faa0 f   ImfCRgbaFile.obj
 0001:0000eac0       _ImfErrorMessage           1000fac0 f   ImfCRgbaFile.obj
 0001:0000ead0       ??0?$TypedAttribute@H@Imf@@QAE@ABH@Z 1000fad0 f i ImfCRgbaFile.obj
 0001:0000eb10       ??1?$TypedAttribute@H@Imf@@UAE@XZ 1000fb10 f i ImfCRgbaFile.obj
 0001:0000eb40       ?typeName@?$TypedAttribute@H@Imf@@UBEPBDXZ 1000fb40 f i ImfCRgbaFile.obj
 0001:0000eb70       ?copy@?$TypedAttribute@H@Imf@@UBEPAVAttribute@2@XZ 1000fb70 f i ImfCRgbaFile.obj
 0001:0000ec20       ?writeValueTo@?$TypedAttribute@H@Imf@@UBEXAAVOStream@2@H@Z 1000fc20 f i ImfCRgbaFile.obj
 0001:0000ec60       ?readValueFrom@?$TypedAttribute@H@Imf@@UAEXAAVIStream@2@HH@Z 1000fc60 f i ImfCRgbaFile.obj
 0001:0000eca0       ?copyValueFrom@?$TypedAttribute@H@Imf@@UAEXABVAttribute@2@@Z 1000fca0 f i ImfCRgbaFile.obj
 0001:0000ece0       ??0?$TypedAttribute@V?$basic_string@DU?$char_traits@D@std@@V?$allocator@D@2@@std@@@Imf@@QAE@ABV?$basic_string@DU?$char_traits@D@std@@V?$allocator@D@2@@std@@@Z 1000fce0 f i ImfCRgbaFile.obj
 0001:0000ed60       ??1?$TypedAttribute@V?$basic_string@DU?$char_traits@D@std@@V?$allocator@D@2@@std@@@Imf@@UAE@XZ 1000fd60 f i ImfCRgbaFile.obj
 0001:0000ede0       ?typeName@?$TypedAttribute@V?$basic_string@DU?$char_traits@D@std@@V?$allocator@D@2@@std@@@Imf@@UBEPBDXZ 1000fde0 f i ImfCRgbaFile.obj
 0001:0000ee10       ?copy@?$TypedAttribute@V?$basic_string@DU?$char_traits@D@std@@V?$allocator@D@2@@std@@@Imf@@UBEPAVAttribute@2@XZ 1000fe10 f i ImfCRgbaFile.obj
 0001:0000eec0       ?copyValueFrom@?$TypedAttribute@V?$basic_string@DU?$char_traits@D@std@@V?$allocator@D@2@@std@@@Imf@@UAEXABVAttribute@2@@Z 1000fec0 f i ImfCRgbaFile.obj
 0001:0000ef10       ??0?$TypedAttribute@V?$Box@V?$Vec2@H@Imath@@@Imath@@@Imf@@QAE@ABV?$Box@V?$Vec2@H@Imath@@@Imath@@@Z 1000ff10 f i ImfCRgbaFile.obj
 0001:0000efa0       ??1?$TypedAttribute@V?$Box@V?$Vec2@H@Imath@@@Imath@@@Imf@@UAE@XZ 1000ffa0 f i ImfCRgbaFile.obj
 0001:0000efd0       ?typeName@?$TypedAttribute@V?$Box@V?$Vec2@H@Imath@@@Imath@@@Imf@@UBEPBDXZ 1000ffd0 f i ImfCRgbaFile.obj
 0001:0000f000       ?copy@?$TypedAttribute@V?$Box@V?$Vec2@H@Imath@@@Imath@@@Imf@@UBEPAVAttribute@2@XZ 10010000 f i ImfCRgbaFile.obj
 0001:0000f0b0       ?copyValueFrom@?$TypedAttribute@V?$Box@V?$Vec2@H@Imath@@@Imath@@@Imf@@UAEXABVAttribute@2@@Z 100100b0 f i ImfCRgbaFile.obj
 0001:0000f140       ??0?$TypedAttribute@V?$Box@V?$Vec2@M@Imath@@@Imath@@@Imf@@QAE@ABV?$Box@V?$Vec2@M@Imath@@@Imath@@@Z 10010140 f i ImfCRgbaFile.obj
 0001:0000f1d0       ??1?$TypedAttribute@V?$Box@V?$Vec2@M@Imath@@@Imath@@@Imf@@UAE@XZ 100101d0 f i ImfCRgbaFile.obj
 0001:0000f200       ?typeName@?$TypedAttribute@V?$Box@V?$Vec2@M@Imath@@@Imath@@@Imf@@UBEPBDXZ 10010200 f i ImfCRgbaFile.obj
 0001:0000f230       ?copy@?$TypedAttribute@V?$Box@V?$Vec2@M@Imath@@@Imath@@@Imf@@UBEPAVAttribute@2@XZ 10010230 f i ImfCRgbaFile.obj
 0001:0000f2e0       ?copyValueFrom@?$TypedAttribute@V?$Box@V?$Vec2@M@Imath@@@Imath@@@Imf@@UAEXABVAttribute@2@@Z 100102e0 f i ImfCRgbaFile.obj
 0001:0000f370       ??0?$TypedAttribute@V?$Vec2@H@Imath@@@Imf@@QAE@ABV?$Vec2@H@Imath@@@Z 10010370 f i ImfCRgbaFile.obj
 0001:0000f3d0       ??1?$TypedAttribute@V?$Vec2@H@Imath@@@Imf@@UAE@XZ 100103d0 f i ImfCRgbaFile.obj
 0001:0000f400       ?typeName@?$TypedAttribute@V?$Vec2@H@Imath@@@Imf@@UBEPBDXZ 10010400 f i ImfCRgbaFile.obj
 0001:0000f430       ?copy@?$TypedAttribute@V?$Vec2@H@Imath@@@Imf@@UBEPAVAttribute@2@XZ 10010430 f i ImfCRgbaFile.obj
 0001:0000f4e0       ?copyValueFrom@?$TypedAttribute@V?$Vec2@H@Imath@@@Imf@@UAEXABVAttribute@2@@Z 100104e0 f i ImfCRgbaFile.obj
 0001:0000f540       ??0?$TypedAttribute@V?$Vec2@M@Imath@@@Imf@@QAE@ABV?$Vec2@M@Imath@@@Z 10010540 f i ImfCRgbaFile.obj
 0001:0000f5a0       ??1?$TypedAttribute@V?$Vec2@M@Imath@@@Imf@@UAE@XZ 100105a0 f i ImfCRgbaFile.obj
 0001:0000f5d0       ?typeName@?$TypedAttribute@V?$Vec2@M@Imath@@@Imf@@UBEPBDXZ 100105d0 f i ImfCRgbaFile.obj
 0001:0000f600       ?copy@?$TypedAttribute@V?$Vec2@M@Imath@@@Imf@@UBEPAVAttribute@2@XZ 10010600 f i ImfCRgbaFile.obj
 0001:0000f6b0       ?copyValueFrom@?$TypedAttribute@V?$Vec2@M@Imath@@@Imf@@UAEXABVAttribute@2@@Z 100106b0 f i ImfCRgbaFile.obj
 0001:0000f710       ??0?$TypedAttribute@V?$Vec3@H@Imath@@@Imf@@QAE@ABV?$Vec3@H@Imath@@@Z 10010710 f i ImfCRgbaFile.obj
 0001:0000f780       ??1?$TypedAttribute@V?$Vec3@H@Imath@@@Imf@@UAE@XZ 10010780 f i ImfCRgbaFile.obj
 0001:0000f7b0       ?typeName@?$TypedAttribute@V?$Vec3@H@Imath@@@Imf@@UBEPBDXZ 100107b0 f i ImfCRgbaFile.obj
 0001:0000f7e0       ?copy@?$TypedAttribute@V?$Vec3@H@Imath@@@Imf@@UBEPAVAttribute@2@XZ 100107e0 f i ImfCRgbaFile.obj
 0001:0000f890       ?copyValueFrom@?$TypedAttribute@V?$Vec3@H@Imath@@@Imf@@UAEXABVAttribute@2@@Z 10010890 f i ImfCRgbaFile.obj
 0001:0000f900       ??0?$TypedAttribute@V?$Vec3@M@Imath@@@Imf@@QAE@ABV?$Vec3@M@Imath@@@Z 10010900 f i ImfCRgbaFile.obj
 0001:0000f970       ??1?$TypedAttribute@V?$Vec3@M@Imath@@@Imf@@UAE@XZ 10010970 f i ImfCRgbaFile.obj
 0001:0000f9a0       ?typeName@?$TypedAttribute@V?$Vec3@M@Imath@@@Imf@@UBEPBDXZ 100109a0 f i ImfCRgbaFile.obj
 0001:0000f9d0       ?copy@?$TypedAttribute@V?$Vec3@M@Imath@@@Imf@@UBEPAVAttribute@2@XZ 100109d0 f i ImfCRgbaFile.obj
 0001:0000fa80       ?copyValueFrom@?$TypedAttribute@V?$Vec3@M@Imath@@@Imf@@UAEXABVAttribute@2@@Z 10010a80 f i ImfCRgbaFile.obj
 0001:0000faf0       ??0?$Matrix33@M@Imath@@QAE@QAY02$$CBM@Z 10010af0 f i ImfCRgbaFile.obj
 0001:0000fb80       ??4?$Matrix33@M@Imath@@QAEABV01@ABV01@@Z 10010b80 f i ImfCRgbaFile.obj
 0001:0000fc10       ??0?$Matrix44@M@Imath@@QAE@QAY03$$CBM@Z 10010c10 f i ImfCRgbaFile.obj
 0001:0000fcf0       ??4?$Matrix44@M@Imath@@QAEABV01@ABV01@@Z 10010cf0 f i ImfCRgbaFile.obj
 0001:0000fdd0       ??0?$TypedAttribute@V?$Matrix33@M@Imath@@@Imf@@QAE@ABV?$Matrix33@M@Imath@@@Z 10010dd0 f i ImfCRgbaFile.obj
 0001:0000fe40       ??1?$TypedAttribute@V?$Matrix33@M@Imath@@@Imf@@UAE@XZ 10010e40 f i ImfCRgbaFile.obj
 0001:0000fe70       ?typeName@?$TypedAttribute@V?$Matrix33@M@Imath@@@Imf@@UBEPBDXZ 10010e70 f i ImfCRgbaFile.obj
 0001:0000fea0       ?copy@?$TypedAttribute@V?$Matrix33@M@Imath@@@Imf@@UBEPAVAttribute@2@XZ 10010ea0 f i ImfCRgbaFile.obj
 0001:0000ff50       ?copyValueFrom@?$TypedAttribute@V?$Matrix33@M@Imath@@@Imf@@UAEXABVAttribute@2@@Z 10010f50 f i ImfCRgbaFile.obj
 0001:0000ff90       ??0?$TypedAttribute@V?$Matrix44@M@Imath@@@Imf@@QAE@ABV?$Matrix44@M@Imath@@@Z 10010f90 f i ImfCRgbaFile.obj
 0001:00010000       ??1?$TypedAttribute@V?$Matrix44@M@Imath@@@Imf@@UAE@XZ 10011000 f i ImfCRgbaFile.obj
 0001:00010030       ?typeName@?$TypedAttribute@V?$Matrix44@M@Imath@@@Imf@@UBEPBDXZ 10011030 f i ImfCRgbaFile.obj
 0001:00010060       ?copy@?$TypedAttribute@V?$Matrix44@M@Imath@@@Imf@@UBEPAVAttribute@2@XZ 10011060 f i ImfCRgbaFile.obj
 0001:00010110       ?copyValueFrom@?$TypedAttribute@V?$Matrix44@M@Imath@@@Imf@@UAEXABVAttribute@2@@Z 10011110 f i ImfCRgbaFile.obj
 0001:00010150       ??$typedAttribute@V?$TypedAttribute@H@Imf@@@Header@Imf@@QBEABV?$TypedAttribute@H@1@QBD@Z 10011150 f i ImfCRgbaFile.obj
 0001:000101e0       ??$typedAttribute@V?$TypedAttribute@H@Imf@@@Header@Imf@@QAEAAV?$TypedAttribute@H@1@QBD@Z 100111e0 f i ImfCRgbaFile.obj
 0001:00010270       ??$typedAttribute@V?$TypedAttribute@M@Imf@@@Header@Imf@@QBEABV?$TypedAttribute@M@1@QBD@Z 10011270 f i ImfCRgbaFile.obj
 0001:00010300       ??$typedAttribute@V?$TypedAttribute@M@Imf@@@Header@Imf@@QAEAAV?$TypedAttribute@M@1@QBD@Z 10011300 f i ImfCRgbaFile.obj
 0001:00010390       ??$typedAttribute@V?$TypedAttribute@N@Imf@@@Header@Imf@@QBEABV?$TypedAttribute@N@1@QBD@Z 10011390 f i ImfCRgbaFile.obj
 0001:00010420       ??$typedAttribute@V?$TypedAttribute@N@Imf@@@Header@Imf@@QAEAAV?$TypedAttribute@N@1@QBD@Z 10011420 f i ImfCRgbaFile.obj
 0001:000104b0       ??$typedAttribute@V?$TypedAttribute@V?$basic_string@DU?$char_traits@D@std@@V?$allocator@D@2@@std@@@Imf@@@Header@Imf@@QBEABV?$TypedAttribute@V?$basic_string@DU?$char_traits@D@std@@V?$allocator@D@2@@std@@@1@QBD@Z 100114b0 f i ImfCRgbaFile.obj
 0001:00010540       ??$typedAttribute@V?$TypedAttribute@V?$basic_string@DU?$char_traits@D@std@@V?$allocator@D@2@@std@@@Imf@@@Header@Imf@@QAEAAV?$TypedAttribute@V?$basic_string@DU?$char_traits@D@std@@V?$allocator@D@2@@std@@@1@QBD@Z 10011540 f i ImfCRgbaFile.obj
 0001:000105d0       ??$typedAttribute@V?$TypedAttribute@V?$Box@V?$Vec2@H@Imath@@@Imath@@@Imf@@@Header@Imf@@QBEABV?$TypedAttribute@V?$Box@V?$Vec2@H@Imath@@@Imath@@@1@QBD@Z 100115d0 f i ImfCRgbaFile.obj
 0001:00010660       ??$typedAttribute@V?$TypedAttribute@V?$Box@V?$Vec2@H@Imath@@@Imath@@@Imf@@@Header@Imf@@QAEAAV?$TypedAttribute@V?$Box@V?$Vec2@H@Imath@@@Imath@@@1@QBD@Z 10011660 f i ImfCRgbaFile.obj
 0001:000106f0       ??$typedAttribute@V?$TypedAttribute@V?$Box@V?$Vec2@M@Imath@@@Imath@@@Imf@@@Header@Imf@@QBEABV?$TypedAttribute@V?$Box@V?$Vec2@M@Imath@@@Imath@@@1@QBD@Z 100116f0 f i ImfCRgbaFile.obj
 0001:00010780       ??$typedAttribute@V?$TypedAttribute@V?$Box@V?$Vec2@M@Imath@@@Imath@@@Imf@@@Header@Imf@@QAEAAV?$TypedAttribute@V?$Box@V?$Vec2@M@Imath@@@Imath@@@1@QBD@Z 10011780 f i ImfCRgbaFile.obj
 0001:00010810       ??$typedAttribute@V?$TypedAttribute@V?$Vec2@H@Imath@@@Imf@@@Header@Imf@@QBEABV?$TypedAttribute@V?$Vec2@H@Imath@@@1@QBD@Z 10011810 f i ImfCRgbaFile.obj
 0001:000108a0       ??$typedAttribute@V?$TypedAttribute@V?$Vec2@H@Imath@@@Imf@@@Header@Imf@@QAEAAV?$TypedAttribute@V?$Vec2@H@Imath@@@1@QBD@Z 100118a0 f i ImfCRgbaFile.obj
 0001:00010930       ??$typedAttribute@V?$TypedAttribute@V?$Vec2@M@Imath@@@Imf@@@Header@Imf@@QBEABV?$TypedAttribute@V?$Vec2@M@Imath@@@1@QBD@Z 10011930 f i ImfCRgbaFile.obj
 0001:000109c0       ??$typedAttribute@V?$TypedAttribute@V?$Vec2@M@Imath@@@Imf@@@Header@Imf@@QAEAAV?$TypedAttribute@V?$Vec2@M@Imath@@@1@QBD@Z 100119c0 f i ImfCRgbaFile.obj
 0001:00010a50       ??$typedAttribute@V?$TypedAttribute@V?$Vec3@H@Imath@@@Imf@@@Header@Imf@@QBEABV?$TypedAttribute@V?$Vec3@H@Imath@@@1@QBD@Z 10011a50 f i ImfCRgbaFile.obj
 0001:00010ae0       ??$typedAttribute@V?$TypedAttribute@V?$Vec3@H@Imath@@@Imf@@@Header@Imf@@QAEAAV?$TypedAttribute@V?$Vec3@H@Imath@@@1@QBD@Z 10011ae0 f i ImfCRgbaFile.obj
 0001:00010b70       ??$typedAttribute@V?$TypedAttribute@V?$Vec3@M@Imath@@@Imf@@@Header@Imf@@QBEABV?$TypedAttribute@V?$Vec3@M@Imath@@@1@QBD@Z 10011b70 f i ImfCRgbaFile.obj
 0001:00010c00       ??$typedAttribute@V?$TypedAttribute@V?$Vec3@M@Imath@@@Imf@@@Header@Imf@@QAEAAV?$TypedAttribute@V?$Vec3@M@Imath@@@1@QBD@Z 10011c00 f i ImfCRgbaFile.obj
 0001:00010c90       ??$typedAttribute@V?$TypedAttribute@V?$Matrix33@M@Imath@@@Imf@@@Header@Imf@@QBEABV?$TypedAttribute@V?$Matrix33@M@Imath@@@1@QBD@Z 10011c90 f i ImfCRgbaFile.obj
 0001:00010d20       ??$typedAttribute@V?$TypedAttribute@V?$Matrix33@M@Imath@@@Imf@@@Header@Imf@@QAEAAV?$TypedAttribute@V?$Matrix33@M@Imath@@@1@QBD@Z 10011d20 f i ImfCRgbaFile.obj
 0001:00010db0       ??$typedAttribute@V?$TypedAttribute@V?$Matrix44@M@Imath@@@Imf@@@Header@Imf@@QBEABV?$TypedAttribute@V?$Matrix44@M@Imath@@@1@QBD@Z 10011db0 f i ImfCRgbaFile.obj
 0001:00010e40       ??$typedAttribute@V?$TypedAttribute@V?$Matrix44@M@Imath@@@Imf@@@Header@Imf@@QAEAAV?$TypedAttribute@V?$Matrix44@M@Imath@@@1@QBD@Z 10011e40 f i ImfCRgbaFile.obj
 0001:00010ed0       ??$?0P6A?AVhalf@@V0@@Z@RgbaLut@Imf@@QAE@P6A?AVhalf@@V2@@ZW4RgbaChannels@1@@Z 10011ed0 f i ImfCRgbaFile.obj
 0001:00010fd0       ??$?0UroundNBit@Imf@@@RgbaLut@Imf@@QAE@UroundNBit@1@W4RgbaChannels@1@@Z 10011fd0 f i ImfCRgbaFile.obj
 0001:000110d0       ??_E?$TypedAttribute@H@Imf@@UAEPAXI@Z 100120d0 f i ImfCRgbaFile.obj
 0001:000110d0       ??_G?$TypedAttribute@H@Imf@@UAEPAXI@Z 100120d0 f i ImfCRgbaFile.obj
 0001:00011110       ??_E?$TypedAttribute@V?$basic_string@DU?$char_traits@D@std@@V?$allocator@D@2@@std@@@Imf@@UAEPAXI@Z 10012110 f i ImfCRgbaFile.obj
 0001:00011110       ??_G?$TypedAttribute@V?$basic_string@DU?$char_traits@D@std@@V?$allocator@D@2@@std@@@Imf@@UAEPAXI@Z 10012110 f i ImfCRgbaFile.obj
 0001:00011150       ??_G?$TypedAttribute@V?$Box@V?$Vec2@H@Imath@@@Imath@@@Imf@@UAEPAXI@Z 10012150 f i ImfCRgbaFile.obj
 0001:00011150       ??_E?$TypedAttribute@V?$Box@V?$Vec2@H@Imath@@@Imath@@@Imf@@UAEPAXI@Z 10012150 f i ImfCRgbaFile.obj
 0001:00011190       ??_G?$TypedAttribute@V?$Box@V?$Vec2@M@Imath@@@Imath@@@Imf@@UAEPAXI@Z 10012190 f i ImfCRgbaFile.obj
 0001:00011190       ??_E?$TypedAttribute@V?$Box@V?$Vec2@M@Imath@@@Imath@@@Imf@@UAEPAXI@Z 10012190 f i ImfCRgbaFile.obj
 0001:000111d0       ??_G?$TypedAttribute@V?$Vec2@H@Imath@@@Imf@@UAEPAXI@Z 100121d0 f i ImfCRgbaFile.obj
 0001:000111d0       ??_E?$TypedAttribute@V?$Vec2@H@Imath@@@Imf@@UAEPAXI@Z 100121d0 f i ImfCRgbaFile.obj
 0001:00011210       ??_E?$TypedAttribute@V?$Vec2@M@Imath@@@Imf@@UAEPAXI@Z 10012210 f i ImfCRgbaFile.obj
 0001:00011210       ??_G?$TypedAttribute@V?$Vec2@M@Imath@@@Imf@@UAEPAXI@Z 10012210 f i ImfCRgbaFile.obj
 0001:00011250       ??_E?$TypedAttribute@V?$Vec3@H@Imath@@@Imf@@UAEPAXI@Z 10012250 f i ImfCRgbaFile.obj
 0001:00011250       ??_G?$TypedAttribute@V?$Vec3@H@Imath@@@Imf@@UAEPAXI@Z 10012250 f i ImfCRgbaFile.obj
 0001:00011290       ??_E?$TypedAttribute@V?$Vec3@M@Imath@@@Imf@@UAEPAXI@Z 10012290 f i ImfCRgbaFile.obj
 0001:00011290       ??_G?$TypedAttribute@V?$Vec3@M@Imath@@@Imf@@UAEPAXI@Z 10012290 f i ImfCRgbaFile.obj
 0001:000112d0       ??_G?$TypedAttribute@V?$Matrix33@M@Imath@@@Imf@@UAEPAXI@Z 100122d0 f i ImfCRgbaFile.obj
 0001:000112d0       ??_E?$TypedAttribute@V?$Matrix33@M@Imath@@@Imf@@UAEPAXI@Z 100122d0 f i ImfCRgbaFile.obj
 0001:00011310       ??_E?$TypedAttribute@V?$Matrix44@M@Imath@@@Imf@@UAEPAXI@Z 10012310 f i ImfCRgbaFile.obj
 0001:00011310       ??_G?$TypedAttribute@V?$Matrix44@M@Imath@@@Imf@@UAEPAXI@Z 10012310 f i ImfCRgbaFile.obj
 0001:00011350       ??0?$TypedAttribute@H@Imf@@QAE@XZ 10012350 f i ImfCRgbaFile.obj
 0001:00011390       ??0?$TypedAttribute@V?$basic_string@DU?$char_traits@D@std@@V?$allocator@D@2@@std@@@Imf@@QAE@XZ 10012390 f i ImfCRgbaFile.obj
 0001:00011410       ??0?$TypedAttribute@V?$Box@V?$Vec2@H@Imath@@@Imath@@@Imf@@QAE@XZ 10012410 f i ImfCRgbaFile.obj
 0001:000114b0       ??0?$TypedAttribute@V?$Box@V?$Vec2@M@Imath@@@Imath@@@Imf@@QAE@XZ 100124b0 f i ImfCRgbaFile.obj
 0001:00011550       ??0?$TypedAttribute@V?$Vec2@H@Imath@@@Imf@@QAE@XZ 10012550 f i ImfCRgbaFile.obj
 0001:00011580       ??0?$TypedAttribute@V?$Vec2@M@Imath@@@Imf@@QAE@XZ 10012580 f i ImfCRgbaFile.obj
 0001:000115b0       ??0?$TypedAttribute@V?$Vec3@H@Imath@@@Imf@@QAE@XZ 100125b0 f i ImfCRgbaFile.obj
 0001:000115e0       ??0?$TypedAttribute@V?$Vec3@M@Imath@@@Imf@@QAE@XZ 100125e0 f i ImfCRgbaFile.obj
 0001:00011610       ??0?$Matrix33@M@Imath@@QAE@ABV01@@Z 10012610 f i ImfCRgbaFile.obj
 0001:000116a0       ??0?$TypedAttribute@V?$Matrix33@M@Imath@@@Imf@@QAE@XZ 100126a0 f i ImfCRgbaFile.obj
 0001:00011730       ??0?$TypedAttribute@V?$Matrix44@M@Imath@@@Imf@@QAE@XZ 10012730 f i ImfCRgbaFile.obj
 0001:000117a0       ??$?0P6A?AVhalf@@V0@@Z@?$halfFunction@Vhalf@@@@QAE@P6A?AVhalf@@V1@@Z000000@Z 100127a0 f i ImfCRgbaFile.obj
 0001:00011970       ??$?0UroundNBit@Imf@@@?$halfFunction@Vhalf@@@@QAE@UroundNBit@Imf@@Vhalf@@11111@Z 10012970 f i ImfCRgbaFile.obj
 0001:00011b40       ?round@half@@QBE?AV1@I@Z   10012b40 f i ImfCRgbaFile.obj
 0001:00011c60       ??_H@YGXPAXIHP6EPAX0@Z@Z   10012c60 f i ImfCRgbaFile.obj
 0001:00011ca0       ?cast@?$TypedAttribute@H@Imf@@SAPBV12@PBVAttribute@2@@Z 10012ca0 f i ImfCRgbaFile.obj
 0001:00011d10       ?cast@?$TypedAttribute@V?$basic_string@DU?$char_traits@D@std@@V?$allocator@D@2@@std@@@Imf@@SAPBV12@PBVAttribute@2@@Z 10012d10 f i ImfCRgbaFile.obj
 0001:00011d80       ?cast@?$TypedAttribute@V?$Box@V?$Vec2@H@Imath@@@Imath@@@Imf@@SAPBV12@PBVAttribute@2@@Z 10012d80 f i ImfCRgbaFile.obj
 0001:00011df0       ?cast@?$TypedAttribute@V?$Box@V?$Vec2@M@Imath@@@Imath@@@Imf@@SAPBV12@PBVAttribute@2@@Z 10012df0 f i ImfCRgbaFile.obj
 0001:00011e60       ?cast@?$TypedAttribute@V?$Vec2@H@Imath@@@Imf@@SAPBV12@PBVAttribute@2@@Z 10012e60 f i ImfCRgbaFile.obj
 0001:00011ed0       ?cast@?$TypedAttribute@V?$Vec2@M@Imath@@@Imf@@SAPBV12@PBVAttribute@2@@Z 10012ed0 f i ImfCRgbaFile.obj
 0001:00011f40       ?cast@?$TypedAttribute@V?$Vec3@H@Imath@@@Imf@@SAPBV12@PBVAttribute@2@@Z 10012f40 f i ImfCRgbaFile.obj
 0001:00011fb0       ?cast@?$TypedAttribute@V?$Vec3@M@Imath@@@Imf@@SAPBV12@PBVAttribute@2@@Z 10012fb0 f i ImfCRgbaFile.obj
 0001:00012020       ?cast@?$TypedAttribute@V?$Matrix33@M@Imath@@@Imf@@SAPBV12@PBVAttribute@2@@Z 10013020 f i ImfCRgbaFile.obj
 0001:00012090       ?cast@?$TypedAttribute@V?$Matrix44@M@Imath@@@Imf@@SAPBV12@PBVAttribute@2@@Z 10013090 f i ImfCRgbaFile.obj
 0001:00012100       ?staticTypeName@?$TypedAttribute@N@Imf@@SAPBDXZ 10013100 f   ImfDoubleAttribute.obj
 0001:00012110       ?min@?$limits@H@Imath@@SAHXZ 10013110 f i ImfEnvmap.obj
 0001:00012120       ?max@?$limits@H@Imath@@SAHXZ 10013120 f i ImfEnvmap.obj
 0001:00012130       _fabsf                     10013130 f i ImfEnvmap.obj
 0001:00012140       _acosf                     10013140 f i ImfEnvmap.obj
 0001:00012160       _asinf                     10013160 f i ImfEnvmap.obj
 0001:00012180       _atan2f                    10013180 f i ImfEnvmap.obj
 0001:000121a0       _cosf                      100131a0 f i ImfEnvmap.obj
 0001:000121c0       _sinf                      100131c0 f i ImfEnvmap.obj
 0001:000121e0       _sqrtf                     100131e0 f i ImfEnvmap.obj
 0001:00012200       ?abs@@YAMM@Z               10013200 f i ImfEnvmap.obj
 0001:00012210       ?acos@@YAMM@Z              10013210 f i ImfEnvmap.obj
 0001:00012230       ?asin@@YAMM@Z              10013230 f i ImfEnvmap.obj
 0001:00012250       ?atan2@@YAMMM@Z            10013250 f i ImfEnvmap.obj
 0001:00012270       ?cos@@YAMM@Z               10013270 f i ImfEnvmap.obj
 0001:00012290       ?sin@@YAMM@Z               10013290 f i ImfEnvmap.obj
 0001:000122b0       ?sqrt@@YAMM@Z              100132b0 f i ImfEnvmap.obj
 0001:000122d0       ?sqrt@?$Math@M@Imath@@SAMM@Z 100132d0 f i ImfEnvmap.obj
 0001:000122f0       ??0?$Vec2@H@Imath@@QAE@ABV01@@Z 100132f0 f i ImfEnvmap.obj
 0001:00012310       ??0?$Vec2@M@Imath@@QAE@ABV01@@Z 10013310 f i ImfEnvmap.obj
 0001:00012330       ??0?$Vec2@M@Imath@@QAE@MM@Z 10013330 f i ImfEnvmap.obj
 0001:00012350       ??0?$Vec2@M@Imath@@QAE@XZ  10013350 f i ImfEnvmap.obj
 0001:00012360       ??4?$Vec2@M@Imath@@QAEABV01@ABV01@@Z 10013360 f i ImfEnvmap.obj
 0001:00012380       ??0?$Vec3@M@Imath@@QAE@ABV01@@Z 10013380 f i ImfEnvmap.obj
 0001:000123a0       ??0?$Vec3@M@Imath@@QAE@MMM@Z 100133a0 f i ImfEnvmap.obj
 0001:000123c0       ??$sign@M@Imath@@YAHM@Z    100133c0 f i ImfEnvmap.obj
 0001:000123f0       ??$min@H@std@@YAABHABH0@Z  100133f0 f i ImfEnvmap.obj
 0001:00012410       ??0?$Vec2@H@Imath@@QAE@XZ  10013410 f i ImfEnvmap.obj
 0001:00012420       ?dot@?$Vec3@M@Imath@@QBEMABV12@@Z 10013420 f i ImfEnvmap.obj
 0001:00012450       ?baseTypeMin@?$Vec2@H@Imath@@SAHXZ 10013450 f i ImfEnvmap.obj
 0001:00012460       ?baseTypeMax@?$Vec2@H@Imath@@SAHXZ 10013460 f i ImfEnvmap.obj
 0001:00012470       ??0?$Vec2@H@Imath@@QAE@H@Z 10013470 f i ImfEnvmap.obj
 0001:00012480       ??4?$Vec2@H@Imath@@QAEABV01@ABV01@@Z 10013480 f i ImfEnvmap.obj
 0001:000124a0       ?latLong@LatLongMap@Imf@@YA?AV?$Vec2@M@Imath@@ABV?$Box@V?$Vec2@H@Imath@@@4@ABV34@@Z 100134a0 f   ImfEnvmap.obj
 0001:00012540       ?pixelPosition@LatLongMap@Imf@@YA?AV?$Vec2@M@Imath@@ABV?$Box@V?$Vec2@H@Imath@@@4@ABV34@@Z 10013540 f   ImfEnvmap.obj
 0001:000125c0       ?direction@LatLongMap@Imf@@YA?AV?$Vec3@M@Imath@@ABV?$Box@V?$Vec2@H@Imath@@@4@ABV?$Vec2@M@4@@Z 100135c0 f   ImfEnvmap.obj
 0001:00012640       ?sizeOfFace@CubeMap@Imf@@YAHABV?$Box@V?$Vec2@H@Imath@@@Imath@@@Z 10013640 f   ImfEnvmap.obj
 0001:00012680       ?faceAndPixelPosition@CubeMap@Imf@@YAXABV?$Vec3@M@Imath@@ABV?$Box@V?$Vec2@H@Imath@@@4@AAW4CubeMapFace@2@AAV?$Vec2@M@4@@Z 10013680 f   ImfEnvmap.obj
 0001:00012870       ?direction@CubeMap@Imf@@YA?AV?$Vec3@M@Imath@@W4CubeMapFace@2@ABV?$Box@V?$Vec2@H@Imath@@@4@ABV?$Vec2@M@4@@Z 10013870 f   ImfEnvmap.obj
 0001:000129e0       ?latLong@LatLongMap@Imf@@YA?AV?$Vec2@M@Imath@@ABV?$Vec3@M@4@@Z 100139e0 f   ImfEnvmap.obj
 0001:00012b60       ?pixelPosition@LatLongMap@Imf@@YA?AV?$Vec2@M@Imath@@ABV?$Box@V?$Vec2@H@Imath@@@4@ABV?$Vec3@M@4@@Z 10013b60 f   ImfEnvmap.obj
 0001:00012b90       ?dataWindowForFace@CubeMap@Imf@@YA?AV?$Box@V?$Vec2@H@Imath@@@Imath@@W4CubeMapFace@2@ABV34@@Z 10013b90 f   ImfEnvmap.obj
 0001:00012bf0       ?pixelPosition@CubeMap@Imf@@YA?AV?$Vec2@M@Imath@@W4CubeMapFace@2@ABV?$Box@V?$Vec2@H@Imath@@@4@V34@@Z 10013bf0 f   ImfEnvmap.obj
 0001:00012cc0       ??0?$Box@V?$Vec2@H@Imath@@@Imath@@QAE@ABV01@@Z 10013cc0 f i ImfEnvmap.obj
 0001:00012ce0       ?length@?$Vec3@M@Imath@@QBEMXZ 10013ce0 f i ImfEnvmap.obj
 0001:00012d10       ?makeEmpty@?$Box@V?$Vec2@H@Imath@@@Imath@@QAEXXZ 10013d10 f i ImfEnvmap.obj
 0001:00012d30       ??0?$Box@V?$Vec2@H@Imath@@@Imath@@QAE@XZ 10013d30 f i ImfEnvmap.obj
 0001:00012d50       ??0TypeExc@Iex@@QAE@PBD@Z  10013d50 f i ImfEnvmapAttribute.obj
 0001:00012d70       ?writeChars@StreamIO@Imf@@SAXAAVOStream@2@QBDH@Z 10013d70 f i ImfEnvmapAttribute.obj
 0001:00012d90       ?readChars@StreamIO@Imf@@SA_NAAVIStream@2@QADH@Z 10013d90 f i ImfEnvmapAttribute.obj
 0001:00012db0       ?staticTypeName@?$TypedAttribute@W4Envmap@Imf@@@Imf@@SAPBDXZ 10013db0 f   ImfEnvmapAttribute.obj
 0001:00012dc0       ?writeValueTo@?$TypedAttribute@W4Envmap@Imf@@@Imf@@UBEXAAVOStream@2@H@Z 10013dc0 f   ImfEnvmapAttribute.obj
 0001:00012de0       ?readValueFrom@?$TypedAttribute@W4Envmap@Imf@@@Imf@@UAEXAAVIStream@2@HH@Z 10013de0 f   ImfEnvmapAttribute.obj
 0001:00012e10       ??$writeUnsignedChars@UStreamIO@Imf@@VOStream@2@@Xdr@Imf@@YAXAAVOStream@1@QBEH@Z 10013e10 f i ImfEnvmapAttribute.obj
 0001:00012e30       ??$readUnsignedChars@UStreamIO@Imf@@VIStream@2@@Xdr@Imf@@YAXAAVIStream@1@QAEH@Z 10013e30 f i ImfEnvmapAttribute.obj
 0001:00012e50       ??$write@UStreamIO@Imf@@VOStream@2@@Xdr@Imf@@YAXAAVOStream@1@E@Z 10013e50 f i ImfEnvmapAttribute.obj
 0001:00012e70       ??$read@UStreamIO@Imf@@VIStream@2@@Xdr@Imf@@YAXAAVIStream@1@AAE@Z 10013e70 f i ImfEnvmapAttribute.obj
 0001:00012e90       ?staticTypeName@?$TypedAttribute@M@Imf@@SAPBDXZ 10013e90 f   ImfFloatAttribute.obj
 0001:00012ea0       ??0Slice@Imf@@QAE@W4PixelType@1@PADIIHHN_N2@Z 10013ea0 f   ImfFrameBuffer.obj
 0001:00012f10       ?insert@FrameBuffer@Imf@@QAEXQBDABUSlice@2@@Z 10013f10 f   ImfFrameBuffer.obj
 0001:00013090       ??AFrameBuffer@Imf@@QAEAAUSlice@1@QBD@Z 10014090 f   ImfFrameBuffer.obj
 0001:000132d0       ??AFrameBuffer@Imf@@QBEABUSlice@1@QBD@Z 100142d0 f   ImfFrameBuffer.obj
 0001:00013510       ?findSlice@FrameBuffer@Imf@@QAEPAUSlice@2@QBD@Z 10014510 f   ImfFrameBuffer.obj
 0001:00013640       ?findSlice@FrameBuffer@Imf@@QBEPBUSlice@2@QBD@Z 10014640 f   ImfFrameBuffer.obj
 0001:00013770       ?begin@FrameBuffer@Imf@@QAE?AVIterator@12@XZ 10014770 f   ImfFrameBuffer.obj
 0001:000137f0       ?begin@FrameBuffer@Imf@@QBE?AVConstIterator@12@XZ 100147f0 f   ImfFrameBuffer.obj
 0001:00013870       ?end@FrameBuffer@Imf@@QAE?AVIterator@12@XZ 10014870 f   ImfFrameBuffer.obj
 0001:000138e0       ?end@FrameBuffer@Imf@@QBE?AVConstIterator@12@XZ 100148e0 f   ImfFrameBuffer.obj
 0001:00013950       ?find@FrameBuffer@Imf@@QAE?AVIterator@12@QBD@Z 10014950 f   ImfFrameBuffer.obj
 0001:000139d0       ?find@FrameBuffer@Imf@@QBE?AVConstIterator@12@QBD@Z 100149d0 f   ImfFrameBuffer.obj
 0001:00013a50       ??A?$map@VName@Imf@@USlice@2@U?$less@VName@Imf@@@std@@V?$allocator@U?$pair@$$CBVName@Imf@@USlice@2@@std@@@5@@std@@QAEAAUSlice@Imf@@ABVName@3@@Z 10014a50 f i ImfFrameBuffer.obj
 0001:00013c90       ?find@?$_Tree@V?$_Tmap_traits@VName@Imf@@USlice@2@U?$less@VName@Imf@@@std@@V?$allocator@U?$pair@$$CBVName@Imf@@USlice@2@@std@@@5@$0A@@std@@@std@@QAE?AViterator@12@ABVName@Imf@@@Z 10014c90 f i ImfFrameBuffer.obj
 0001:00013e40       ?find@?$_Tree@V?$_Tmap_traits@VName@Imf@@USlice@2@U?$less@VName@Imf@@@std@@V?$allocator@U?$pair@$$CBVName@Imf@@USlice@2@@std@@@5@$0A@@std@@@std@@QBE?AVconst_iterator@12@ABVName@Imf@@@Z 10014e40 f i ImfFrameBuffer.obj
 0001:00013fe0       ?insert@?$_Tree@V?$_Tmap_traits@VName@Imf@@USlice@2@U?$less@VName@Imf@@@std@@V?$allocator@U?$pair@$$CBVName@Imf@@USlice@2@@std@@@5@$0A@@std@@@std@@QAE?AViterator@12@V312@ABU?$pair@$$CBVName@Imf@@USlice@2@@2@@Z 10014fe0 f i ImfFrameBuffer.obj
 0001:00014d10       ??8const_iterator@?$_Tree@V?$_Tmap_traits@VName@Imf@@USlice@2@U?$less@VName@Imf@@@std@@V?$allocator@U?$pair@$$CBVName@Imf@@USlice@2@@std@@@5@$0A@@std@@@std@@QBE_NABV012@@Z 10015d10 f i ImfFrameBuffer.obj
 0001:00014d70       ??0const_iterator@?$_Tree@V?$_Tmap_traits@VName@Imf@@USlice@2@U?$less@VName@Imf@@@std@@V?$allocator@U?$pair@$$CBVName@Imf@@USlice@2@@std@@@5@$0A@@std@@@std@@QAE@PAU_Node@?$_Tree_nod@V?$_Tmap_traits@VName@Imf@@USlice@2@U?$less@VName@Imf@@@std@@V?$allocator@U?$pair@$$CBVName@Imf@@USlice@2@@std@@@5@$0A@@std@@@2@PBV12@@Z 10015d70 f i ImfFrameBuffer.obj
 0001:00014dd0       ?_Inc@const_iterator@?$_Tree@V?$_Tmap_traits@VName@Imf@@USlice@2@U?$less@VName@Imf@@@std@@V?$allocator@U?$pair@$$CBVName@Imf@@USlice@2@@std@@@5@$0A@@std@@@std@@QAEXXZ 10015dd0 f i ImfFrameBuffer.obj
 0001:00014ec0       ?insert@?$_Tree@V?$_Tmap_traits@VName@Imf@@USlice@2@U?$less@VName@Imf@@@std@@V?$allocator@U?$pair@$$CBVName@Imf@@USlice@2@@std@@@5@$0A@@std@@@std@@QAE?AU?$pair@Viterator@?$_Tree@V?$_Tmap_traits@VName@Imf@@USlice@2@U?$less@VName@Imf@@@std@@V?$allocator@U?$pair@$$CBVName@Imf@@USlice@2@@std@@@5@$0A@@std@@@std@@_N@2@ABU?$pair@$$CBVName@Imf@@USlice@2@@2@@Z 10015ec0 f i ImfFrameBuffer.obj
 0001:000151e0       ?_Insert@?$_Tree@V?$_Tmap_traits@VName@Imf@@USlice@2@U?$less@VName@Imf@@@std@@V?$allocator@U?$pair@$$CBVName@Imf@@USlice@2@@std@@@5@$0A@@std@@@std@@IAE?AViterator@12@_NPAU_Node@?$_Tree_nod@V?$_Tmap_traits@VName@Imf@@USlice@2@U?$less@VName@Imf@@@std@@V?$allocator@U?$pair@$$CBVName@Imf@@USlice@2@@std@@@5@$0A@@std@@@2@ABU?$pair@$$CBVName@Imf@@USlice@2@@2@@Z 100161e0 f i ImfFrameBuffer.obj
 0001:000155a0       ?_Lbound@?$_Tree@V?$_Tmap_traits@VName@Imf@@USlice@2@U?$less@VName@Imf@@@std@@V?$allocator@U?$pair@$$CBVName@Imf@@USlice@2@@std@@@5@$0A@@std@@@std@@IBEPAU_Node@?$_Tree_nod@V?$_Tmap_traits@VName@Imf@@USlice@2@U?$less@VName@Imf@@@std@@V?$allocator@U?$pair@$$CBVName@Imf@@USlice@2@@std@@@5@$0A@@std@@@2@ABVName@Imf@@@Z 100165a0 f i ImfFrameBuffer.obj
 0001:00015680       ?_Lrotate@?$_Tree@V?$_Tmap_traits@VName@Imf@@USlice@2@U?$less@VName@Imf@@@std@@V?$allocator@U?$pair@$$CBVName@Imf@@USlice@2@@std@@@5@$0A@@std@@@std@@IAEXPAU_Node@?$_Tree_nod@V?$_Tmap_traits@VName@Imf@@USlice@2@U?$less@VName@Imf@@@std@@V?$allocator@U?$pair@$$CBVName@Imf@@USlice@2@@std@@@5@$0A@@std@@@2@@Z 10016680 f i ImfFrameBuffer.obj
 0001:00015740       ?_Rrotate@?$_Tree@V?$_Tmap_traits@VName@Imf@@USlice@2@U?$less@VName@Imf@@@std@@V?$allocator@U?$pair@$$CBVName@Imf@@USlice@2@@std@@@5@$0A@@std@@@std@@IAEXPAU_Node@?$_Tree_nod@V?$_Tmap_traits@VName@Imf@@USlice@2@U?$less@VName@Imf@@@std@@V?$allocator@U?$pair@$$CBVName@Imf@@USlice@2@@std@@@5@$0A@@std@@@2@@Z 10016740 f i ImfFrameBuffer.obj
 0001:00015800       ?_Buynode@?$_Tree@V?$_Tmap_traits@VName@Imf@@USlice@2@U?$less@VName@Imf@@@std@@V?$allocator@U?$pair@$$CBVName@Imf@@USlice@2@@std@@@5@$0A@@std@@@std@@IAEPAU_Node@?$_Tree_nod@V?$_Tmap_traits@VName@Imf@@USlice@2@U?$less@VName@Imf@@@std@@V?$allocator@U?$pair@$$CBVName@Imf@@USlice@2@@std@@@5@$0A@@std@@@2@PAU342@00ABU?$pair@$$CBVName@Imf@@USlice@2@@2@D@Z 10016800 f i ImfFrameBuffer.obj
 0001:00015900       ?_Dec@const_iterator@?$_Tree@V?$_Tmap_traits@VName@Imf@@USlice@2@U?$less@VName@Imf@@@std@@V?$allocator@U?$pair@$$CBVName@Imf@@USlice@2@@std@@@5@$0A@@std@@@std@@QAEXXZ 10016900 f i ImfFrameBuffer.obj
 0001:00015a30       ??$_Allocate@U_Node@?$_Tree_nod@V?$_Tmap_traits@VName@Imf@@USlice@2@U?$less@VName@Imf@@@std@@V?$allocator@U?$pair@$$CBVName@Imf@@USlice@2@@std@@@5@$0A@@std@@@std@@@std@@YAPAU_Node@?$_Tree_nod@V?$_Tmap_traits@VName@Imf@@USlice@2@U?$less@VName@Imf@@@std@@V?$allocator@U?$pair@$$CBVName@Imf@@USlice@2@@std@@@5@$0A@@std@@@0@IPAU120@@Z 10016a30 f i ImfFrameBuffer.obj
 0001:00015ac0       ?initialize@?A0x54d39354@Imf@@YAXAAVHeader@2@ABV?$Box@V?$Vec2@H@Imath@@@Imath@@1MABV?$Vec2@M@5@MW4LineOrder@2@W4Compression@2@@Z 10016ac0 f   ImfHeader.obj
 0001:00015d40       ??0Header@Imf@@QAE@HHMABV?$Vec2@M@Imath@@MW4LineOrder@1@W4Compression@1@@Z 10016d40 f   ImfHeader.obj
 0001:00015e50       ??0Header@Imf@@QAE@HHABV?$Box@V?$Vec2@H@Imath@@@Imath@@MABV?$Vec2@M@3@MW4LineOrder@1@W4Compression@1@@Z 10016e50 f   ImfHeader.obj
 0001:00015f60       ??0Header@Imf@@QAE@ABV?$Box@V?$Vec2@H@Imath@@@Imath@@0MABV?$Vec2@M@3@MW4LineOrder@1@W4Compression@1@@Z 10016f60 f   ImfHeader.obj
 0001:00016010       ??0Header@Imf@@QAE@ABV01@@Z 10017010 f   ImfHeader.obj
 0001:000161e0       ??1Header@Imf@@QAE@XZ      100171e0 f   ImfHeader.obj
 0001:00016390       ??4Header@Imf@@QAEAAV01@ABV01@@Z 10017390 f   ImfHeader.obj
 0001:000166e0       ?insert@Header@Imf@@QAEXQBDABVAttribute@2@@Z 100176e0 f   ImfHeader.obj
 0001:00016d30       ??AHeader@Imf@@QAEAAVAttribute@1@QBD@Z 10017d30 f   ImfHeader.obj
 0001:00016f70       ??AHeader@Imf@@QBEABVAttribute@1@QBD@Z 10017f70 f   ImfHeader.obj
 0001:000171b0       ?begin@Header@Imf@@QAE?AVIterator@12@XZ 100181b0 f   ImfHeader.obj
 0001:00017230       ?begin@Header@Imf@@QBE?AVConstIterator@12@XZ 10018230 f   ImfHeader.obj
 0001:000172b0       ?end@Header@Imf@@QAE?AVIterator@12@XZ 100182b0 f   ImfHeader.obj
 0001:00017320       ?end@Header@Imf@@QBE?AVConstIterator@12@XZ 10018320 f   ImfHeader.obj
 0001:00017390       ?find@Header@Imf@@QAE?AVIterator@12@QBD@Z 10018390 f   ImfHeader.obj
 0001:00017410       ?find@Header@Imf@@QBE?AVConstIterator@12@QBD@Z 10018410 f   ImfHeader.obj
 0001:00017490       ?displayWindow@Header@Imf@@QAEAAV?$Box@V?$Vec2@H@Imath@@@Imath@@XZ 10018490 f   ImfHeader.obj
 0001:000174d0       ?displayWindow@Header@Imf@@QBEABV?$Box@V?$Vec2@H@Imath@@@Imath@@XZ 100184d0 f   ImfHeader.obj
 0001:00017510       ?dataWindow@Header@Imf@@QAEAAV?$Box@V?$Vec2@H@Imath@@@Imath@@XZ 10018510 f   ImfHeader.obj
 0001:00017550       ?dataWindow@Header@Imf@@QBEABV?$Box@V?$Vec2@H@Imath@@@Imath@@XZ 10018550 f   ImfHeader.obj
 0001:00017590       ?pixelAspectRatio@Header@Imf@@QAEAAMXZ 10018590 f   ImfHeader.obj
 0001:000175d0       ?pixelAspectRatio@Header@Imf@@QBEABMXZ 100185d0 f   ImfHeader.obj
 0001:00017610       ?screenWindowCenter@Header@Imf@@QAEAAV?$Vec2@M@Imath@@XZ 10018610 f   ImfHeader.obj
 0001:00017650       ?screenWindowCenter@Header@Imf@@QBEABV?$Vec2@M@Imath@@XZ 10018650 f   ImfHeader.obj
 0001:00017690       ?screenWindowWidth@Header@Imf@@QAEAAMXZ 10018690 f   ImfHeader.obj
 0001:000176d0       ?screenWindowWidth@Header@Imf@@QBEABMXZ 100186d0 f   ImfHeader.obj
 0001:00017710       ?channels@Header@Imf@@QAEAAVChannelList@2@XZ 10018710 f   ImfHeader.obj
 0001:00017750       ?channels@Header@Imf@@QBEABVChannelList@2@XZ 10018750 f   ImfHeader.obj
 0001:00017790       ?lineOrder@Header@Imf@@QAEAAW4LineOrder@2@XZ 10018790 f   ImfHeader.obj
 0001:000177d0       ?lineOrder@Header@Imf@@QBEABW4LineOrder@2@XZ 100187d0 f   ImfHeader.obj
 0001:00017810       ?compression@Header@Imf@@QAEAAW4Compression@2@XZ 10018810 f   ImfHeader.obj
 0001:00017850       ?compression@Header@Imf@@QBEABW4Compression@2@XZ 10018850 f   ImfHeader.obj
 0001:00017890       ?setTileDescription@Header@Imf@@QAEXABVTileDescription@2@@Z 10018890 f   ImfHeader.obj
 0001:00017930       ?hasTileDescription@Header@Imf@@QBE_NXZ 10018930 f   ImfHeader.obj
 0001:00017960       ?tileDescription@Header@Imf@@QAEAAVTileDescription@2@XZ 10018960 f   ImfHeader.obj
 0001:000179a0       ?tileDescription@Header@Imf@@QBEABVTileDescription@2@XZ 100189a0 f   ImfHeader.obj
 0001:000179e0       ?setPreviewImage@Header@Imf@@QAEXABVPreviewImage@2@@Z 100189e0 f   ImfHeader.obj
 0001:00017a70       ?previewImage@Header@Imf@@QAEAAVPreviewImage@2@XZ 10018a70 f   ImfHeader.obj
 0001:00017ab0       ?previewImage@Header@Imf@@QBEABVPreviewImage@2@XZ 10018ab0 f   ImfHeader.obj
 0001:00017af0       ?hasPreviewImage@Header@Imf@@QBE_NXZ 10018af0 f   ImfHeader.obj
 0001:00017b20       ?sanityCheck@Header@Imf@@QBEX_N@Z 10018b20 f   ImfHeader.obj
 0001:00018a20       ?writeTo@Header@Imf@@QBE_KAAVOStream@2@_N@Z 10019a20 f   ImfHeader.obj
 0001:00018d40       ?readFrom@Header@Imf@@QAEXAAVIStream@2@AAH@Z 10019d40 f   ImfHeader.obj
 0001:000194c0       ?staticInitialize@Imf@@YAXXZ 1001a4c0 f   ImfHeader.obj
 0001:00019760       ??1?$map@VName@Imf@@PAVAttribute@2@U?$less@VName@Imf@@@std@@V?$allocator@U?$pair@$$CBVName@Imf@@PAVAttribute@2@@std@@@5@@std@@QAE@XZ 1001a760 f i ImfHeader.obj
 0001:000197a0       ?attribute@ConstIterator@Header@Imf@@QBEABVAttribute@3@XZ 1001a7a0 f i ImfHeader.obj
 0001:00019800       ?str@StdOSStream@Imf@@QBE?AV?$basic_string@DU?$char_traits@D@std@@V?$allocator@D@2@@std@@XZ 1001a800 f i ImfHeader.obj
 0001:00019860       ??1StdOSStream@Imf@@UAE@XZ 1001a860 f i ImfHeader.obj
 0001:000198d0       ??_EInputExc@Iex@@UAEPAXI@Z 1001a8d0 f i ImfHeader.obj
 0001:000198d0       ??_GInputExc@Iex@@UAEPAXI@Z 1001a8d0 f i ImfHeader.obj
 0001:00019910       ??1InputExc@Iex@@UAE@XZ    1001a910 f i ImfHeader.obj
 0001:00019940       ??0InputExc@Iex@@QAE@ABV01@@Z 1001a940 f i ImfHeader.obj
 0001:00019980       ??0?$map@VName@Imf@@PAVAttribute@2@U?$less@VName@Imf@@@std@@V?$allocator@U?$pair@$$CBVName@Imf@@PAVAttribute@2@@std@@@5@@std@@QAE@XZ 1001a980 f i ImfHeader.obj
 0001:000199d0       ??A?$map@VName@Imf@@PAVAttribute@2@U?$less@VName@Imf@@@std@@V?$allocator@U?$pair@$$CBVName@Imf@@PAVAttribute@2@@std@@@5@@std@@QAEAAPAVAttribute@Imf@@ABVName@3@@Z 1001a9d0 f i ImfHeader.obj
 0001:00019b90       ?erase@?$_Tree@V?$_Tmap_traits@VName@Imf@@PAVAttribute@2@U?$less@VName@Imf@@@std@@V?$allocator@U?$pair@$$CBVName@Imf@@PAVAttribute@2@@std@@@5@$0A@@std@@@std@@QAE?AViterator@12@V312@0@Z 1001ab90 f i ImfHeader.obj
 0001:00019d90       ?find@?$_Tree@V?$_Tmap_traits@VName@Imf@@PAVAttribute@2@U?$less@VName@Imf@@@std@@V?$allocator@U?$pair@$$CBVName@Imf@@PAVAttribute@2@@std@@@5@$0A@@std@@@std@@QAE?AViterator@12@ABVName@Imf@@@Z 1001ad90 f i ImfHeader.obj
 0001:00019f40       ?find@?$_Tree@V?$_Tmap_traits@VName@Imf@@PAVAttribute@2@U?$less@VName@Imf@@@std@@V?$allocator@U?$pair@$$CBVName@Imf@@PAVAttribute@2@@std@@@5@$0A@@std@@@std@@QBE?AVconst_iterator@12@ABVName@Imf@@@Z 1001af40 f i ImfHeader.obj
 0001:0001a0e0       ?insert@?$_Tree@V?$_Tmap_traits@VName@Imf@@PAVAttribute@2@U?$less@VName@Imf@@@std@@V?$allocator@U?$pair@$$CBVName@Imf@@PAVAttribute@2@@std@@@5@$0A@@std@@@std@@QAE?AViterator@12@V312@ABU?$pair@$$CBVName@Imf@@PAVAttribute@2@@2@@Z 1001b0e0 f i ImfHeader.obj
 0001:0001ae10       ??8const_iterator@?$_Tree@V?$_Tmap_traits@VName@Imf@@PAVAttribute@2@U?$less@VName@Imf@@@std@@V?$allocator@U?$pair@$$CBVName@Imf@@PAVAttribute@2@@std@@@5@$0A@@std@@@std@@QBE_NABV012@@Z 1001be10 f i ImfHeader.obj
 0001:0001ae70       ?erase@?$_Tree@V?$_Tmap_traits@VName@Imf@@PAVAttribute@2@U?$less@VName@Imf@@@std@@V?$allocator@U?$pair@$$CBVName@Imf@@PAVAttribute@2@@std@@@5@$0A@@std@@@std@@QAE?AViterator@12@V312@@Z 1001be70 f i ImfHeader.obj
 0001:0001b3f0       ?clear@?$_Tree@V?$_Tmap_traits@VName@Imf@@PAVAttribute@2@U?$less@VName@Imf@@@std@@V?$allocator@U?$pair@$$CBVName@Imf@@PAVAttribute@2@@std@@@5@$0A@@std@@@std@@QAEXXZ 1001c3f0 f i ImfHeader.obj
 0001:0001b470       ?_Tidy@?$_Tree@V?$_Tmap_traits@VName@Imf@@PAVAttribute@2@U?$less@VName@Imf@@@std@@V?$allocator@U?$pair@$$CBVName@Imf@@PAVAttribute@2@@std@@@5@$0A@@std@@@std@@IAEXXZ 1001c470 f i ImfHeader.obj
[...]
 0001:0005d102       __ehhandler$?erase@?$_Tree@V?$_Tmap_traits@UTileCoord@?A0xc559f438@Imf@@PAUBufferedTile@23@U?$less@UTileCoord@?A0xc559f438@Imf@@@std@@V?$allocator@U?$pair@$$CBUTileCoord@?A0xc559f438@Imf@@PAUBufferedTile@23@@std@@@6@$0A@@std@@@std@@QAE?AViterator@12@V312@@Z 1005e102 f   ImfTiledOutputFile.obj
 0001:0005d110       __unwindfunclet$?_Insert@?$_Tree@V?$_Tmap_traits@UTileCoord@?A0xc559f438@Imf@@PAUBufferedTile@23@U?$less@UTileCoord@?A0xc559f438@Imf@@@std@@V?$allocator@U?$pair@$$CBUTileCoord@?A0xc559f438@Imf@@PAUBufferedTile@23@@std@@@6@$0A@@std@@@std@@IAE?AViterator@12@_NPAU_Node@?$_Tree_nod@V?$_Tmap_traits@UTileCoord@?A0xc559f438@Imf@@PAUBufferedTile@23@U?$less@UTileCoord@?A0xc559f438@Imf@@@std@@V?$allocator@U?$pair@$$CBUTileCoord@?A0xc559f438@Imf@@PAUBufferedTile@23@@std@@@6@$0A@@std@@@2@ABU?$pair@$$CBUTileCoord@?A0xc559f438@Imf@@PAUBufferedTile@23@@2@@Z$0 1005e110 f   ImfTiledOutputFile.obj
 0001:0005d119       __unwindfunclet$?_Insert@?$_Tree@V?$_Tmap_traits@UTileCoord@?A0xc559f438@Imf@@PAUBufferedTile@23@U?$less@UTileCoord@?A0xc559f438@Imf@@@std@@V?$allocator@U?$pair@$$CBUTileCoord@?A0xc559f438@Imf@@PAUBufferedTile@23@@std@@@6@$0A@@std@@@std@@IAE?AViterator@12@_NPAU_Node@?$_Tree_nod@V?$_Tmap_traits@UTileCoord@?A0xc559f438@Imf@@PAUBufferedTile@23@U?$less@UTileCoord@?A0xc559f438@Imf@@@std@@V?$allocator@U?$pair@$$CBUTileCoord@?A0xc559f438@Imf@@PAUBufferedTile@23@@std@@@6@$0A@@std@@@2@ABU?$pair@$$CBUTileCoord@?A0xc559f438@Imf@@PAUBufferedTile@23@@2@@Z$2 1005e119 f   ImfTiledOutputFile.obj
 0001:0005d122       __ehhandler$?_Insert@?$_Tree@V?$_Tmap_traits@UTileCoord@?A0xc559f438@Imf@@PAUBufferedTile@23@U?$less@UTileCoord@?A0xc559f438@Imf@@@std@@V?$allocator@U?$pair@$$CBUTileCoord@?A0xc559f438@Imf@@PAUBufferedTile@23@@std@@@6@$0A@@std@@@std@@IAE?AViterator@12@_NPAU_Node@?$_Tree_nod@V?$_Tmap_traits@UTileCoord@?A0xc559f438@Imf@@PAUBufferedTile@23@U?$less@UTileCoord@?A0xc559f438@Imf@@@std@@V?$allocator@U?$pair@$$CBUTileCoord@?A0xc559f438@Imf@@PAUBufferedTile@23@@std@@@6@$0A@@std@@@2@ABU?$pair@$$CBUTileCoord@?A0xc559f438@Imf@@PAUBufferedTile@23@@2@@Z 1005e122 f   ImfTiledOutputFile.obj
 0001:0005d130       __ehhandler$?_Insert_n@?$vector@UTOutSliceInfo@?A0xc559f438@Imf@@V?$allocator@UTOutSliceInfo@?A0xc559f438@Imf@@@std@@@std@@IAEXV?$_Vector_iterator@UTOutSliceInfo@?A0xc559f438@Imf@@V?$allocator@UTOutSliceInfo@?A0xc559f438@Imf@@@std@@@2@IABUTOutSliceInfo@?A0xc559f438@Imf@@@Z 1005e130 f   ImfTiledOutputFile.obj
 0001:0005d140       __unwindfunclet$??0ToYa@TiledRgbaOutputFile@Imf@@QAE@AAVTiledOutputFile@2@W4RgbaChannels@2@@Z$0 1005e140 f   ImfTiledRgbaFile.obj
 0001:0005d148       __unwindfunclet$??0ToYa@TiledRgbaOutputFile@Imf@@QAE@AAVTiledOutputFile@2@W4RgbaChannels@2@@Z$1 1005e148 f   ImfTiledRgbaFile.obj
 0001:0005d153       __ehhandler$??0ToYa@TiledRgbaOutputFile@Imf@@QAE@AAVTiledOutputFile@2@W4RgbaChannels@2@@Z 1005e153 f   ImfTiledRgbaFile.obj
 0001:0005d15d       __unwindfunclet$??0FromYa@TiledRgbaInputFile@Imf@@QAE@AAVTiledInputFile@2@@Z$0 1005e15d f   ImfTiledRgbaFile.obj
 0001:0005d165       __unwindfunclet$??0FromYa@TiledRgbaInputFile@Imf@@QAE@AAVTiledInputFile@2@@Z$1 1005e165 f   ImfTiledRgbaFile.obj
 0001:0005d170       __ehhandler$??0FromYa@TiledRgbaInputFile@Imf@@QAE@AAVTiledInputFile@2@@Z 1005e170 f   ImfTiledRgbaFile.obj
 0001:0005d17a       __unwindfunclet$??0TiledRgbaInputFile@Imf@@QAE@QBDH@Z$0 1005e17a f   ImfTiledRgbaFile.obj
 0001:0005d185       __unwindfunclet$??0TiledRgbaInputFile@Imf@@QAE@QBDH@Z$1 1005e185 f   ImfTiledRgbaFile.obj
 0001:0005d190       __ehhandler$??0TiledRgbaInputFile@Imf@@QAE@QBDH@Z 1005e190 f   ImfTiledRgbaFile.obj
 0001:0005d19a       __unwindfunclet$??0TiledRgbaInputFile@Imf@@QAE@AAVIStream@1@H@Z$0 1005e19a f   ImfTiledRgbaFile.obj
 0001:0005d1a5       __unwindfunclet$??0TiledRgbaInputFile@Imf@@QAE@AAVIStream@1@H@Z$1 1005e1a5 f   ImfTiledRgbaFile.obj
 0001:0005d1b0       __ehhandler$??0TiledRgbaInputFile@Imf@@QAE@AAVIStream@1@H@Z 1005e1b0 f   ImfTiledRgbaFile.obj
 0001:0005d1ba       __unwindfunclet$?insertChannels@?A0xc07b59fb@Imf@@YAXAAVHeader@2@W4RgbaChannels@2@QBD@Z$0 1005e1ba f   ImfTiledRgbaFile.obj
 0001:0005d1c5       __unwindfunclet$?insertChannels@?A0xc07b59fb@Imf@@YAXAAVHeader@2@W4RgbaChannels@2@QBD@Z$1 1005e1c5 f   ImfTiledRgbaFile.obj
 0001:0005d1d1       __ehhandler$?insertChannels@?A0xc07b59fb@Imf@@YAXAAVHeader@2@W4RgbaChannels@2@QBD@Z 1005e1d1 f   ImfTiledRgbaFile.obj
 0001:0005d1db       __unwindfunclet$??0TiledRgbaOutputFile@Imf@@QAE@QBDABVHeader@1@W4RgbaChannels@1@HHW4LevelMode@1@W4LevelRoundingMode@1@H@Z$0 1005e1db f   ImfTiledRgbaFile.obj
 0001:0005d1e3       __unwindfunclet$??0TiledRgbaOutputFile@Imf@@QAE@QBDABVHeader@1@W4RgbaChannels@1@HHW4LevelMode@1@W4LevelRoundingMode@1@H@Z$1 1005e1e3 f   ImfTiledRgbaFile.obj
 0001:0005d1ee       __unwindfunclet$??0TiledRgbaOutputFile@Imf@@QAE@QBDABVHeader@1@W4RgbaChannels@1@HHW4LevelMode@1@W4LevelRoundingMode@1@H@Z$2 1005e1ee f   ImfTiledRgbaFile.obj
 0001:0005d1f9       __ehhandler$??0TiledRgbaOutputFile@Imf@@QAE@QBDABVHeader@1@W4RgbaChannels@1@HHW4LevelMode@1@W4LevelRoundingMode@1@H@Z 1005e1f9 f   ImfTiledRgbaFile.obj
 0001:0005d203       __unwindfunclet$??0TiledRgbaOutputFile@Imf@@QAE@AAVOStream@1@ABVHeader@1@W4RgbaChannels@1@HHW4LevelMode@1@W4LevelRoundingMode@1@H@Z$0 1005e203 f   ImfTiledRgbaFile.obj
 0001:0005d20b       __unwindfunclet$??0TiledRgbaOutputFile@Imf@@QAE@AAVOStream@1@ABVHeader@1@W4RgbaChannels@1@HHW4LevelMode@1@W4LevelRoundingMode@1@H@Z$1 1005e20b f   ImfTiledRgbaFile.obj
 0001:0005d216       __unwindfunclet$??0TiledRgbaOutputFile@Imf@@QAE@AAVOStream@1@ABVHeader@1@W4RgbaChannels@1@HHW4LevelMode@1@W4LevelRoundingMode@1@H@Z$2 1005e216 f   ImfTiledRgbaFile.obj
 0001:0005d221       __ehhandler$??0TiledRgbaOutputFile@Imf@@QAE@AAVOStream@1@ABVHeader@1@W4RgbaChannels@1@HHW4LevelMode@1@W4LevelRoundingMode@1@H@Z 1005e221 f   ImfTiledRgbaFile.obj
 0001:0005d22b       __unwindfunclet$??0TiledRgbaOutputFile@Imf@@QAE@QBDHHW4LevelMode@1@W4LevelRoundingMode@1@ABV?$Box@V?$Vec2@H@Imath@@@Imath@@3W4RgbaChannels@1@MV?$Vec2@M@5@MW4LineOrder@1@W4Compression@1@H@Z$0 1005e22b f   ImfTiledRgbaFile.obj
 0001:0005d233       __unwindfunclet$??0TiledRgbaOutputFile@Imf@@QAE@QBDHHW4LevelMode@1@W4LevelRoundingMode@1@ABV?$Box@V?$Vec2@H@Imath@@@Imath@@3W4RgbaChannels@1@MV?$Vec2@M@5@MW4LineOrder@1@W4Compression@1@H@Z$1 1005e233 f   ImfTiledRgbaFile.obj
 0001:0005d23e       __unwindfunclet$??0TiledRgbaOutputFile@Imf@@QAE@QBDHHW4LevelMode@1@W4LevelRoundingMode@1@ABV?$Box@V?$Vec2@H@Imath@@@Imath@@3W4RgbaChannels@1@MV?$Vec2@M@5@MW4LineOrder@1@W4Compression@1@H@Z$2 1005e23e f   ImfTiledRgbaFile.obj
 0001:0005d249       __ehhandler$??0TiledRgbaOutputFile@Imf@@QAE@QBDHHW4LevelMode@1@W4LevelRoundingMode@1@ABV?$Box@V?$Vec2@H@Imath@@@Imath@@3W4RgbaChannels@1@MV?$Vec2@M@5@MW4LineOrder@1@W4Compression@1@H@Z 1005e249 f   ImfTiledRgbaFile.obj
 0001:0005d253       __unwindfunclet$??0TiledRgbaOutputFile@Imf@@QAE@QBDHHHHW4LevelMode@1@W4LevelRoundingMode@1@W4RgbaChannels@1@MV?$Vec2@M@Imath@@MW4LineOrder@1@W4Compression@1@H@Z$0 1005e253 f   ImfTiledRgbaFile.obj
 0001:0005d25b       __unwindfunclet$??0TiledRgbaOutputFile@Imf@@QAE@QBDHHHHW4LevelMode@1@W4LevelRoundingMode@1@W4RgbaChannels@1@MV?$Vec2@M@Imath@@MW4LineOrder@1@W4Compression@1@H@Z$1 1005e25b f   ImfTiledRgbaFile.obj
 0001:0005d266       __unwindfunclet$??0TiledRgbaOutputFile@Imf@@QAE@QBDHHHHW4LevelMode@1@W4LevelRoundingMode@1@W4RgbaChannels@1@MV?$Vec2@M@Imath@@MW4LineOrder@1@W4Compression@1@H@Z$2 1005e266 f   ImfTiledRgbaFile.obj
 0001:0005d271       __ehhandler$??0TiledRgbaOutputFile@Imf@@QAE@QBDHHHHW4LevelMode@1@W4LevelRoundingMode@1@W4RgbaChannels@1@MV?$Vec2@M@Imath@@MW4LineOrder@1@W4Compression@1@H@Z 1005e271 f   ImfTiledRgbaFile.obj
 0001:0005d27b       __unwindfunclet$?setFrameBuffer@TiledRgbaOutputFile@Imf@@QAEXPBURgba@2@II@Z$1 1005e27b f   ImfTiledRgbaFile.obj
 0001:0005d283       __ehhandler$?setFrameBuffer@TiledRgbaOutputFile@Imf@@QAEXPBURgba@2@II@Z 1005e283 f   ImfTiledRgbaFile.obj
 0001:0005d28d       __unwindfunclet$?readTile@FromYa@TiledRgbaInputFile@Imf@@QAEXHHHH@Z$0 1005e28d f   ImfTiledRgbaFile.obj
 0001:0005d299       __unwindfunclet$?readTile@FromYa@TiledRgbaInputFile@Imf@@QAEXHHHH@Z$1 1005e299 f   ImfTiledRgbaFile.obj
 0001:0005d2a4       __ehhandler$?readTile@FromYa@TiledRgbaInputFile@Imf@@QAEXHHHH@Z 1005e2a4 f   ImfTiledRgbaFile.obj
 0001:0005d2ae       __unwindfunclet$?setFrameBuffer@TiledRgbaInputFile@Imf@@QAEXPAURgba@2@II@Z$1 1005e2ae f   ImfTiledRgbaFile.obj
 0001:0005d2b6       __ehhandler$?setFrameBuffer@TiledRgbaInputFile@Imf@@QAEXPAURgba@2@II@Z 1005e2b6 f   ImfTiledRgbaFile.obj
 0001:0005d2c0       __unwindfunclet$?readTile@TiledRgbaInputFile@Imf@@QAEXHHH@Z$0 1005e2c0 f   ImfTiledRgbaFile.obj
 0001:0005d2c8       __ehhandler$?readTile@TiledRgbaInputFile@Imf@@QAEXHHH@Z 1005e2c8 f   ImfTiledRgbaFile.obj
 0001:0005d2d2       __unwindfunclet$?readTile@TiledRgbaInputFile@Imf@@QAEXHHHH@Z$0 1005e2d2 f   ImfTiledRgbaFile.obj
 0001:0005d2da       __ehhandler$?readTile@TiledRgbaInputFile@Imf@@QAEXHHHH@Z 1005e2da f   ImfTiledRgbaFile.obj
 0001:0005d2e4       __unwindfunclet$?readTiles@TiledRgbaInputFile@Imf@@QAEXHHHHHH@Z$0 1005e2e4 f   ImfTiledRgbaFile.obj
 0001:0005d2ec       __ehhandler$?readTiles@TiledRgbaInputFile@Imf@@QAEXHHHHHH@Z 1005e2ec f   ImfTiledRgbaFile.obj
 0001:0005d2f6       __unwindfunclet$?writeTile@ToYa@TiledRgbaOutputFile@Imf@@QAEXHHHH@Z$0 1005e2f6 f   ImfTiledRgbaFile.obj
 0001:0005d302       __unwindfunclet$?writeTile@ToYa@TiledRgbaOutputFile@Imf@@QAEXHHHH@Z$1 1005e302 f   ImfTiledRgbaFile.obj
 0001:0005d30d       __ehhandler$?writeTile@ToYa@TiledRgbaOutputFile@Imf@@QAEXHHHH@Z 1005e30d f   ImfTiledRgbaFile.obj
 0001:0005d317       __unwindfunclet$?writeTile@TiledRgbaOutputFile@Imf@@QAEXHHH@Z$0 1005e317 f   ImfTiledRgbaFile.obj
 0001:0005d31f       __ehhandler$?writeTile@TiledRgbaOutputFile@Imf@@QAEXHHH@Z 1005e31f f   ImfTiledRgbaFile.obj
 0001:0005d329       __unwindfunclet$?writeTile@TiledRgbaOutputFile@Imf@@QAEXHHHH@Z$0 1005e329 f   ImfTiledRgbaFile.obj
 0001:0005d331       __ehhandler$?writeTile@TiledRgbaOutputFile@Imf@@QAEXHHHH@Z 1005e331 f   ImfTiledRgbaFile.obj
 0001:0005d33b       __unwindfunclet$?writeTiles@TiledRgbaOutputFile@Imf@@QAEXHHHHHH@Z$0 1005e33b f   ImfTiledRgbaFile.obj
 0001:0005d343       __ehhandler$?writeTiles@TiledRgbaOutputFile@Imf@@QAEXHHHHHH@Z 1005e343 f   ImfTiledRgbaFile.obj
 0001:0005d350       __ehhandler$?reconstructFromFile@TileOffsets@Imf@@AAEXAAVIStream@2@@Z 1005e350 f   ImfTileOffsets.obj
 0001:0005d35a       __unwindfunclet$?writeTo@TileOffsets@Imf@@QBE_KAAVOStream@2@@Z$0 1005e35a f   ImfTileOffsets.obj
 0001:0005d363       __ehhandler$?writeTo@TileOffsets@Imf@@QBE_KAAVOStream@2@@Z 1005e363 f   ImfTileOffsets.obj
 0001:0005d36d       __unwindfunclet$??0TileOffsets@Imf@@QAE@W4LevelMode@1@HHPBH1@Z$0 1005e36d f   ImfTileOffsets.obj
 0001:0005d378       __ehhandler$??0TileOffsets@Imf@@QAE@W4LevelMode@1@HHPBH1@Z 1005e378 f   ImfTileOffsets.obj
 0001:0005d390       __unwindfunclet$??$_Uninit_fill_n@PAV?$vector@_KV?$allocator@_K@std@@@std@@IV12@V?$allocator@V?$vector@_KV?$allocator@_K@std@@@std@@@2@@std@@YAXPAV?$vector@_KV?$allocator@_K@std@@@0@IABV10@AAV?$allocator@V?$vector@_KV?$allocator@_K@std@@@std@@@0@U_Nonscalar_ptr_iterator_tag@0@U_Range_checked_iterator_tag@0@@Z$2 1005e390 f   ImfTileOffsets.obj
 0001:0005d3a1       __ehhandler$??$_Uninit_fill_n@PAV?$vector@_KV?$allocator@_K@std@@@std@@IV12@V?$allocator@V?$vector@_KV?$allocator@_K@std@@@std@@@2@@std@@YAXPAV?$vector@_KV?$allocator@_K@std@@@0@IABV10@AAV?$allocator@V?$vector@_KV?$allocator@_K@std@@@std@@@0@U_Nonscalar_ptr_iterator_tag@0@U_Range_checked_iterator_tag@0@@Z 1005e3a1 f   ImfTileOffsets.obj
 0001:0005d3b0       __unwindfunclet$??$_Uninit_move@PAV?$vector@_KV?$allocator@_K@std@@@std@@PAV12@V?$allocator@V?$vector@_KV?$allocator@_K@std@@@std@@@2@@std@@YAPAV?$vector@_KV?$allocator@_K@std@@@0@PAV10@00AAV?$allocator@V?$vector@_KV?$allocator@_K@std@@@std@@@0@U_Swap_move_tag@0@U_Range_checked_iterator_tag@0@@Z$2 1005e3b0 f   ImfTileOffsets.obj
 0001:0005d3b8       __unwindfunclet$??$_Uninit_move@PAV?$vector@_KV?$allocator@_K@std@@@std@@PAV12@V?$allocator@V?$vector@_KV?$allocator@_K@std@@@std@@@2@@std@@YAPAV?$vector@_KV?$allocator@_K@std@@@0@PAV10@00AAV?$allocator@V?$vector@_KV?$allocator@_K@std@@@std@@@0@U_Swap_move_tag@0@U_Range_checked_iterator_tag@0@@Z$3 1005e3b8 f   ImfTileOffsets.obj
 0001:0005d3c9       __ehhandler$??$_Uninit_move@PAV?$vector@_KV?$allocator@_K@std@@@std@@PAV12@V?$allocator@V?$vector@_KV?$allocator@_K@std@@@std@@@2@@std@@YAPAV?$vector@_KV?$allocator@_K@std@@@0@PAV10@00AAV?$allocator@V?$vector@_KV?$allocator@_K@std@@@std@@@0@U_Swap_move_tag@0@U_Range_checked_iterator_tag@0@@Z 1005e3c9 f   ImfTileOffsets.obj
 0001:0005d3e0       __unwindfunclet$?_Insert_n@?$vector@V?$vector@_KV?$allocator@_K@std@@@std@@V?$allocator@V?$vector@_KV?$allocator@_K@std@@@std@@@2@@std@@IAEXV?$_Vector_iterator@V?$vector@_KV?$allocator@_K@std@@@std@@V?$allocator@V?$vector@_KV?$allocator@_K@std@@@std@@@2@@2@IABV?$vector@_KV?$allocator@_K@std@@@2@@Z$4 1005e3e0 f   ImfTileOffsets.obj
 0001:0005d3e8       __ehhandler$?_Insert_n@?$vector@V?$vector@_KV?$allocator@_K@std@@@std@@V?$allocator@V?$vector@_KV?$allocator@_K@std@@@std@@@2@@std@@IAEXV?$_Vector_iterator@V?$vector@_KV?$allocator@_K@std@@@std@@V?$allocator@V?$vector@_KV?$allocator@_K@std@@@std@@@2@@2@IABV?$vector@_KV?$allocator@_K@std@@@2@@Z 1005e3e8 f   ImfTileOffsets.obj
 0001:0005d400       __unwindfunclet$?resize@?$vector@V?$vector@_KV?$allocator@_K@std@@@std@@V?$allocator@V?$vector@_KV?$allocator@_K@std@@@std@@@2@@std@@QAEXIV?$vector@_KV?$allocator@_K@std@@@2@@Z$0 1005e400 f   ImfTileOffsets.obj
 0001:0005d408       __ehhandler$?resize@?$vector@V?$vector@_KV?$allocator@_K@std@@@std@@V?$allocator@V?$vector@_KV?$allocator@_K@std@@@std@@@2@@std@@QAEXIV?$vector@_KV?$allocator@_K@std@@@2@@Z 1005e408 f   ImfTileOffsets.obj
 0001:0005d420       __unwindfunclet$??$_Uninit_move@PAV?$vector@V?$vector@_KV?$allocator@_K@std@@@std@@V?$allocator@V?$vector@_KV?$allocator@_K@std@@@std@@@2@@std@@PAV12@V?$allocator@V?$vector@V?$vector@_KV?$allocator@_K@std@@@std@@V?$allocator@V?$vector@_KV?$allocator@_K@std@@@std@@@2@@std@@@2@@std@@YAPAV?$vector@V?$vector@_KV?$allocator@_K@std@@@std@@V?$allocator@V?$vector@_KV?$allocator@_K@std@@@std@@@2@@0@PAV10@00AAV?$allocator@V?$vector@V?$vector@_KV?$allocator@_K@std@@@std@@V?$allocator@V?$vector@_KV?$allocator@_K@std@@@std@@@2@@std@@@0@U_Swap_move_tag@0@U_Range_checked_iterator_tag@0@@Z$2 1005e420 f   ImfTileOffsets.obj
 0001:0005d428       __unwindfunclet$??$_Uninit_move@PAV?$vector@V?$vector@_KV?$allocator@_K@std@@@std@@V?$allocator@V?$vector@_KV?$allocator@_K@std@@@std@@@2@@std@@PAV12@V?$allocator@V?$vector@V?$vector@_KV?$allocator@_K@std@@@std@@V?$allocator@V?$vector@_KV?$allocator@_K@std@@@std@@@2@@std@@@2@@std@@YAPAV?$vector@V?$vector@_KV?$allocator@_K@std@@@std@@V?$allocator@V?$vector@_KV?$allocator@_K@std@@@std@@@2@@0@PAV10@00AAV?$allocator@V?$vector@V?$vector@_KV?$allocator@_K@std@@@std@@V?$allocator@V?$vector@_KV?$allocator@_K@std@@@std@@@2@@std@@@0@U_Swap_move_tag@0@U_Range_checked_iterator_tag@0@@Z$3 1005e428 f   ImfTileOffsets.obj
 0001:0005d439       __ehhandler$??$_Uninit_move@PAV?$vector@V?$vector@_KV?$allocator@_K@std@@@std@@V?$allocator@V?$vector@_KV?$allocator@_K@std@@@std@@@2@@std@@PAV12@V?$allocator@V?$vector@V?$vector@_KV?$allocator@_K@std@@@std@@V?$allocator@V?$vector@_KV?$allocator@_K@std@@@std@@@2@@std@@@2@@std@@YAPAV?$vector@V?$vector@_KV?$allocator@_K@std@@@std@@V?$allocator@V?$vector@_KV?$allocator@_K@std@@@std@@@2@@0@PAV10@00AAV?$allocator@V?$vector@V?$vector@_KV?$allocator@_K@std@@@std@@V?$allocator@V?$vector@_KV?$allocator@_K@std@@@std@@@2@@std@@@0@U_Swap_move_tag@0@U_Range_checked_iterator_tag@0@@Z 1005e439 f   ImfTileOffsets.obj
 0001:0005d450       __unwindfunclet$??$_Uninit_fill_n@PAV?$vector@V?$vector@_KV?$allocator@_K@std@@@std@@V?$allocator@V?$vector@_KV?$allocator@_K@std@@@std@@@2@@std@@IV12@V?$allocator@V?$vector@V?$vector@_KV?$allocator@_K@std@@@std@@V?$allocator@V?$vector@_KV?$allocator@_K@std@@@std@@@2@@std@@@2@@std@@YAXPAV?$vector@V?$vector@_KV?$allocator@_K@std@@@std@@V?$allocator@V?$vector@_KV?$allocator@_K@std@@@std@@@2@@0@IABV10@AAV?$allocator@V?$vector@V?$vector@_KV?$allocator@_K@std@@@std@@V?$allocator@V?$vector@_KV?$allocator@_K@std@@@std@@@2@@std@@@0@U_Nonscalar_ptr_iterator_tag@0@U_Range_checked_iterator_tag@0@@Z$2 1005e450 f   ImfTileOffsets.obj
 0001:0005d461       __ehhandler$??$_Uninit_fill_n@PAV?$vector@V?$vector@_KV?$allocator@_K@std@@@std@@V?$allocator@V?$vector@_KV?$allocator@_K@std@@@std@@@2@@std@@IV12@V?$allocator@V?$vector@V?$vector@_KV?$allocator@_K@std@@@std@@V?$allocator@V?$vector@_KV?$allocator@_K@std@@@std@@@2@@std@@@2@@std@@YAXPAV?$vector@V?$vector@_KV?$allocator@_K@std@@@std@@V?$allocator@V?$vector@_KV?$allocator@_K@std@@@std@@@2@@0@IABV10@AAV?$allocator@V?$vector@V?$vector@_KV?$allocator@_K@std@@@std@@V?$allocator@V?$vector@_KV?$allocator@_K@std@@@std@@@2@@std@@@0@U_Nonscalar_ptr_iterator_tag@0@U_Range_checked_iterator_tag@0@@Z 1005e461 f   ImfTileOffsets.obj
 0001:0005d470       __unwindfunclet$?_Insert_n@?$vector@V?$vector@V?$vector@_KV?$allocator@_K@std@@@std@@V?$allocator@V?$vector@_KV?$allocator@_K@std@@@std@@@2@@std@@V?$allocator@V?$vector@V?$vector@_KV?$allocator@_K@std@@@std@@V?$allocator@V?$vector@_KV?$allocator@_K@std@@@std@@@2@@std@@@2@@std@@IAEXV?$_Vector_iterator@V?$vector@V?$vector@_KV?$allocator@_K@std@@@std@@V?$allocator@V?$vector@_KV?$allocator@_K@std@@@std@@@2@@std@@V?$allocator@V?$vector@V?$vector@_KV?$allocator@_K@std@@@std@@V?$allocator@V?$vector@_KV?$allocator@_K@std@@@std@@@2@@std@@@2@@2@IABV?$vector@V?$vector@_KV?$allocator@_K@std@@@std@@V?$allocator@V?$vector@_KV?$allocator@_K@std@@@std@@@2@@2@@Z$4 1005e470 f   ImfTileOffsets.obj
 0001:0005d478       __ehhandler$?_Insert_n@?$vector@V?$vector@V?$vector@_KV?$allocator@_K@std@@@std@@V?$allocator@V?$vector@_KV?$allocator@_K@std@@@std@@@2@@std@@V?$allocator@V?$vector@V?$vector@_KV?$allocator@_K@std@@@std@@V?$allocator@V?$vector@_KV?$allocator@_K@std@@@std@@@2@@std@@@2@@std@@IAEXV?$_Vector_iterator@V?$vector@V?$vector@_KV?$allocator@_K@std@@@std@@V?$allocator@V?$vector@_KV?$allocator@_K@std@@@std@@@2@@std@@V?$allocator@V?$vector@V?$vector@_KV?$allocator@_K@std@@@std@@V?$allocator@V?$vector@_KV?$allocator@_K@std@@@std@@@2@@std@@@2@@2@IABV?$vector@V?$vector@_KV?$allocator@_K@std@@@std@@V?$allocator@V?$vector@_KV?$allocator@_K@std@@@std@@@2@@2@@Z 1005e478 f   ImfTileOffsets.obj
 0001:0005d490       __unwindfunclet$?resize@?$vector@V?$vector@V?$vector@_KV?$allocator@_K@std@@@std@@V?$allocator@V?$vector@_KV?$allocator@_K@std@@@std@@@2@@std@@V?$allocator@V?$vector@V?$vector@_KV?$allocator@_K@std@@@std@@V?$allocator@V?$vector@_KV?$allocator@_K@std@@@std@@@2@@std@@@2@@std@@QAEXIV?$vector@V?$vector@_KV?$allocator@_K@std@@@std@@V?$allocator@V?$vector@_KV?$allocator@_K@std@@@std@@@2@@2@@Z$0 1005e490 f   ImfTileOffsets.obj
 0001:0005d498       __ehhandler$?resize@?$vector@V?$vector@V?$vector@_KV?$allocator@_K@std@@@std@@V?$allocator@V?$vector@_KV?$allocator@_K@std@@@std@@@2@@std@@V?$allocator@V?$vector@V?$vector@_KV?$allocator@_K@std@@@std@@V?$allocator@V?$vector@_KV?$allocator@_K@std@@@std@@@2@@std@@@2@@std@@QAEXIV?$vector@V?$vector@_KV?$allocator@_K@std@@@std@@V?$allocator@V?$vector@_KV?$allocator@_K@std@@@std@@@2@@2@@Z 1005e498 f   ImfTileOffsets.obj
 0001:0005d4b0       __unwindfunclet$??0ZipCompressor@Imf@@QAE@ABVHeader@1@HH@Z$0 1005e4b0 f   ImfZipCompressor.obj
 0001:0005d4b8       __ehhandler$??0ZipCompressor@Imf@@QAE@ABVHeader@1@HH@Z 1005e4b8 f   ImfZipCompressor.obj
 0001:0005d4d0       ??__FcriticalSection@?1??typeMap@?A0xa1908c12@Imf@@YAAAVLockedTypeMap@12@XZ@YAXXZ 1005e4d0 f   ImfAttribute.obj
 0001:0005d4f0       ??__FcriticalSection@?1??staticInitialize@Imf@@YAXXZ@YAXXZ 1005e4f0 f   ImfHeader.obj
